<html>
<body>
<pre>
<h1>µVision Build Log</h1>
<h2>Project:</h2>
E:\PFProject\0.SecureHead\3 sourcecode\HID\FW\GD32APP\MDK\EncryptMagcardApp.uvproj
Project File Date:  12/01/2017

<h2>Output:</h2>
Build target 'EncryptMagcardApp'
linking...
Program Size: Code=25748 RO-data=11548 RW-data=508 ZI-data=7452  
FromELF: creating hex file...
After Build - User command #1: fromelf.exe --bin -o Objects\BinaryOutput\EncryptMagcardApp.bin Objects\EncryptMagcardApp.axf
".\Objects\EncryptMagcardApp.axf" - 0 Error(s), 0 Warning(s).
</pre>
</body>
</html>
\PFProject\\0.SecureHead\\3 sourcecode\\HID\\FW\\GD32APP\\MDK\\Objects\\EncryptMagcardApp.axf" 
Erase Done.
Programming Done.
Verify OK.
Application running ...
