ARM Linker, 5.03 [Build 76] [MDK-ARM Standard]

==============================================================================

Section Cross References

    main.o(i.EXTI_Configuration) refers to stm32f10x_gpio.o(i.GPIO_Init) for GPIO_Init
    main.o(i.EXTI_Configuration) refers to misc.o(i.NVIC_PriorityGroupConfig) for NVIC_PriorityGroupConfig
    main.o(i.EXTI_Configuration) refers to misc.o(i.NVIC_Init) for NVIC_Init
    main.o(i.EXTI_Configuration) refers to stm32f10x_gpio.o(i.GPIO_EXTILineConfig) for GPIO_EXTILineConfig
    main.o(i.EXTI_Configuration) refers to stm32f10x_exti.o(i.EXTI_Init) for EXTI_Init
    main.o(i.IWDG_Configuration) refers to stm32f10x_iwdg.o(i.IWDG_WriteAccessCmd) for IWDG_WriteAccessCmd
    main.o(i.IWDG_Configuration) refers to stm32f10x_iwdg.o(i.IWDG_SetPrescaler) for IWDG_SetPrescaler
    main.o(i.IWDG_Configuration) refers to stm32f10x_iwdg.o(i.IWDG_SetReload) for IWDG_SetReload
    main.o(i.IWDG_Configuration) refers to stm32f10x_iwdg.o(i.IWDG_ReloadCounter) for IWDG_ReloadCounter
    main.o(i.IWDG_Configuration) refers to stm32f10x_iwdg.o(i.IWDG_Enable) for IWDG_Enable
    main.o(i.NVIC_Configuration) refers to misc.o(i.NVIC_SetVectorTable) for NVIC_SetVectorTable
    main.o(i.RCC_Configuration) refers to stm32f10x_rcc.o(i.RCC_DeInit) for RCC_DeInit
    main.o(i.RCC_Configuration) refers to stm32f10x_rcc.o(i.RCC_HSEConfig) for RCC_HSEConfig
    main.o(i.RCC_Configuration) refers to stm32f10x_rcc.o(i.RCC_WaitForHSEStartUp) for RCC_WaitForHSEStartUp
    main.o(i.RCC_Configuration) refers to stm32f10x_rcc.o(i.RCC_HCLKConfig) for RCC_HCLKConfig
    main.o(i.RCC_Configuration) refers to stm32f10x_rcc.o(i.RCC_PCLK2Config) for RCC_PCLK2Config
    main.o(i.RCC_Configuration) refers to stm32f10x_rcc.o(i.RCC_PCLK1Config) for RCC_PCLK1Config
    main.o(i.RCC_Configuration) refers to stm32f10x_flash.o(i.FLASH_SetLatency) for FLASH_SetLatency
    main.o(i.RCC_Configuration) refers to stm32f10x_flash.o(i.FLASH_PrefetchBufferCmd) for FLASH_PrefetchBufferCmd
    main.o(i.RCC_Configuration) refers to stm32f10x_rcc.o(i.RCC_PLLConfig) for RCC_PLLConfig
    main.o(i.RCC_Configuration) refers to stm32f10x_rcc.o(i.RCC_PLLCmd) for RCC_PLLCmd
    main.o(i.RCC_Configuration) refers to stm32f10x_rcc.o(i.RCC_GetFlagStatus) for RCC_GetFlagStatus
    main.o(i.RCC_Configuration) refers to stm32f10x_rcc.o(i.RCC_SYSCLKConfig) for RCC_SYSCLKConfig
    main.o(i.RCC_Configuration) refers to stm32f10x_rcc.o(i.RCC_GetSYSCLKSource) for RCC_GetSYSCLKSource
    main.o(i.RCC_Configuration) refers to stm32f10x_rcc.o(i.RCC_APB2PeriphClockCmd) for RCC_APB2PeriphClockCmd
    main.o(i.RCC_Configuration) refers to hw_config.o(.data) for HSEStartUpStatus
    main.o(i.RTC_Configuration) refers to stm32f10x_pwr.o(i.PWR_BackupAccessCmd) for PWR_BackupAccessCmd
    main.o(i.RTC_Configuration) refers to stm32f10x_bkp.o(i.BKP_DeInit) for BKP_DeInit
    main.o(i.RTC_Configuration) refers to stm32f10x_rcc.o(i.RCC_LSICmd) for RCC_LSICmd
    main.o(i.RTC_Configuration) refers to stm32f10x_rcc.o(i.RCC_GetFlagStatus) for RCC_GetFlagStatus
    main.o(i.RTC_Configuration) refers to stm32f10x_rcc.o(i.RCC_RTCCLKConfig) for RCC_RTCCLKConfig
    main.o(i.RTC_Configuration) refers to stm32f10x_rcc.o(i.RCC_RTCCLKCmd) for RCC_RTCCLKCmd
    main.o(i.RTC_Configuration) refers to stm32f10x_rtc.o(i.RTC_WaitForSynchro) for RTC_WaitForSynchro
    main.o(i.RTC_Configuration) refers to stm32f10x_rtc.o(i.RTC_SetPrescaler) for RTC_SetPrescaler
    main.o(i.RTC_Configuration) refers to stm32f10x_rtc.o(i.RTC_WaitForLastTask) for RTC_WaitForLastTask
    main.o(i.RTC_Configuration) refers to stm32f10x_rtc.o(i.RTC_ITConfig) for RTC_ITConfig
    main.o(i.RTC_Configuration) refers to misc.o(i.NVIC_PriorityGroupConfig) for NVIC_PriorityGroupConfig
    main.o(i.RTC_Configuration) refers to misc.o(i.NVIC_Init) for NVIC_Init
    main.o(i.SYSCLKConfig_STOP) refers to stm32f10x_rcc.o(i.RCC_HSICmd) for RCC_HSICmd
    main.o(i.SYSCLKConfig_STOP) refers to stm32f10x_rcc.o(i.RCC_GetFlagStatus) for RCC_GetFlagStatus
    main.o(i.SYSCLKConfig_STOP) refers to stm32f10x_rcc.o(i.RCC_PLLCmd) for RCC_PLLCmd
    main.o(i.SYSCLKConfig_STOP) refers to stm32f10x_rcc.o(i.RCC_SYSCLKConfig) for RCC_SYSCLKConfig
    main.o(i.SYSCLKConfig_STOP) refers to stm32f10x_rcc.o(i.RCC_GetSYSCLKSource) for RCC_GetSYSCLKSource
    main.o(i.delay_init) refers to main.o(.data) for .data
    main.o(i.delay_ms) refers to main.o(.data) for .data
    main.o(i.delay_us) refers to main.o(.data) for .data
    main.o(i.main) refers to main.o(i.RCC_Configuration) for RCC_Configuration
    main.o(i.main) refers to main.o(i.EXTI_Configuration) for EXTI_Configuration
    main.o(i.main) refers to main.o(i.delay_init) for delay_init
    main.o(i.main) refers to dev_uart.o(i.dev_com_open) for dev_com_open
    main.o(i.main) refers to dev_uart.o(i.uart_puts) for uart_puts
    main.o(i.main) refers to hw_config.o(i.UsbAllInit) for UsbAllInit
[...]
    i.USART_SendData                         0x08009aa8   Section        0  stm32f10x_usart.o(i.USART_SendData)
    i.USB_Cable_Config                       0x08009ab0   Section        0  hw_config.o(i.USB_Cable_Config)
    i.USB_Init                               0x08009af4   Section        0  usb_init.o(i.USB_Init)
    i.USB_Interrupts_Config                  0x08009b1c   Section        0  hw_config.o(i.USB_Interrupts_Config)
    i.USB_Istr                               0x08009b44   Section        0  usb_istr.o(i.USB_Istr)
    i.USB_LP_CAN1_RX0_IRQHandler             0x08009c04   Section        0  hw_config.o(i.USB_LP_CAN1_RX0_IRQHandler)
    i.USB_SIL_Init                           0x08009c08   Section        0  usb_sil.o(i.USB_SIL_Init)
    i.USB_SIL_Read                           0x08009c28   Section        0  usb_sil.o(i.USB_SIL_Read)
    i.USB_SIL_Write                          0x08009c4c   Section        0  usb_sil.o(i.USB_SIL_Write)
    i.UsageFault_Handler                     0x08009c72   Section        0  stm32f10x_it.o(i.UsageFault_Handler)
    i.UsbAllInit                             0x08009c74   Section        0  hw_config.o(i.UsbAllInit)
    i.UsbRecvOne                             0x08009c8c   Section        0  usb_endp.o(i.UsbRecvOne)
    i.UsbRecvReset                           0x08009cc0   Section        0  usb_endp.o(i.UsbRecvReset)
    i.UsbSendBuff                            0x08009cdc   Section        0  usb_endp.o(i.UsbSendBuff)
    i.UserToPMABufferCopy                    0x08009d6c   Section        0  usb_mem.o(i.UserToPMABufferCopy)
    i.WriteBlockFlash                        0x08009d94   Section        0  dev_eprom.o(i.WriteBlockFlash)
    i.WriteENCKEY                            0x08009de8   Section        0  app.o(i.WriteENCKEY)
    i.WriteUpgradeFlag                       0x08009e7c   Section        0  ini.o(i.WriteUpgradeFlag)
    i.__0printf                              0x08009ea4   Section        0  printfa.o(i.__0printf)
    i.__scatterload_copy                     0x08009ec4   Section       14  handlers.o(i.__scatterload_copy)
    i.__scatterload_null                     0x08009ed2   Section        2  handlers.o(i.__scatterload_null)
    i.__scatterload_zeroinit                 0x08009ed4   Section       14  handlers.o(i.__scatterload_zeroinit)
    i._fp_digits                             0x08009ee4   Section        0  printfa.o(i._fp_digits)
    _fp_digits                               0x08009ee5   Thumb Code   326  printfa.o(i._fp_digits)
    i._printf_core                           0x0800a040   Section        0  printfa.o(i._printf_core)
    _printf_core                             0x0800a041   Thumb Code  1762  printfa.o(i._printf_core)
    i._printf_post_padding                   0x0800a730   Section        0  printfa.o(i._printf_post_padding)
    _printf_post_padding                     0x0800a731   Thumb Code    38  printfa.o(i._printf_post_padding)
    i._printf_pre_padding                    0x0800a756   Section        0  printfa.o(i._printf_pre_padding)
    _printf_pre_padding                      0x0800a757   Thumb Code    48  printfa.o(i._printf_pre_padding)
    i.burnStack                              0x0800a786   Section        0  sha1.o(i.burnStack)
    burnStack                                0x0800a787   Thumb Code    30  sha1.o(i.burnStack)
    i.ceil                                   0x0800a7a4   Section        0  ceil.o(i.ceil)
    i.delay_init                             0x0800a880   Section        0  main.o(i.delay_init)
    i.des                                    0x0800a8ac   Section        0  des.o(i.des)
    i.dev_com_open                           0x0800aa98   Section        0  dev_uart.o(i.dev_com_open)
    i.dev_com_write                          0x0800ab4c   Section        0  dev_uart.o(i.dev_com_write)
    i.f_fun                                  0x0800aba0   Section        0  des.o(i.f_fun)
    i.fputc                                  0x0800ac28   Section        0  dev_uart.o(i.fputc)
    i.free                                   0x0800ac4c   Section        0  malloc.o(i.free)
    i.from64tobits                           0x0800ac9c   Section        0  utilities.o(i.from64tobits)
    i.init_serial_boot                       0x0800ad88   Section        0  app.o(i.init_serial_boot)
    i.main                                   0x0800ad98   Section        0  main.o(i.main)
    i.malloc                                 0x0800ae78   Section        0  malloc.o(i.malloc)
    i.send_frame                             0x0800aee4   Section        0  app.o(i.send_frame)
    i.to64frombits                           0x0800b280   Section        0  utilities.o(i.to64frombits)
    i.tri_des                                0x0800b310   Section        0  des.o(i.tri_des)
    i.uart_puts                              0x0800b33c   Section        0  dev_uart.o(i.uart_puts)
    i.xor                                    0x0800b354   Section        0  des.o(i.xor)
    .constdata                               0x0800b36c   Section    10280  aes.o(.constdata)
    Te0                                      0x0800b36c   Data        1024  aes.o(.constdata)
    Te1                                      0x0800b76c   Data        1024  aes.o(.constdata)
    Te2                                      0x0800bb6c   Data        1024  aes.o(.constdata)
    Te3                                      0x0800bf6c   Data        1024  aes.o(.constdata)
    Te4                                      0x0800c36c   Data        1024  aes.o(.constdata)
    Td0                                      0x0800c76c   Data        1024  aes.o(.constdata)
    Td1                                      0x0800cb6c   Data        1024  aes.o(.constdata)
    Td2                                      0x0800cf6c   Data        1024  aes.o(.constdata)
    Td3                                      0x0800d36c   Data        1024  aes.o(.constdata)
    Td4                                      0x0800d76c   Data        1024  aes.o(.constdata)
    rcon                                     0x0800db6c   Data          40  aes.o(.constdata)
    .constdata                               0x0800db94   Section       45  app.o(.constdata)
    .constdata                               0x0800dbc1   Section      512  des.o(.constdata)
    Sfun_Tab                                 0x0800dbc1   Data         512  des.o(.constdata)
    .constdata                               0x0800ddc1   Section       64  sha1.o(.constdata)
    padding                                  0x0800ddc1   Data          64  sha1.o(.constdata)
    .constdata                               0x0800de01   Section       18  usb_desc.o(.constdata)
    .constdata                               0x0800de13   Section       41  usb_desc.o(.constdata)
    .constdata                               0x0800de3c   Section       49  usb_desc.o(.constdata)
    .constdata                               0x0800de6d   Section        4  usb_desc.o(.constdata)
    .constdata                               0x0800de71   Section       38  usb_desc.o(.constdata)
    .constdata                               0x0800de97   Section       32  usb_desc.o(.constdata)
    .constdata                               0x0800deb7   Section       16  magdecode.o(.constdata)
    PARITY_TAB                               0x0800deb7   Data          16  magdecode.o(.constdata)
    .data                                    0x20000000   Section        4  main.o(.data)
    fac_us                                   0x20000000   Data           1  main.o(.data)
    fac_ms                                   0x20000002   Data           2  main.o(.data)
    .data                                    0x20000004   Section       19  app.o(.data)
    .data                                    0x20000017   Section        1  app.o(.data)
    .data                                    0x20000018   Section        3  dukpt.o(.data)
    .data                                    0x2000001b   Section      193  utilities.o(.data)
    base64digits                             0x2000001b   Data          65  utilities.o(.data)
    base64val                                0x2000005c   Data         128  utilities.o(.data)
    .data                                    0x200000dc   Section        4  dev_uart.o(.data)
    .data                                    0x200000e0   Section       20  stm32f10x_it.o(.data)
    .data                                    0x200000f4   Section       20  stm32f10x_rcc.o(.data)
    ADCPrescTable                            0x200000f4   Data           4  stm32f10x_rcc.o(.data)
    APBAHBPrescTable                         0x200000f8   Data          16  stm32f10x_rcc.o(.data)
    .data                                    0x20000108   Section        1  hw_config.o(.data)
    .data                                    0x20000109   Section       26  usb_desc.o(.data)
    .data                                    0x20000124   Section       12  usb_endp.o(.data)
    .data                                    0x20000130   Section        4  usb_istr.o(.data)
    .data                                    0x20000134   Section       28  usb_istr.o(.data)
    .data                                    0x20000150   Section       28  usb_istr.o(.data)
    .data                                    0x2000016c   Section        2  usb_prop.o(.data)
    .data                                    0x20000170   Section      116  usb_prop.o(.data)
    .data                                    0x200001e4   Section       36  usb_prop.o(.data)
    .data                                    0x20000208   Section        4  usb_pwr.o(.data)
    .data                                    0x2000020c   Section        1  usb_pwr.o(.data)
    .data                                    0x2000020d   Section        2  usb_pwr.o(.data)
    .data                                    0x20000210   Section        4  usb_core.o(.data)
    .data                                    0x20000214   Section        1  usb_init.o(.data)
    .data                                    0x20000218   Section       12  usb_init.o(.data)
    .data                                    0x20000224   Section        2  usb_init.o(.data)
    .data                                    0x20000226   Section        4  usb_int.o(.data)
    .data                                    0x2000022a   Section        1  magdecode.o(.data)
    .data                                    0x2000022c   Section        4  rand.o(.data)
    _rand_state                              0x2000022c   Data           4  rand.o(.data)
    .data                                    0x20000230   Section        4  stdout.o(.data)
    .data                                    0x20000234   Section        4  mvars.o(.data)
    .data                                    0x20000238   Section        4  mvars.o(.data)
    .bss                                     0x2000023c   Section      260  app.o(.bss)
    .bss                                     0x20000340   Section      400  dev_msread.o(.bss)
    .bss                                     0x200004d0   Section     1666  usb_endp.o(.bss)
    .bss                                     0x20000b54   Section       28  usb_init.o(.bss)
    .bss                                     0x20000b70   Section     6723  magdecode.o(.bss)
    HEAP                                     0x200025b8   Section       32  startup_stm32f10x_md.o(HEAP)
    STACK                                    0x200025d8   Section     1024  startup_stm32f10x_md.o(STACK)

    Global Symbols

    Symbol Name                              Value     Ov Type        Size  Object(Section)

    BuildAttributes$$THM_ISAv4$P$D$K$B$S$PE$A:L22UL41UL21$X:L11$S22US41US21$IEEE1$IW$USESV6$~STKCKD$USESV7$~SHL$OTIME$ROPI$IEEEJ$EBA8$MICROLIB$REQ8$PRES8$EABIv2 0x00000000   Number         0  anon$$obj.o ABSOLUTE
    __ARM_use_no_argv                        0x00000000   Number         0  main.o ABSOLUTE
    _printf_a                                0x00000000   Number         0  stubs.o ABSOLUTE
    _printf_c                                0x00000000   Number         0  stubs.o ABSOLUTE
    _printf_charcount                        0x00000000   Number         0  stubs.o ABSOLUTE
    _printf_d                                0x00000000   Number         0  stubs.o ABSOLUTE
    _printf_e                                0x00000000   Number         0  stubs.o ABSOLUTE
    _printf_f                                0x00000000   Number         0  stubs.o ABSOLUTE
    _printf_flags                            0x00000000   Number         0  stubs.o ABSOLUTE
    _printf_fp_dec                           0x00000000   Number         0  stubs.o ABSOLUTE
    _printf_fp_hex                           0x00000000   Number         0  stubs.o ABSOLUTE
    _printf_g                                0x00000000   Number         0  stubs.o ABSOLUTE
    _printf_i                                0x00000000   Number         0  stubs.o ABSOLUTE
    _printf_int_dec                          0x00000000   Number         0  stubs.o ABSOLUTE
    _printf_l                                0x00000000   Number         0  stubs.o ABSOLUTE
    _printf_lc                               0x00000000   Number         0  stubs.o ABSOLUTE
    _printf_ll                               0x00000000   Number         0  stubs.o ABSOLUTE
    _printf_lld                              0x00000000   Number         0  stubs.o ABSOLUTE
    _printf_lli                              0x00000000   Number         0  stubs.o ABSOLUTE
    _printf_llo                              0x00000000   Number         0  stubs.o ABSOLUTE
    _printf_llu                              0x00000000   Number         0  stubs.o ABSOLUTE
    _printf_llx                              0x00000000   Number         0  stubs.o ABSOLUTE
    _printf_longlong_dec                     0x00000000   Number         0  stubs.o ABSOLUTE
    _printf_longlong_hex                     0x00000000   Number         0  stubs.o ABSOLUTE
    _printf_longlong_oct                     0x00000000   Number         0  stubs.o ABSOLUTE
    _printf_ls                               0x00000000   Number         0  stubs.o ABSOLUTE
    _printf_mbtowc                           0x00000000   Number         0  stubs.o ABSOLUTE
    _printf_n                                0x00000000   Number         0  stubs.o ABSOLUTE
    _printf_o                                0x00000000   Number         0  stubs.o ABSOLUTE
    _printf_p                                0x00000000   Number         0  stubs.o ABSOLUTE
    _printf_percent                          0x00000000   Number         0  stubs.o ABSOLUTE
    _printf_pre_padding                      0x00000000   Number         0  stubs.o ABSOLUTE
    _printf_return_value                     0x00000000   Number         0  stubs.o ABSOLUTE
    _printf_s                                0x00000000   Number         0  stubs.o ABSOLUTE
    _printf_sizespec                         0x00000000   Number         0  stubs.o ABSOLUTE
    _printf_str                              0x00000000   Number         0  stubs.o ABSOLUTE
    _printf_truncate_signed                  0x00000000   Number         0  stubs.o ABSOLUTE
    _printf_truncate_unsigned                0x00000000   Number         0  stubs.o ABSOLUTE
    _printf_u                                0x00000000   Number         0  stubs.o ABSOLUTE
    _printf_wc                               0x00000000   Number         0  stubs.o ABSOLUTE
    _printf_wctomb                           0x00000000   Number         0  stubs.o ABSOLUTE
    _printf_widthprec                        0x00000000   Number         0  stubs.o ABSOLUTE
    _printf_x                                0x00000000   Number         0  stubs.o ABSOLUTE
    __cpp_initialize__aeabi_                  - Undefined Weak Reference
    __cxa_finalize                            - Undefined Weak Reference
    _clock_init                               - Undefined Weak Reference
    _microlib_exit                            - Undefined Weak Reference
    __Vectors_Size                           0x000000ec   Number         0  startup_stm32f10x_md.o ABSOLUTE
    __Vectors                                0x08003400   Data           4  startup_stm32f10x_md.o(RESET)
    __Vectors_End                            0x080034ec   Data           0  startup_stm32f10x_md.o(RESET)
    __main                                   0x080034ed   Thumb Code     0  entry.o(.ARM.Collect$$$$00000000)
    _main_stk                                0x080034ed   Thumb Code     0  entry2.o(.ARM.Collect$$$$00000001)
    _main_scatterload                        0x080034f1   Thumb Code     0  entry5.o(.ARM.Collect$$$$00000004)
    __main_after_scatterload                 0x080034f5   Thumb Code     0  entry5.o(.ARM.Collect$$$$00000004)
    _main_clock                              0x080034f5   Thumb Code     0  entry7b.o(.ARM.Collect$$$$00000008)
    _main_cpp_init                           0x080034f5   Thumb Code     0  entry8b.o(.ARM.Collect$$$$0000000A)
    _main_init                               0x080034f5   Thumb Code     0  entry9a.o(.ARM.Collect$$$$0000000B)
    __rt_final_cpp                           0x080034fd   Thumb Code     0  entry10a.o(.ARM.Collect$$$$0000000D)
    __rt_final_exit                          0x080034fd   Thumb Code     0  entry11a.o(.ARM.Collect$$$$0000000F)
    Reset_Handler                            0x08003501   Thumb Code     8  startup_stm32f10x_md.o(.text)
    ADC1_2_IRQHandler                        0x0800351b   Thumb Code     0  startup_stm32f10x_md.o(.text)
    CAN1_RX1_IRQHandler                      0x0800351b   Thumb Code     0  startup_stm32f10x_md.o(.text)
    CAN1_SCE_IRQHandler                      0x0800351b   Thumb Code     0  startup_stm32f10x_md.o(.text)
    DMA1_Channel1_IRQHandler                 0x0800351b   Thumb Code     0  startup_stm32f10x_md.o(.text)
    DMA1_Channel2_IRQHandler                 0x0800351b   Thumb Code     0  startup_stm32f10x_md.o(.text)
    DMA1_Channel3_IRQHandler                 0x0800351b   Thumb Code     0  startup_stm32f10x_md.o(.text)
    DMA1_Channel4_IRQHandler                 0x0800351b   Thumb Code     0  startup_stm32f10x_md.o(.text)
    DMA1_Channel5_IRQHandler                 0x0800351b   Thumb Code     0  startup_stm32f10x_md.o(.text)
    DMA1_Channel6_IRQHandler                 0x0800351b   Thumb Code     0  startup_stm32f10x_md.o(.text)
    DMA1_Channel7_IRQHandler                 0x0800351b   Thumb Code     0  startup_stm32f10x_md.o(.text)
    EXTI15_10_IRQHandler                     0x0800351b   Thumb Code     0  startup_stm32f10x_md.o(.text)
    EXTI3_IRQHandler                         0x0800351b   Thumb Code     0  startup_stm32f10x_md.o(.text)
    EXTI4_IRQHandler                         0x0800351b   Thumb Code     0  startup_stm32f10x_md.o(.text)
    FLASH_IRQHandler                         0x0800351b   Thumb Code     0  startup_stm32f10x_md.o(.text)
    I2C1_ER_IRQHandler                       0x0800351b   Thumb Code     0  startup_stm32f10x_md.o(.text)
    I2C1_EV_IRQHandler                       0x0800351b   Thumb Code     0  startup_stm32f10x_md.o(.text)
    I2C2_ER_IRQHandler                       0x0800351b   Thumb Code     0  startup_stm32f10x_md.o(.text)
    I2C2_EV_IRQHandler                       0x0800351b   Thumb Code     0  startup_stm32f10x_md.o(.text)
    PVD_IRQHandler                           0x0800351b   Thumb Code     0  startup_stm32f10x_md.o(.text)
    RCC_IRQHandler                           0x0800351b   Thumb Code     0  startup_stm32f10x_md.o(.text)
    RTC_IRQHandler                           0x0800351b   Thumb Code     0  startup_stm32f10x_md.o(.text)
    SPI1_IRQHandler                          0x0800351b   Thumb Code     0  startup_stm32f10x_md.o(.text)
    SPI2_IRQHandler                          0x0800351b   Thumb Code     0  startup_stm32f10x_md.o(.text)
    TAMPER_IRQHandler                        0x0800351b   Thumb Code     0  startup_stm32f10x_md.o(.text)
    TIM1_BRK_IRQHandler                      0x0800351b   Thumb Code     0  startup_stm32f10x_md.o(.text)
    TIM1_CC_IRQHandler                       0x0800351b   Thumb Code     0  startup_stm32f10x_md.o(.text)
    TIM1_TRG_COM_IRQHandler                  0x0800351b   Thumb Code     0  startup_stm32f10x_md.o(.text)
    TIM1_UP_IRQHandler                       0x0800351b   Thumb Code     0  startup_stm32f10x_md.o(.text)
    TIM2_IRQHandler                          0x0800351b   Thumb Code     0  startup_stm32f10x_md.o(.text)
    TIM4_IRQHandler                          0x0800351b   Thumb Code     0  startup_stm32f10x_md.o(.text)
    USART2_IRQHandler                        0x0800351b   Thumb Code     0  startup_stm32f10x_md.o(.text)
    USART3_IRQHandler                        0x0800351b   Thumb Code     0  startup_stm32f10x_md.o(.text)
    USBWakeUp_IRQHandler                     0x0800351b   Thumb Code     0  startup_stm32f10x_md.o(.text)
    USB_HP_CAN1_TX_IRQHandler                0x0800351b   Thumb Code     0  startup_stm32f10x_md.o(.text)
    WWDG_IRQHandler                          0x0800351b   Thumb Code     0  startup_stm32f10x_md.o(.text)
    DecodeTimeToBit                          0x080036a5   Thumb Code  1092  magdecode.o(.text)
    DecodeTrackData                          0x08003ae9   Thumb Code  2688  magdecode.o(.text)
    InitMagDecode                            0x08004569   Thumb Code    68  magdecode.o(.text)
    MagDecodeTrack                           0x080045ad   Thumb Code   104  magdecode.o(.text)
    MSR_Check_Sync_Pattern                   0x08004615   Thumb Code     8  magdecode.o(.text)
    FlushBuffer_Init                         0x0800461d   Thumb Code    12  magdecode.o(.text)
    SetF2FInputBuffer                        0x08004629   Thumb Code    96  magdecode.o(.text)
    MSR_F2F_Decoder                          0x08004689   Thumb Code     2  magdecode.o(.text)
    MSR_Character_Decoder                    0x0800468b   Thumb Code    52  magdecode.o(.text)
    GetMSR_CardDataForUART                   0x080046bf   Thumb Code   156  magdecode.o(.text)
    MSR_WaitForReady                         0x0800475b   Thumb Code     8  magdecode.o(.text)
    MSR_GetCharacterDataOn                   0x08004763   Thumb Code   368  magdecode.o(.text)
    rand                                     0x08004911   Thumb Code    20  rand.o(.text)
    srand                                    0x08004925   Thumb Code     6  rand.o(.text)
    __aeabi_memcpy                           0x08004935   Thumb Code    36  memcpya.o(.text)
    __aeabi_memcpy4                          0x08004935   Thumb Code     0  memcpya.o(.text)
    __aeabi_memcpy8                          0x08004935   Thumb Code     0  memcpya.o(.text)
    __aeabi_memset                           0x08004959   Thumb Code    14  memseta.o(.text)
    __aeabi_memset4                          0x08004959   Thumb Code     0  memseta.o(.text)
    __aeabi_memset8                          0x08004959   Thumb Code     0  memseta.o(.text)
    __aeabi_memclr                           0x08004967   Thumb Code     4  memseta.o(.text)
    __aeabi_memclr4                          0x08004967   Thumb Code     0  memseta.o(.text)
    __aeabi_memclr8                          0x08004967   Thumb Code     0  memseta.o(.text)
    _memset$wrapper                          0x0800496b   Thumb Code    18  memseta.o(.text)
    strlen                                   0x0800497d   Thumb Code    14  strlen.o(.text)
    memcmp                                   0x0800498b   Thumb Code    26  memcmp.o(.text)
    __ARM_scalbn                             0x080049a5   Thumb Code    46  dscalb.o(.text)
    scalbn                                   0x080049a5   Thumb Code     0  dscalb.o(.text)
    __aeabi_i2d                              0x080049d3   Thumb Code    34  dflti.o(.text)
    __aeabi_d2uiz                            0x080049f5   Thumb Code    50  dfixui.o(.text)
    __aeabi_uidiv                            0x08004a27   Thumb Code     0  uidiv.o(.text)
    __aeabi_uidivmod                         0x08004a27   Thumb Code    44  uidiv.o(.text)
    __aeabi_uldivmod                         0x08004a53   Thumb Code    98  uldiv.o(.text)
    __aeabi_llsr                             0x08004ab5   Thumb Code    32  llushr.o(.text)
    _ll_ushift_r                             0x08004ab5   Thumb Code     0  llushr.o(.text)
    __I$use$fp                               0x08004ad5   Thumb Code     0  iusefp.o(.text)
    _double_round                            0x08004ad5   Thumb Code    26  depilogue.o(.text)
    _double_epilogue                         0x08004aef   Thumb Code   164  depilogue.o(.text)
    __aeabi_dadd                             0x08004b93   Thumb Code   322  dadd.o(.text)
    __aeabi_dsub                             0x08004cd5   Thumb Code     6  dadd.o(.text)
    __aeabi_drsub                            0x08004cdb   Thumb Code     6  dadd.o(.text)
    __aeabi_dmul                             0x08004ce1   Thumb Code   228  dmul.o(.text)
    __aeabi_ddiv                             0x08004dc5   Thumb Code   222  ddiv.o(.text)
    __aeabi_d2ulz                            0x08004ea3   Thumb Code    48  dfixul.o(.text)
    __aeabi_cdrcmple                         0x08004ed5   Thumb Code    38  cdrcmple.o(.text)
    __scatterload                            0x08004efd   Thumb Code    28  init.o(.text)
    __scatterload_rt2                        0x08004efd   Thumb Code     0  init.o(.text)
    __aeabi_llsl                             0x08004f21   Thumb Code    30  llshl.o(.text)
    _ll_shift_l                              0x08004f21   Thumb Code     0  llshl.o(.text)
    __aeabi_lasr                             0x08004f3f   Thumb Code    36  llsshr.o(.text)
    _ll_sshift_r                             0x08004f3f   Thumb Code     0  llsshr.o(.text)
    __decompress                             0x08004f63   Thumb Code     0  __dczerorl2.o(.text)
    __decompress1                            0x08004f63   Thumb Code    92  __dczerorl2.o(.text)
    AES_cbc_encrypt                          0x08004fbf   Thumb Code   242  aes.o(i.AES_cbc_encrypt)
    AES_decrypt                              0x080050b1   Thumb Code   884  aes.o(i.AES_decrypt)
    AES_encrypt                              0x08005431   Thumb Code   884  aes.o(i.AES_encrypt)
    AES_set_encrypt_key                      0x080057b1   Thumb Code   648  aes.o(i.AES_set_encrypt_key)
    AsciiToHex                               0x08005a3d   Thumb Code   102  app.o(i.AsciiToHex)
    BusFault_Handler                         0x08005aa3   Thumb Code     2  stm32f10x_it.o(i.BusFault_Handler)
    ByteSwap                                 0x08005aa5   Thumb Code    10  usb_regs.o(i.ByteSwap)
    CTR_LP                                   0x08005ab1   Thumb Code   306  usb_int.o(i.CTR_LP)
    CalcCryptoKey                            0x08005bfd   Thumb Code    84  app.o(i.CalcCryptoKey)
    CalcSum                                  0x08005c59   Thumb Code    22  usb_endp.o(i.CalcSum)
    ClearDTOG_RX                             0x08005c71   Thumb Code    30  usb_regs.o(i.ClearDTOG_RX)
    ClearDTOG_TX                             0x08005c95   Thumb Code    30  usb_regs.o(i.ClearDTOG_TX)
    Clear_Status_Out                         0x08005cb9   Thumb Code    24  usb_regs.o(i.Clear_Status_Out)
    CustomHID_Data_Setup                     0x08005cd5   Thumb Code    74  usb_prop.o(i.CustomHID_Data_Setup)
    CustomHID_GetConfigDescriptor            0x08005d31   Thumb Code     6  usb_prop.o(i.CustomHID_GetConfigDescriptor)
    CustomHID_GetDeviceDescriptor            0x08005d3d   Thumb Code     6  usb_prop.o(i.CustomHID_GetDeviceDescriptor)
    CustomHID_GetHIDDescriptor               0x08005d49   Thumb Code     6  usb_prop.o(i.CustomHID_GetHIDDescriptor)
    CustomHID_GetProtocolValue               0x08005d55   Thumb Code    18  usb_prop.o(i.CustomHID_GetProtocolValue)
    CustomHID_GetReportDescriptor            0x08005d71   Thumb Code     6  usb_prop.o(i.CustomHID_GetReportDescriptor)
    CustomHID_GetStringDescriptor            0x08005d7d   Thumb Code    24  usb_prop.o(i.CustomHID_GetStringDescriptor)
    CustomHID_Get_Interface_Setting          0x08005d9d   Thumb Code    10  usb_prop.o(i.CustomHID_Get_Interface_Setting)
    CustomHID_NoData_Setup                   0x08005da9   Thumb Code    26  usb_prop.o(i.CustomHID_NoData_Setup)
    CustomHID_Reset                          0x08005dc9   Thumb Code   160  usb_prop.o(i.CustomHID_Reset)
    CustomHID_SetConfiguration               0x08005e79   Thumb Code    18  usb_prop.o(i.CustomHID_SetConfiguration)
    CustomHID_SetDeviceAddress               0x08005e95   Thumb Code     8  usb_prop.o(i.CustomHID_SetDeviceAddress)
    CustomHID_SetProtocol                    0x08005ea1   Thumb Code    14  usb_prop.o(i.CustomHID_SetProtocol)
    CustomHID_Status_In                      0x08005eb9   Thumb Code     2  usb_prop.o(i.CustomHID_Status_In)
    CustomHID_Status_Out                     0x08005ebb   Thumb Code     2  usb_prop.o(i.CustomHID_Status_Out)
    CustomHID_init                           0x08005ebd   Thumb Code    28  usb_prop.o(i.CustomHID_init)
    DealRxData                               0x080061d1   Thumb Code   784  app.o(i.DealRxData)
    DealSerialParse                          0x080064f1   Thumb Code   160  app.o(i.DealSerialParse)
    DebugMon_Handler                         0x08006599   Thumb Code     2  stm32f10x_it.o(i.DebugMon_Handler)
    DoFirstChange                            0x0800659b   Thumb Code    88  des.o(i.DoFirstChange)
    DoKey                                    0x080065f3   Thumb Code   112  des.o(i.DoKey)
    DoLeft                                   0x08006663   Thumb Code    58  des.o(i.DoLeft)
    DoRight                                  0x0800669d   Thumb Code    72  des.o(i.DoRight)
    EP1_IN_Callback                          0x080066e5   Thumb Code     8  usb_endp.o(i.EP1_IN_Callback)
    EP1_OUT_Callback                         0x080066f1   Thumb Code   238  usb_endp.o(i.EP1_OUT_Callback)
    EXTI0_IRQHandler                         0x080067ed   Thumb Code   100  stm32f10x_it.o(i.EXTI0_IRQHandler)
    EXTI1_IRQHandler                         0x08006859   Thumb Code   104  stm32f10x_it.o(i.EXTI1_IRQHandler)
    EXTI2_IRQHandler                         0x080068c9   Thumb Code    56  stm32f10x_it.o(i.EXTI2_IRQHandler)
    EXTI9_5_IRQHandler                       0x08006909   Thumb Code   102  stm32f10x_it.o(i.EXTI9_5_IRQHandler)
    EXTI_ClearITPendingBit                   0x08006979   Thumb Code     6  stm32f10x_exti.o(i.EXTI_ClearITPendingBit)
    EXTI_Configuration                       0x08006985   Thumb Code   352  main.o(i.EXTI_Configuration)
    EXTI_GetITStatus                         0x08006aed   Thumb Code    28  stm32f10x_exti.o(i.EXTI_GetITStatus)
    EXTI_Init                                0x08006b0d   Thumb Code   108  stm32f10x_exti.o(i.EXTI_Init)
    E_expand                                 0x08006b7d   Thumb Code   148  des.o(i.E_expand)
    EarseBlockFlash                          0x08006c11   Thumb Code    52  dev_eprom.o(i.EarseBlockFlash)
    Enter_LowPowerMode                       0x08006c45   Thumb Code     8  hw_config.o(i.Enter_LowPowerMode)
    FLASH_ErasePage                          0x08006c51   Thumb Code    56  stm32f10x_flash.o(i.FLASH_ErasePage)
    FLASH_GetBank1Status                     0x08006c8d   Thumb Code    34  stm32f10x_flash.o(i.FLASH_GetBank1Status)
    FLASH_Lock                               0x08006cb5   Thumb Code    12  stm32f10x_flash.o(i.FLASH_Lock)
    FLASH_PrefetchBufferCmd                  0x08006cc5   Thumb Code    18  stm32f10x_flash.o(i.FLASH_PrefetchBufferCmd)
    FLASH_ProgramWord                        0x08006cdd   Thumb Code    76  stm32f10x_flash.o(i.FLASH_ProgramWord)
    FLASH_SetLatency                         0x08006d2d   Thumb Code    14  stm32f10x_flash.o(i.FLASH_SetLatency)
    FLASH_Unlock                             0x08006d41   Thumb Code    12  stm32f10x_flash.o(i.FLASH_Unlock)
    FLASH_WaitForLastOperation               0x08006d59   Thumb Code    34  stm32f10x_flash.o(i.FLASH_WaitForLastOperation)
    Find_S                                   0x08006d7d   Thumb Code   144  des.o(i.Find_S)
    GPIO_EXTILineConfig                      0x08006e11   Thumb Code    34  stm32f10x_gpio.o(i.GPIO_EXTILineConfig)
    GPIO_Init                                0x08006e39   Thumb Code   152  stm32f10x_gpio.o(i.GPIO_Init)
    GPIO_ReadInputDataBit                    0x08006ed1   Thumb Code    14  stm32f10x_gpio.o(i.GPIO_ReadInputDataBit)
    GPIO_ResetBits                           0x08006edf   Thumb Code     4  stm32f10x_gpio.o(i.GPIO_ResetBits)
    GPIO_SetBits                             0x08006ee3   Thumb Code     4  stm32f10x_gpio.o(i.GPIO_SetBits)
    GetEPRxAddr                              0x08006ee9   Thumb Code    22  usb_regs.o(i.GetEPRxAddr)
    GetEPRxCount                             0x08006f09   Thumb Code    24  usb_regs.o(i.GetEPRxCount)
    GetEPTxAddr                              0x08006f29   Thumb Code    20  usb_regs.o(i.GetEPTxAddr)
    GetKeyCkeckValue                         0x08006f45   Thumb Code   160  utilities.o(i.GetKeyCkeckValue)
    GetNextKSN                               0x08006fe5   Thumb Code   104  app.o(i.GetNextKSN)
    Get_SerialNum                            0x08007055   Thumb Code    44  hw_config.o(i.Get_SerialNum)
    HardFault_Handler                        0x08007089   Thumb Code     2  stm32f10x_it.o(i.HardFault_Handler)
    HexToAscii                               0x0800708b   Thumb Code    62  app.o(i.HexToAscii)
    IDT_CalcLRC                              0x080070c9   Thumb Code    32  dukpt.o(i.IDT_CalcLRC)
    IDT_ChangeCounter                        0x080070ed   Thumb Code    48  dukpt.o(i.IDT_ChangeCounter)
    IDT_EncryptPIN                           0x0800711d   Thumb Code   316  dukpt.o(i.IDT_EncryptPIN)
    IDT_GenNewKeys                           0x08007265   Thumb Code   118  dukpt.o(i.IDT_GenNewKeys)
    IDT_GetNumOfOnes                         0x080072e5   Thumb Code    26  dukpt.o(i.IDT_GetNumOfOnes)
    IDT_GetSetBitPos                         0x080072ff   Thumb Code    24  dukpt.o(i.IDT_GetSetBitPos)
    IDT_InitCryptoReg                        0x08007317   Thumb Code    62  dukpt.o(i.IDT_InitCryptoReg)
    IDT_LoadInitKey                          0x08007355   Thumb Code   140  dukpt.o(i.IDT_LoadInitKey)
    IDT_NonReversibleKeyGen                  0x080073ed   Thumb Code   114  dukpt.o(i.IDT_NonReversibleKeyGen)
    IDT_PropogateKeys                        0x08007471   Thumb Code   178  dukpt.o(i.IDT_PropogateKeys)
    IDT_SetBit                               0x08007531   Thumb Code    12  dukpt.o(i.IDT_SetBit)
    IDT_UpdateKSN                            0x0800753d   Thumb Code    22  dukpt.o(i.IDT_UpdateKSN)
    In0_Process                              0x08007555   Thumb Code    80  usb_core.o(i.In0_Process)
    Leave_LowPowerMode                       0x080075e9   Thumb Code    18  hw_config.o(i.Leave_LowPowerMode)
    MSR_SendData                             0x08007605   Thumb Code  1384  dev_msread.o(i.MSR_SendData)
    MemManage_Handler                        0x08007b85   Thumb Code     2  stm32f10x_it.o(i.MemManage_Handler)
    NMI_Handler                              0x08007b87   Thumb Code     2  stm32f10x_it.o(i.NMI_Handler)
    NOP_Process                              0x08007b89   Thumb Code     2  usb_core.o(i.NOP_Process)
    NVIC_Init                                0x08007b8d   Thumb Code    90  misc.o(i.NVIC_Init)
    NVIC_PriorityGroupConfig                 0x08007bf1   Thumb Code    10  misc.o(i.NVIC_PriorityGroupConfig)
    Out0_Process                             0x08007cd9   Thumb Code    62  usb_core.o(i.Out0_Process)
    PMAToUserBufferCopy                      0x08007d21   Thumb Code    26  usb_mem.o(i.PMAToUserBufferCopy)
    PWR_ClearFlag                            0x08007d41   Thumb Code    12  stm32f10x_pwr.o(i.PWR_ClearFlag)
    PWR_GetFlagStatus                        0x08007d51   Thumb Code    16  stm32f10x_pwr.o(i.PWR_GetFlagStatus)
    P_chang                                  0x08007d65   Thumb Code   274  des.o(i.P_chang)
    PendSV_Handler                           0x08007e77   Thumb Code     2  stm32f10x_it.o(i.PendSV_Handler)
    Post0_Process                            0x08007e79   Thumb Code    52  usb_core.o(i.Post0_Process)
    PowerOn                                  0x08007ebd   Thumb Code    36  usb_pwr.o(i.PowerOn)
    RCC_APB1PeriphClockCmd                   0x08007ee9   Thumb Code    18  stm32f10x_rcc.o(i.RCC_APB1PeriphClockCmd)
    RCC_APB1PeriphResetCmd                   0x08007f01   Thumb Code    18  stm32f10x_rcc.o(i.RCC_APB1PeriphResetCmd)
    RCC_APB2PeriphClockCmd                   0x08007f19   Thumb Code    18  stm32f10x_rcc.o(i.RCC_APB2PeriphClockCmd)
    RCC_APB2PeriphResetCmd                   0x08007f31   Thumb Code    18  stm32f10x_rcc.o(i.RCC_APB2PeriphResetCmd)
    RCC_Configuration                        0x08007f49   Thumb Code   110  main.o(i.RCC_Configuration)
    RCC_DeInit                               0x08007fbd   Thumb Code    50  stm32f10x_rcc.o(i.RCC_DeInit)
    RCC_GetClocksFreq                        0x08007ffd   Thumb Code   132  stm32f10x_rcc.o(i.RCC_GetClocksFreq)
    RCC_GetFlagStatus                        0x08008091   Thumb Code    42  stm32f10x_rcc.o(i.RCC_GetFlagStatus)
    RCC_GetSYSCLKSource                      0x080080c1   Thumb Code    10  stm32f10x_rcc.o(i.RCC_GetSYSCLKSource)
    RCC_HCLKConfig                           0x080080d1   Thumb Code    14  stm32f10x_rcc.o(i.RCC_HCLKConfig)
    RCC_HSEConfig                            0x080080e5   Thumb Code    48  stm32f10x_rcc.o(i.RCC_HSEConfig)
    RCC_PCLK1Config                          0x08008119   Thumb Code    14  stm32f10x_rcc.o(i.RCC_PCLK1Config)
    RCC_PCLK2Config                          0x0800812d   Thumb Code    16  stm32f10x_rcc.o(i.RCC_PCLK2Config)
    RCC_PLLCmd                               0x08008141   Thumb Code     6  stm32f10x_rcc.o(i.RCC_PLLCmd)
    RCC_PLLConfig                            0x0800814d   Thumb Code    16  stm32f10x_rcc.o(i.RCC_PLLConfig)
    RCC_SYSCLKConfig                         0x08008161   Thumb Code    14  stm32f10x_rcc.o(i.RCC_SYSCLKConfig)
    RCC_USBCLKConfig                         0x08008175   Thumb Code     6  stm32f10x_rcc.o(i.RCC_USBCLKConfig)
    RCC_WaitForHSEStartUp                    0x08008181   Thumb Code    44  stm32f10x_rcc.o(i.RCC_WaitForHSEStartUp)
    RTCAlarm_IRQHandler                      0x080081ad   Thumb Code    54  stm32f10x_it.o(i.RTCAlarm_IRQHandler)
    RTC_ClearITPendingBit                    0x080081e5   Thumb Code    10  stm32f10x_rtc.o(i.RTC_ClearITPendingBit)
    RTC_GetITStatus                          0x080081f5   Thumb Code    28  stm32f10x_rtc.o(i.RTC_GetITStatus)
    RTC_WaitForLastTask                      0x08008215   Thumb Code    10  stm32f10x_rtc.o(i.RTC_WaitForLastTask)
    Random                                   0x08008225   Thumb Code    32  app.o(i.Random)
    ReadBlockFlash                           0x08008249   Thumb Code    22  dev_eprom.o(i.ReadBlockFlash)
    ReadENCKEY                               0x08008261   Thumb Code   112  app.o(i.ReadENCKEY)
    Resume                                   0x080082dd   Thumb Code   116  usb_pwr.o(i.Resume)
    Resume_Init                              0x08008359   Thumb Code    26  usb_pwr.o(i.Resume_Init)
    SHA1Final                                0x08008379   Thumb Code   116  sha1.o(i.SHA1Final)
    SHA1Init                                 0x08008d91   Thumb Code    36  sha1.o(i.SHA1Init)
    SHA1Update                               0x08008dc1   Thumb Code   116  sha1.o(i.SHA1Update)
    SVC_Handler                              0x08008e35   Thumb Code     2  stm32f10x_it.o(i.SVC_Handler)
    SetBTABLE                                0x08008e39   Thumb Code    10  usb_regs.o(i.SetBTABLE)
    SetDeviceAddress                         0x08008e49   Thumb Code    56  usb_core.o(i.SetDeviceAddress)
    SetEPRxAddr                              0x08008e89   Thumb Code    24  usb_regs.o(i.SetEPRxAddr)
    SetEPRxCount                             0x08008ea9   Thumb Code    54  usb_regs.o(i.SetEPRxCount)
    SetEPRxStatus                            0x08008ee9   Thumb Code    42  usb_regs.o(i.SetEPRxStatus)
    SetEPRxValid                             0x08008f19   Thumb Code    28  usb_regs.o(i.SetEPRxValid)
    SetEPTxAddr                              0x08008f39   Thumb Code    22  usb_regs.o(i.SetEPTxAddr)
    SetEPTxCount                             0x08008f59   Thumb Code    20  usb_regs.o(i.SetEPTxCount)
    SetEPTxStatus                            0x08008f75   Thumb Code    42  usb_regs.o(i.SetEPTxStatus)
    SetEPTxValid                             0x08008fa5   Thumb Code    28  usb_regs.o(i.SetEPTxValid)
    SetEPType                                0x08008fc5   Thumb Code    20  usb_regs.o(i.SetEPType)
    SetKey                                   0x08008fdd   Thumb Code   518  des.o(i.SetKey)
    Set_USBClock                             0x0800928d   Thumb Code    20  hw_config.o(i.Set_USBClock)
    Setup0_Process                           0x080092a1   Thumb Code    92  usb_core.o(i.Setup0_Process)
    Standard_ClearFeature                    0x08009309   Thumb Code   214  usb_core.o(i.Standard_ClearFeature)
    Standard_GetConfiguration                0x080093f5   Thumb Code    30  usb_core.o(i.Standard_GetConfiguration)
    Standard_GetDescriptorData               0x0800941d   Thumb Code    24  usb_core.o(i.Standard_GetDescriptorData)
    Standard_GetInterface                    0x08009439   Thumb Code    30  usb_core.o(i.Standard_GetInterface)
    Standard_GetStatus                       0x08009461   Thumb Code   128  usb_core.o(i.Standard_GetStatus)
    Standard_SetConfiguration                0x080094f1   Thumb Code    42  usb_core.o(i.Standard_SetConfiguration)
    Standard_SetDeviceFeature                0x08009529   Thumb Code    26  usb_core.o(i.Standard_SetDeviceFeature)
    Standard_SetEndPointFeature              0x0800954d   Thumb Code   112  usb_core.o(i.Standard_SetEndPointFeature)
    Standard_SetInterface                    0x080095cd   Thumb Code    60  usb_core.o(i.Standard_SetInterface)
    Suspend                                  0x08009615   Thumb Code    26  usb_pwr.o(i.Suspend)
    SysTick_Handler                          0x08009635   Thumb Code    16  stm32f10x_it.o(i.SysTick_Handler)
    SystemInit                               0x08009649   Thumb Code    62  system_stm32f10x.o(i.SystemInit)
    TIM2_Cap_Init                            0x0800969d   Thumb Code    72  dev_timer.o(i.TIM2_Cap_Init)
    TIM3_Cnt_Init                            0x080096e5   Thumb Code   108  dev_timer.o(i.TIM3_Cnt_Init)
    TIM3_IRQHandler                          0x08009755   Thumb Code    42  stm32f10x_it.o(i.TIM3_IRQHandler)
    TIM_ClearFlag                            0x08009785   Thumb Code     6  stm32f10x_tim.o(i.TIM_ClearFlag)
    TIM_ClearITPendingBit                    0x0800978b   Thumb Code     6  stm32f10x_tim.o(i.TIM_ClearITPendingBit)
    TIM_Cmd                                  0x08009791   Thumb Code    20  stm32f10x_tim.o(i.TIM_Cmd)
    TIM_GetITStatus                          0x080097a5   Thumb Code    24  stm32f10x_tim.o(i.TIM_GetITStatus)
    TIM_ITConfig                             0x080097bd   Thumb Code    16  stm32f10x_tim.o(i.TIM_ITConfig)
    TIM_TimeBaseInit                         0x080097cd   Thumb Code   114  stm32f10x_tim.o(i.TIM_TimeBaseInit)
    USART1_IRQHandler                        0x08009869   Thumb Code   172  stm32f10x_it.o(i.USART1_IRQHandler)
    USART_Cmd                                0x0800992d   Thumb Code    20  stm32f10x_usart.o(i.USART_Cmd)
    USART_DeInit                             0x08009941   Thumb Code    96  stm32f10x_usart.o(i.USART_DeInit)
    USART_GetFlagStatus                      0x080099b5   Thumb Code    14  stm32f10x_usart.o(i.USART_GetFlagStatus)
    USART_ITConfig                           0x080099c3   Thumb Code    48  stm32f10x_usart.o(i.USART_ITConfig)
    USART_Init                               0x080099f5   Thumb Code   176  stm32f10x_usart.o(i.USART_Init)
    USART_SendData                           0x08009aa9   Thumb Code     8  stm32f10x_usart.o(i.USART_SendData)
    USB_Cable_Config                         0x08009ab1   Thumb Code    62  hw_config.o(i.USB_Cable_Config)
    USB_Init                                 0x08009af5   Thumb Code    22  usb_init.o(i.USB_Init)
    USB_Interrupts_Config                    0x08009b1d   Thumb Code    40  hw_config.o(i.USB_Interrupts_Config)
    USB_Istr                                 0x08009b45   Thumb Code   170  usb_istr.o(i.USB_Istr)
    USB_LP_CAN1_RX0_IRQHandler               0x08009c05   Thumb Code     4  hw_config.o(i.USB_LP_CAN1_RX0_IRQHandler)
    USB_SIL_Init                             0x08009c09   Thumb Code    24  usb_sil.o(i.USB_SIL_Init)
    USB_SIL_Read                             0x08009c29   Thumb Code    36  usb_sil.o(i.USB_SIL_Read)
    USB_SIL_Write                            0x08009c4d   Thumb Code    38  usb_sil.o(i.USB_SIL_Write)
    UsageFault_Handler                       0x08009c73   Thumb Code     2  stm32f10x_it.o(i.UsageFault_Handler)
    UsbAllInit                               0x08009c75   Thumb Code    24  hw_config.o(i.UsbAllInit)
    UsbRecvOne                               0x08009c8d   Thumb Code    44  usb_endp.o(i.UsbRecvOne)
    UsbRecvReset                             0x08009cc1   Thumb Code    18  usb_endp.o(i.UsbRecvReset)
    UsbSendBuff                              0x08009cdd   Thumb Code   132  usb_endp.o(i.UsbSendBuff)
    UserToPMABufferCopy                      0x08009d6d   Thumb Code    34  usb_mem.o(i.UserToPMABufferCopy)
    WriteBlockFlash                          0x08009d95   Thumb Code    84  dev_eprom.o(i.WriteBlockFlash)
    WriteENCKEY                              0x08009de9   Thumb Code   128  app.o(i.WriteENCKEY)
    WriteUpgradeFlag                         0x08009e7d   Thumb Code    32  ini.o(i.WriteUpgradeFlag)
    __0printf                                0x08009ea5   Thumb Code    22  printfa.o(i.__0printf)
    __1printf                                0x08009ea5   Thumb Code     0  printfa.o(i.__0printf)
    __2printf                                0x08009ea5   Thumb Code     0  printfa.o(i.__0printf)
    __c89printf                              0x08009ea5   Thumb Code     0  printfa.o(i.__0printf)
    printf                                   0x08009ea5   Thumb Code     0  printfa.o(i.__0printf)
    __scatterload_copy                       0x08009ec5   Thumb Code    14  handlers.o(i.__scatterload_copy)
    __scatterload_null                       0x08009ed3   Thumb Code     2  handlers.o(i.__scatterload_null)
    __scatterload_zeroinit                   0x08009ed5   Thumb Code    14  handlers.o(i.__scatterload_zeroinit)
    ceil                                     0x0800a7a5   Thumb Code   204  ceil.o(i.ceil)
    delay_init                               0x0800a881   Thumb Code    38  main.o(i.delay_init)
    des                                      0x0800a8ad   Thumb Code   458  des.o(i.des)
    dev_com_open                             0x0800aa99   Thumb Code   166  dev_uart.o(i.dev_com_open)
    dev_com_write                            0x0800ab4d   Thumb Code    78  dev_uart.o(i.dev_com_write)
    f_fun                                    0x0800aba1   Thumb Code   136  des.o(i.f_fun)
    fputc                                    0x0800ac29   Thumb Code    30  dev_uart.o(i.fputc)
    free                                     0x0800ac4d   Thumb Code    76  malloc.o(i.free)
    from64tobits                             0x0800ac9d   Thumb Code   230  utilities.o(i.from64tobits)
    init_serial_boot                         0x0800ad89   Thumb Code    12  app.o(i.init_serial_boot)
    main                                     0x0800ad99   Thumb Code   176  main.o(i.main)
    malloc                                   0x0800ae79   Thumb Code    92  malloc.o(i.malloc)
    send_frame                               0x0800aee5   Thumb Code   846  app.o(i.send_frame)
    to64frombits                             0x0800b281   Thumb Code   140  utilities.o(i.to64frombits)
    tri_des                                  0x0800b311   Thumb Code    44  des.o(i.tri_des)
    uart_puts                                0x0800b33d   Thumb Code    24  dev_uart.o(i.uart_puts)
    xor                                      0x0800b355   Thumb Code    22  des.o(i.xor)
    SHID                                     0x0800db94   Data          27  app.o(.constdata)
    APPVERSION                               0x0800dbaf   Data          18  app.o(.constdata)
    CustomHID_DeviceDescriptor               0x0800de01   Data          18  usb_desc.o(.constdata)
    CustomHID_ConfigDescriptor               0x0800de13   Data          41  usb_desc.o(.constdata)
    CustomHID_ReportDescriptor               0x0800de3c   Data          49  usb_desc.o(.constdata)
    CustomHID_StringLangID                   0x0800de6d   Data           4  usb_desc.o(.constdata)
    CustomHID_StringVendor                   0x0800de71   Data          38  usb_desc.o(.constdata)
    CustomHID_StringProduct                  0x0800de97   Data          32  usb_desc.o(.constdata)
    Region$$Table$$Base                      0x0800dec8   Number         0  anon$$obj.o(Region$$Table)
    Region$$Table$$Limit                     0x0800dee8   Number         0  anon$$obj.o(Region$$Table)
    WriteFlag                                0x20000004   Data           1  app.o(.data)
    GetNextFlag                              0x20000005   Data           1  app.o(.data)
    macstate                                 0x20000006   Data           1  app.o(.data)
    RxdStatus                                0x20000007   Data           1  app.o(.data)
    SynHead                                  0x20000008   Data           1  app.o(.data)
    RxdFrameStatus                           0x20000009   Data           1  app.o(.data)
    NowLen                                   0x2000000a   Data           1  app.o(.data)
    RxdTotalLen                              0x2000000b   Data           1  app.o(.data)
    SetKeyLen                                0x2000000c   Data           1  app.o(.data)
    SetKeyFlag                               0x2000000d   Data           1  app.o(.data)
    Bcc                                      0x2000000e   Data           1  app.o(.data)
    random                                   0x2000000f   Data           8  app.o(.data)
    encryptdatastatus                        0x20000017   Data           1  app.o(.data)
    gkeysize                                 0x20000018   Data           1  dukpt.o(.data)
    gfkeyregsize                             0x20000019   Data           1  dukpt.o(.data)
    gLRC                                     0x2000001a   Data           1  dukpt.o(.data)
    rec_head0                                0x200000dc   Data           2  dev_uart.o(.data)
    rec_end0                                 0x200000de   Data           2  dev_uart.o(.data)
    TM1CaptureNumber                         0x200000e0   Data           1  stm32f10x_it.o(.data)
    TM2CaptureNumber                         0x200000e1   Data           1  stm32f10x_it.o(.data)
    TM3CaptureNumber                         0x200000e2   Data           1  stm32f10x_it.o(.data)
    TM1ReadValue1                            0x200000e4   Data           2  stm32f10x_it.o(.data)
    TM1ReadValue2                            0x200000e6   Data           2  stm32f10x_it.o(.data)
    TM2ReadValue1                            0x200000e8   Data           2  stm32f10x_it.o(.data)
    TM2ReadValue2                            0x200000ea   Data           2  stm32f10x_it.o(.data)
    TM3ReadValue1                            0x200000ec   Data           2  stm32f10x_it.o(.data)
    TM3ReadValue2                            0x200000ee   Data           2  stm32f10x_it.o(.data)
    g1msTimer6                               0x200000f0   Data           4  stm32f10x_it.o(.data)
    HSEStartUpStatus                         0x20000108   Data           1  hw_config.o(.data)
    CustomHID_StringSerial                   0x20000109   Data          26  usb_desc.o(.data)
    PrevXferComplete                         0x20000124   Data           1  usb_endp.o(.data)
    gUsbRespFlag                             0x20000125   Data           1  usb_endp.o(.data)
    USBRecvTop                               0x20000128   Data           4  usb_endp.o(.data)
    USBRecvEnd                               0x2000012c   Data           4  usb_endp.o(.data)
    bIntPackSOF                              0x20000130   Data           1  usb_istr.o(.data)
    wIstr                                    0x20000132   Data           2  usb_istr.o(.data)
    pEpInt_IN                                0x20000134   Data          28  usb_istr.o(.data)
    pEpInt_OUT                               0x20000150   Data          28  usb_istr.o(.data)
    Device_Table                             0x2000016c   Data           2  usb_prop.o(.data)
    ProtocolValue                            0x20000170   Data           4  usb_prop.o(.data)
    Device_Descriptor                        0x20000174   Data           8  usb_prop.o(.data)
    Config_Descriptor                        0x2000017c   Data           8  usb_prop.o(.data)
    CustomHID_Report_Descriptor              0x20000184   Data           8  usb_prop.o(.data)
    CustomHID_Hid_Descriptor                 0x2000018c   Data           8  usb_prop.o(.data)
    Device_Property                          0x20000194   Data          48  usb_prop.o(.data)
    String_Descriptor                        0x200001c4   Data          32  usb_prop.o(.data)
    User_Standard_Requests                   0x200001e4   Data          36  usb_prop.o(.data)
    bDeviceState                             0x20000208   Data           4  usb_pwr.o(.data)
    fSuspendEnabled                          0x2000020c   Data           1  usb_pwr.o(.data)
    ResumeS                                  0x2000020d   Data           2  usb_pwr.o(.data)
    Data_Mul_MaxPacketSize                   0x20000210   Data           1  usb_core.o(.data)
    StatusInfo                               0x20000212   Data           2  usb_core.o(.data)
    EPindex                                  0x20000214   Data           1  usb_init.o(.data)
    pInformation                             0x20000218   Data           4  usb_init.o(.data)
    pProperty                                0x2000021c   Data           4  usb_init.o(.data)
    pUser_Standard_Requests                  0x20000220   Data           4  usb_init.o(.data)
    wInterrupt_Mask                          0x20000224   Data           2  usb_init.o(.data)
    SaveRState                               0x20000226   Data           2  usb_int.o(.data)
    SaveTState                               0x20000228   Data           2  usb_int.o(.data)
    MSR_fCardDataReady                       0x2000022a   Data           1  magdecode.o(.data)
    __stdout                                 0x20000230   Data           4  stdout.o(.data)
    __microlib_freelist                      0x20000234   Data           4  mvars.o(.data)
    __microlib_freelist_initialised          0x20000238   Data           4  mvars.o(.data)
    ENC_KEY                                  0x2000023c   Data          64  app.o(.bss)
    CryptoKey                                0x2000027c   Data          16  app.o(.bss)
    RxdBuf                                   0x2000028c   Data         100  app.o(.bss)
    SetKeyBuf                                0x200002f0   Data          80  app.o(.bss)
    foo                                      0x20000340   Data          96  dev_msread.o(.bss)
    key                                      0x200003a0   Data         244  dev_msread.o(.bss)
    sha                                      0x20000494   Data          60  dev_msread.o(.bss)
    USBRecvBuf                               0x200004d0   Data        1536  usb_endp.o(.bss)
    RecvBuff                                 0x20000ad0   Data          65  usb_endp.o(.bss)
    SendBuff                                 0x20000b11   Data          65  usb_endp.o(.bss)
    Device_Info                              0x20000b54   Data          28  usb_init.o(.bss)
    Track1TimeFlow                           0x20000b70   Data        2202  magdecode.o(.bss)
    Track2TimeFlow                           0x2000140a   Data        1002  magdecode.o(.bss)
    Track3TimeFlow                           0x200017f4   Data        2162  magdecode.o(.bss)
    TrackBitFlow                             0x20002066   Data         802  magdecode.o(.bss)
    TempTrackDirtData                        0x20002388   Data         111  magdecode.o(.bss)
    TempTrackData                            0x200023f7   Data         111  magdecode.o(.bss)
    Track1Data                               0x20002466   Data         111  magdecode.o(.bss)
    Track2Data                               0x200024d5   Data         111  magdecode.o(.bss)
    Track3Data                               0x20002544   Data         111  magdecode.o(.bss)
    __heap_base                              0x200025b8   Data           0  startup_stm32f10x_md.o(HEAP)
    __heap_limit                             0x200025d8   Data           0  startup_stm32f10x_md.o(HEAP)
    __initial_sp                             0x200029d8   Data           0  startup_stm32f10x_md.o(STACK)



==============================================================================

Memory Map of the image

  Image Entry point : 0x080034ed

  Load Region LR_IROM1 (Base: 0x08003400, Size: 0x0000ad24, Max: 0x00010000, ABSOLUTE, COMPRESSED[0x0000ac04])

    Execution Region ER_IROM1 (Base: 0x08003400, Size: 0x0000aae8, Max: 0x00010000, ABSOLUTE)

    Base Addr    Size         Type   Attr      Idx    E Section Name        Object

    0x08003400   0x000000ec   Data   RO         2808    RESET               startup_stm32f10x_md.o
    0x080034ec   0x00000000   Code   RO         3922  * .ARM.Collect$$$$00000000  mc_w.l(entry.o)
    0x080034ec   0x00000004   Code   RO         4235    .ARM.Collect$$$$00000001  mc_w.l(entry2.o)
    0x080034f0   0x00000004   Code   RO         4238    .ARM.Collect$$$$00000004  mc_w.l(entry5.o)
    0x080034f4   0x00000000   Code   RO         4240    .ARM.Collect$$$$00000008  mc_w.l(entry7b.o)
    0x080034f4   0x00000000   Code   RO         4242    .ARM.Collect$$$$0000000A  mc_w.l(entry8b.o)
    0x080034f4   0x00000008   Code   RO         4243    .ARM.Collect$$$$0000000B  mc_w.l(entry9a.o)
    0x080034fc   0x00000000   Code   RO         4245    .ARM.Collect$$$$0000000D  mc_w.l(entry10a.o)
    0x080034fc   0x00000000   Code   RO         4247    .ARM.Collect$$$$0000000F  mc_w.l(entry11a.o)
    0x080034fc   0x00000004   Code   RO         4236    .ARM.Collect$$$$00002712  mc_w.l(entry2.o)
    0x08003500   0x00000024   Code   RO         2809    .text               startup_stm32f10x_md.o
    0x08003524   0x000013ec   Code   RO         3888    .text               HSC32K1_Base.lib(magdecode.o)
    0x08004910   0x00000024   Code   RO         3925    .text               mc_w.l(rand.o)
    0x08004934   0x00000024   Code   RO         3928    .text               mc_w.l(memcpya.o)
    0x08004958   0x00000024   Code   RO         3930    .text               mc_w.l(memseta.o)
    0x0800497c   0x0000000e   Code   RO         3934    .text               mc_w.l(strlen.o)
    0x0800498a   0x0000001a   Code   RO         3936    .text               mc_w.l(memcmp.o)
    0x080049a4   0x0000002e   Code   RO         4229    .text               mf_w.l(dscalb.o)
    0x080049d2   0x00000022   Code   RO         4231    .text               mf_w.l(dflti.o)
    0x080049f4   0x00000032   Code   RO         4233    .text               mf_w.l(dfixui.o)
    0x08004a26   0x0000002c   Code   RO         4250    .text               mc_w.l(uidiv.o)
    0x08004a52   0x00000062   Code   RO         4252    .text               mc_w.l(uldiv.o)
    0x08004ab4   0x00000020   Code   RO         4254    .text               mc_w.l(llushr.o)
    0x08004ad4   0x00000000   Code   RO         4258    .text               mc_w.l(iusefp.o)
    0x08004ad4   0x000000be   Code   RO         4259    .text               mf_w.l(depilogue.o)
    0x08004b92   0x0000014e   Code   RO         4261    .text               mf_w.l(dadd.o)
    0x08004ce0   0x000000e4   Code   RO         4263    .text               mf_w.l(dmul.o)
    0x08004dc4   0x000000de   Code   RO         4265    .text               mf_w.l(ddiv.o)
    0x08004ea2   0x00000030   Code   RO         4267    .text               mf_w.l(dfixul.o)
    0x08004ed2   0x00000002   PAD
    0x08004ed4   0x00000028   Code   RO         4269    .text               mf_w.l(cdrcmple.o)
    0x08004efc   0x00000024   Code   RO         4271    .text               mc_w.l(init.o)
    0x08004f20   0x0000001e   Code   RO         4273    .text               mc_w.l(llshl.o)
    0x08004f3e   0x00000024   Code   RO         4275    .text               mc_w.l(llsshr.o)
    0x08004f62   0x0000005c   Code   RO         4285    .text               mc_w.l(__dczerorl2.o)
    0x08004fbe   0x000000f2   Code   RO          232    i.AES_cbc_encrypt   aes.o
    0x080050b0   0x00000380   Code   RO          233    i.AES_decrypt       aes.o
    0x08005430   0x00000380   Code   RO          234    i.AES_encrypt       aes.o
    0x080057b0   0x0000028c   Code   RO          236    i.AES_set_encrypt_key  aes.o
    0x08005a3c   0x00000066   Code   RO          275    i.AsciiToHex        app.o
    0x08005aa2   0x00000002   Code   RO          820    i.BusFault_Handler  stm32f10x_it.o
    0x08005aa4   0x0000000a   Code   RO         3490    i.ByteSwap          usb_regs.o
    0x08005aae   0x00000002   PAD
    0x08005ab0   0x0000014c   Code   RO         3427    i.CTR_LP            usb_int.o
    0x08005bfc   0x0000005c   Code   RO          276    i.CalcCryptoKey     app.o
    0x08005c58   0x00000016   Code   RO         2956    i.CalcSum           usb_endp.o
    0x08005c6e   0x00000002   PAD
    0x08005c70   0x00000024   Code   RO         3491    i.ClearDTOG_RX      usb_regs.o
    0x08005c94   0x00000024   Code   RO         3492    i.ClearDTOG_TX      usb_regs.o
    0x08005cb8   0x0000001c   Code   RO         3497    i.Clear_Status_Out  usb_regs.o
    0x08005cd4   0x0000005c   Code   RO         3089    i.CustomHID_Data_Setup  usb_prop.o
    0x08005d30   0x0000000c   Code   RO         3090    i.CustomHID_GetConfigDescriptor  usb_prop.o
    0x08005d3c   0x0000000c   Code   RO         3091    i.CustomHID_GetDeviceDescriptor  usb_prop.o
    0x08005d48   0x0000000c   Code   RO         3092    i.CustomHID_GetHIDDescriptor  usb_prop.o
    0x08005d54   0x0000001c   Code   RO         3093    i.CustomHID_GetProtocolValue  usb_prop.o
    0x08005d70   0x0000000c   Code   RO         3094    i.CustomHID_GetReportDescriptor  usb_prop.o
    0x08005d7c   0x00000020   Code   RO         3095    i.CustomHID_GetStringDescriptor  usb_prop.o
    0x08005d9c   0x0000000a   Code   RO         3096    i.CustomHID_Get_Interface_Setting  usb_prop.o
    0x08005da6   0x00000002   PAD
    0x08005da8   0x00000020   Code   RO         3097    i.CustomHID_NoData_Setup  usb_prop.o
    0x08005dc8   0x000000b0   Code   RO         3098    i.CustomHID_Reset   usb_prop.o
    0x08005e78   0x0000001c   Code   RO         3099    i.CustomHID_SetConfiguration  usb_prop.o
    0x08005e94   0x0000000c   Code   RO         3100    i.CustomHID_SetDeviceAddress  usb_prop.o
    0x08005ea0   0x00000018   Code   RO         3101    i.CustomHID_SetProtocol  usb_prop.o
    0x08005eb8   0x00000002   Code   RO         3102    i.CustomHID_Status_In  usb_prop.o
    0x08005eba   0x00000002   Code   RO         3103    i.CustomHID_Status_Out  usb_prop.o
    0x08005ebc   0x00000024   Code   RO         3104    i.CustomHID_init    usb_prop.o
    0x08005ee0   0x000000b4   Code   RO         3265    i.DataStageIn       usb_core.o
    0x08005f94   0x000000a4   Code   RO         3266    i.DataStageOut      usb_core.o
    0x08006038   0x00000198   Code   RO         3267    i.Data_Setup0       usb_core.o
    0x080061d0   0x00000320   Code   RO          277    i.DealRxData        app.o
    0x080064f0   0x000000a8   Code   RO          278    i.DealSerialParse   app.o
    0x08006598   0x00000002   Code   RO          821    i.DebugMon_Handler  stm32f10x_it.o
    0x0800659a   0x00000058   Code   RO          381    i.DoFirstChange     des.o
    0x080065f2   0x00000070   Code   RO          382    i.DoKey             des.o
    0x08006662   0x0000003a   Code   RO          383    i.DoLeft            des.o
    0x0800669c   0x00000048   Code   RO          384    i.DoRight           des.o
    0x080066e4   0x0000000c   Code   RO         2957    i.EP1_IN_Callback   usb_endp.o
    0x080066f0   0x000000fc   Code   RO         2958    i.EP1_OUT_Callback  usb_endp.o
    0x080067ec   0x0000006c   Code   RO          822    i.EXTI0_IRQHandler  stm32f10x_it.o
    0x08006858   0x00000070   Code   RO          823    i.EXTI1_IRQHandler  stm32f10x_it.o
    0x080068c8   0x00000040   Code   RO          824    i.EXTI2_IRQHandler  stm32f10x_it.o
    0x08006908   0x00000070   Code   RO          825    i.EXTI9_5_IRQHandler  stm32f10x_it.o
    0x08006978   0x0000000c   Code   RO         1008    i.EXTI_ClearITPendingBit  stm32f10x_exti.o
    0x08006984   0x00000168   Code   RO            3    i.EXTI_Configuration  main.o
    0x08006aec   0x00000020   Code   RO         1012    i.EXTI_GetITStatus  stm32f10x_exti.o
    0x08006b0c   0x00000070   Code   RO         1013    i.EXTI_Init         stm32f10x_exti.o
    0x08006b7c   0x00000094   Code   RO          385    i.E_expand          des.o
    0x08006c10   0x00000034   Code   RO          688    i.EarseBlockFlash   dev_eprom.o
    0x08006c44   0x0000000c   Code   RO         2815    i.Enter_LowPowerMode  hw_config.o
    0x08006c50   0x0000003c   Code   RO         1074    i.FLASH_ErasePage   stm32f10x_flash.o
    0x08006c8c   0x00000028   Code   RO         1075    i.FLASH_GetBank1Status  stm32f10x_flash.o
    0x08006cb4   0x00000010   Code   RO         1084    i.FLASH_Lock        stm32f10x_flash.o
    0x08006cc4   0x00000018   Code   RO         1086    i.FLASH_PrefetchBufferCmd  stm32f10x_flash.o
    0x08006cdc   0x00000050   Code   RO         1089    i.FLASH_ProgramWord  stm32f10x_flash.o
    0x08006d2c   0x00000014   Code   RO         1091    i.FLASH_SetLatency  stm32f10x_flash.o
    0x08006d40   0x00000018   Code   RO         1092    i.FLASH_Unlock      stm32f10x_flash.o
    0x08006d58   0x00000022   Code   RO         1096    i.FLASH_WaitForLastOperation  stm32f10x_flash.o
    0x08006d7a   0x00000002   PAD
    0x08006d7c   0x00000094   Code   RO          386    i.Find_S            des.o
    0x08006e10   0x00000028   Code   RO         1252    i.GPIO_EXTILineConfig  stm32f10x_gpio.o
    0x08006e38   0x00000098   Code   RO         1255    i.GPIO_Init         stm32f10x_gpio.o
    0x08006ed0   0x0000000e   Code   RO         1259    i.GPIO_ReadInputDataBit  stm32f10x_gpio.o
    0x08006ede   0x00000004   Code   RO         1262    i.GPIO_ResetBits    stm32f10x_gpio.o
    0x08006ee2   0x00000004   Code   RO         1263    i.GPIO_SetBits      stm32f10x_gpio.o
    0x08006ee6   0x00000002   PAD
    0x08006ee8   0x00000020   Code   RO         3509    i.GetEPRxAddr       usb_regs.o
    0x08006f08   0x00000020   Code   RO         3510    i.GetEPRxCount      usb_regs.o
    0x08006f28   0x0000001c   Code   RO         3512    i.GetEPTxAddr       usb_regs.o
    0x08006f44   0x000000a0   Code   RO          588    i.GetKeyCkeckValue  utilities.o
    0x08006fe4   0x00000070   Code   RO          279    i.GetNextKSN        app.o
    0x08007054   0x00000034   Code   RO         2816    i.Get_SerialNum     hw_config.o
    0x08007088   0x00000002   Code   RO          826    i.HardFault_Handler  stm32f10x_it.o
    0x0800708a   0x0000003e   Code   RO          280    i.HexToAscii        app.o
    0x080070c8   0x00000024   Code   RO          461    i.IDT_CalcLRC       dukpt.o
    0x080070ec   0x00000030   Code   RO          462    i.IDT_ChangeCounter  dukpt.o
    0x0800711c   0x00000148   Code   RO          463    i.IDT_EncryptPIN    dukpt.o
    0x08007264   0x00000080   Code   RO          464    i.IDT_GenNewKeys    dukpt.o
    0x080072e4   0x0000001a   Code   RO          465    i.IDT_GetNumOfOnes  dukpt.o
    0x080072fe   0x00000018   Code   RO          466    i.IDT_GetSetBitPos  dukpt.o
    0x08007316   0x0000003e   Code   RO          467    i.IDT_InitCryptoReg  dukpt.o
    0x08007354   0x00000098   Code   RO          468    i.IDT_LoadInitKey   dukpt.o
    0x080073ec   0x00000084   Code   RO          469    i.IDT_NonReversibleKeyGen  dukpt.o
    0x08007470   0x000000c0   Code   RO          470    i.IDT_PropogateKeys  dukpt.o
    0x08007530   0x0000000c   Code   RO          471    i.IDT_SetBit        dukpt.o
    0x0800753c   0x00000016   Code   RO          473    i.IDT_UpdateKSN     dukpt.o
    0x08007552   0x00000002   PAD
    0x08007554   0x0000005c   Code   RO         3268    i.In0_Process       usb_core.o
    0x080075b0   0x00000036   Code   RO         2817    i.IntToUnicode      hw_config.o
    0x080075e6   0x00000002   PAD
    0x080075e8   0x0000001c   Code   RO         2818    i.Leave_LowPowerMode  hw_config.o
    0x08007604   0x00000580   Code   RO          936    i.MSR_SendData      dev_msread.o
    0x08007b84   0x00000002   Code   RO          827    i.MemManage_Handler  stm32f10x_it.o
    0x08007b86   0x00000002   Code   RO          828    i.NMI_Handler       stm32f10x_it.o
    0x08007b88   0x00000002   Code   RO         3269    i.NOP_Process       usb_core.o
    0x08007b8a   0x00000002   PAD
    0x08007b8c   0x00000064   Code   RO          963    i.NVIC_Init         misc.o
    0x08007bf0   0x00000014   Code   RO          964    i.NVIC_PriorityGroupConfig  misc.o
    0x08007c04   0x000000d4   Code   RO         3270    i.NoData_Setup0     usb_core.o
    0x08007cd8   0x00000048   Code   RO         3271    i.Out0_Process      usb_core.o
    0x08007d20   0x00000020   Code   RO         3464    i.PMAToUserBufferCopy  usb_mem.o
    0x08007d40   0x00000010   Code   RO         1372    i.PWR_ClearFlag     stm32f10x_pwr.o
    0x08007d50   0x00000014   Code   RO         1376    i.PWR_GetFlagStatus  stm32f10x_pwr.o
    0x08007d64   0x00000112   Code   RO          387    i.P_chang           des.o
    0x08007e76   0x00000002   Code   RO          829    i.PendSV_Handler    stm32f10x_it.o
    0x08007e78   0x00000044   Code   RO         3272    i.Post0_Process     usb_core.o
    0x08007ebc   0x0000002c   Code   RO         3214    i.PowerOn           usb_pwr.o
    0x08007ee8   0x00000018   Code   RO         1441    i.RCC_APB1PeriphClockCmd  stm32f10x_rcc.o
    0x08007f00   0x00000018   Code   RO         1442    i.RCC_APB1PeriphResetCmd  stm32f10x_rcc.o
    0x08007f18   0x00000018   Code   RO         1443    i.RCC_APB2PeriphClockCmd  stm32f10x_rcc.o
    0x08007f30   0x00000018   Code   RO         1444    i.RCC_APB2PeriphResetCmd  stm32f10x_rcc.o
    0x08007f48   0x00000074   Code   RO            6    i.RCC_Configuration  main.o
    0x08007fbc   0x00000040   Code   RO         1450    i.RCC_DeInit        stm32f10x_rcc.o
    0x08007ffc   0x00000094   Code   RO         1451    i.RCC_GetClocksFreq  stm32f10x_rcc.o
    0x08008090   0x00000030   Code   RO         1452    i.RCC_GetFlagStatus  stm32f10x_rcc.o
    0x080080c0   0x00000010   Code   RO         1454    i.RCC_GetSYSCLKSource  stm32f10x_rcc.o
    0x080080d0   0x00000014   Code   RO         1455    i.RCC_HCLKConfig    stm32f10x_rcc.o
    0x080080e4   0x00000034   Code   RO         1456    i.RCC_HSEConfig     stm32f10x_rcc.o
    0x08008118   0x00000014   Code   RO         1462    i.RCC_PCLK1Config   stm32f10x_rcc.o
    0x0800812c   0x00000014   Code   RO         1463    i.RCC_PCLK2Config   stm32f10x_rcc.o
    0x08008140   0x0000000c   Code   RO         1464    i.RCC_PLLCmd        stm32f10x_rcc.o
    0x0800814c   0x00000014   Code   RO         1465    i.RCC_PLLConfig     stm32f10x_rcc.o
    0x08008160   0x00000014   Code   RO         1468    i.RCC_SYSCLKConfig  stm32f10x_rcc.o
    0x08008174   0x0000000c   Code   RO         1469    i.RCC_USBCLKConfig  stm32f10x_rcc.o
    0x08008180   0x0000002c   Code   RO         1470    i.RCC_WaitForHSEStartUp  stm32f10x_rcc.o
    0x080081ac   0x00000036   Code   RO          830    i.RTCAlarm_IRQHandler  stm32f10x_it.o
    0x080081e2   0x00000002   PAD
    0x080081e4   0x00000010   Code   RO         2665    i.RTC_ClearITPendingBit  stm32f10x_rtc.o
    0x080081f4   0x00000020   Code   RO         2671    i.RTC_GetITStatus   stm32f10x_rtc.o
    0x08008214   0x00000010   Code   RO         2676    i.RTC_WaitForLastTask  stm32f10x_rtc.o
    0x08008224   0x00000024   Code   RO          282    i.Random            app.o
    0x08008248   0x00000016   Code   RO          689    i.ReadBlockFlash    dev_eprom.o
    0x0800825e   0x00000002   PAD
    0x08008260   0x0000007c   Code   RO          283    i.ReadENCKEY        app.o
    0x080082dc   0x0000007c   Code   RO         3215    i.Resume            usb_pwr.o
    0x08008358   0x00000020   Code   RO         3216    i.Resume_Init       usb_pwr.o
    0x08008378   0x00000078   Code   RO          551    i.SHA1Final         sha1.o
    0x080083f0   0x000009a0   Code   RO          552    i.SHA1Guts          sha1.o
    0x08008d90   0x00000030   Code   RO          553    i.SHA1Init          sha1.o
    0x08008dc0   0x00000074   Code   RO          554    i.SHA1Update        sha1.o
    0x08008e34   0x00000002   Code   RO          831    i.SVC_Handler       stm32f10x_it.o
    0x08008e36   0x00000002   PAD
    0x08008e38   0x00000010   Code   RO         3520    i.SetBTABLE         usb_regs.o
    0x08008e48   0x00000040   Code   RO         3273    i.SetDeviceAddress  usb_core.o
    0x08008e88   0x00000020   Code   RO         3534    i.SetEPRxAddr       usb_regs.o
    0x08008ea8   0x00000040   Code   RO         3535    i.SetEPRxCount      usb_regs.o
    0x08008ee8   0x00000030   Code   RO         3536    i.SetEPRxStatus     usb_regs.o
    0x08008f18   0x00000020   Code   RO         3537    i.SetEPRxValid      usb_regs.o
    0x08008f38   0x00000020   Code   RO         3538    i.SetEPTxAddr       usb_regs.o
    0x08008f58   0x0000001c   Code   RO         3539    i.SetEPTxCount      usb_regs.o
    0x08008f74   0x00000030   Code   RO         3540    i.SetEPTxStatus     usb_regs.o
    0x08008fa4   0x00000020   Code   RO         3541    i.SetEPTxValid      usb_regs.o
    0x08008fc4   0x00000018   Code   RO         3542    i.SetEPType         usb_regs.o
    0x08008fdc   0x00000206   Code   RO          388    i.SetKey            des.o
    0x080091e2   0x00000002   PAD
    0x080091e4   0x000000a8   Code   RO         2771    i.SetSysClockTo72   system_stm32f10x.o
    0x0800928c   0x00000014   Code   RO         2819    i.Set_USBClock      hw_config.o
    0x080092a0   0x00000068   Code   RO         3274    i.Setup0_Process    usb_core.o
    0x08009308   0x000000ec   Code   RO         3275    i.Standard_ClearFeature  usb_core.o
    0x080093f4   0x00000028   Code   RO         3276    i.Standard_GetConfiguration  usb_core.o
    0x0800941c   0x0000001c   Code   RO         3277    i.Standard_GetDescriptorData  usb_core.o
    0x08009438   0x00000028   Code   RO         3278    i.Standard_GetInterface  usb_core.o
    0x08009460   0x00000090   Code   RO         3279    i.Standard_GetStatus  usb_core.o
    0x080094f0   0x00000038   Code   RO         3280    i.Standard_SetConfiguration  usb_core.o
    0x08009528   0x00000024   Code   RO         3281    i.Standard_SetDeviceFeature  usb_core.o
    0x0800954c   0x00000080   Code   RO         3282    i.Standard_SetEndPointFeature  usb_core.o
    0x080095cc   0x00000048   Code   RO         3283    i.Standard_SetInterface  usb_core.o
    0x08009614   0x00000020   Code   RO         3217    i.Suspend           usb_pwr.o
    0x08009634   0x00000014   Code   RO          832    i.SysTick_Handler   stm32f10x_it.o
    0x08009648   0x00000054   Code   RO         2773    i.SystemInit        system_stm32f10x.o
    0x0800969c   0x00000048   Code   RO          725    i.TIM2_Cap_Init     dev_timer.o
    0x080096e4   0x00000070   Code   RO          726    i.TIM3_Cnt_Init     dev_timer.o
    0x08009754   0x00000030   Code   RO          833    i.TIM3_IRQHandler   stm32f10x_it.o
    0x08009784   0x00000006   Code   RO         1807    i.TIM_ClearFlag     stm32f10x_tim.o
    0x0800978a   0x00000006   Code   RO         1808    i.TIM_ClearITPendingBit  stm32f10x_tim.o
    0x08009790   0x00000014   Code   RO         1813    i.TIM_Cmd           stm32f10x_tim.o
    0x080097a4   0x00000018   Code   RO         1834    i.TIM_GetITStatus   stm32f10x_tim.o
    0x080097bc   0x00000010   Code   RO         1838    i.TIM_ITConfig      stm32f10x_tim.o
    0x080097cc   0x0000009c   Code   RO         1884    i.TIM_TimeBaseInit  stm32f10x_tim.o
    0x08009868   0x000000c4   Code   RO          834    i.USART1_IRQHandler  stm32f10x_it.o
    0x0800992c   0x00000014   Code   RO         2344    i.USART_Cmd         stm32f10x_usart.o
    0x08009940   0x00000074   Code   RO         2346    i.USART_DeInit      stm32f10x_usart.o
    0x080099b4   0x0000000e   Code   RO         2347    i.USART_GetFlagStatus  stm32f10x_usart.o
    0x080099c2   0x00000030   Code   RO         2350    i.USART_ITConfig    stm32f10x_usart.o
    0x080099f2   0x00000002   PAD
    0x080099f4   0x000000b4   Code   RO         2351    i.USART_Init        stm32f10x_usart.o
    0x08009aa8   0x00000008   Code   RO         2361    i.USART_SendData    stm32f10x_usart.o
    0x08009ab0   0x00000044   Code   RO         2820    i.USB_Cable_Config  hw_config.o
    0x08009af4   0x00000028   Code   RO         3392    i.USB_Init          usb_init.o
    0x08009b1c   0x00000028   Code   RO         2821    i.USB_Interrupts_Config  hw_config.o
    0x08009b44   0x000000c0   Code   RO         3054    i.USB_Istr          usb_istr.o
    0x08009c04   0x00000004   Code   RO         2822    i.USB_LP_CAN1_RX0_IRQHandler  hw_config.o
    0x08009c08   0x00000020   Code   RO         3858    i.USB_SIL_Init      usb_sil.o
    0x08009c28   0x00000024   Code   RO         3859    i.USB_SIL_Read      usb_sil.o
    0x08009c4c   0x00000026   Code   RO         3860    i.USB_SIL_Write     usb_sil.o
    0x08009c72   0x00000002   Code   RO          835    i.UsageFault_Handler  stm32f10x_it.o
    0x08009c74   0x00000018   Code   RO         2823    i.UsbAllInit        hw_config.o
    0x08009c8c   0x00000034   Code   RO         2964    i.UsbRecvOne        usb_endp.o
    0x08009cc0   0x0000001c   Code   RO         2965    i.UsbRecvReset      usb_endp.o
    0x08009cdc   0x00000090   Code   RO         2966    i.UsbSendBuff       usb_endp.o
    0x08009d6c   0x00000028   Code   RO         3465    i.UserToPMABufferCopy  usb_mem.o
    0x08009d94   0x00000054   Code   RO          690    i.WriteBlockFlash   dev_eprom.o
    0x08009de8   0x00000094   Code   RO          284    i.WriteENCKEY       app.o
    0x08009e7c   0x00000028   Code   RO          642    i.WriteUpgradeFlag  ini.o
    0x08009ea4   0x00000020   Code   RO         4173    i.__0printf         mc_w.l(printfa.o)
    0x08009ec4   0x0000000e   Code   RO         4279    i.__scatterload_copy  mc_w.l(handlers.o)
    0x08009ed2   0x00000002   Code   RO         4280    i.__scatterload_null  mc_w.l(handlers.o)
    0x08009ed4   0x0000000e   Code   RO         4281    i.__scatterload_zeroinit  mc_w.l(handlers.o)
    0x08009ee2   0x00000002   PAD
    0x08009ee4   0x0000015c   Code   RO         4180    i._fp_digits        mc_w.l(printfa.o)
    0x0800a040   0x000006f0   Code   RO         4181    i._printf_core      mc_w.l(printfa.o)
    0x0800a730   0x00000026   Code   RO         4182    i._printf_post_padding  mc_w.l(printfa.o)
    0x0800a756   0x00000030   Code   RO         4183    i._printf_pre_padding  mc_w.l(printfa.o)
    0x0800a786   0x0000001e   Code   RO          555    i.burnStack         sha1.o
    0x0800a7a4   0x000000dc   Code   RO         3919    i.ceil              m_ws.l(ceil.o)
    0x0800a880   0x0000002c   Code   RO            9    i.delay_init        main.o
    0x0800a8ac   0x000001ec   Code   RO          389    i.des               des.o
    0x0800aa98   0x000000b4   Code   RO          752    i.dev_com_open      dev_uart.o
    0x0800ab4c   0x00000054   Code   RO          754    i.dev_com_write     dev_uart.o
    0x0800aba0   0x00000088   Code   RO          390    i.f_fun             des.o
    0x0800ac28   0x00000024   Code   RO          755    i.fputc             dev_uart.o
    0x0800ac4c   0x00000050   Code   RO         4201    i.free              mc_w.l(malloc.o)
    0x0800ac9c   0x000000ec   Code   RO          590    i.from64tobits      utilities.o
    0x0800ad88   0x00000010   Code   RO          285    i.init_serial_boot  app.o
    0x0800ad98   0x000000e0   Code   RO           12    i.main              main.o
    0x0800ae78   0x0000006c   Code   RO         4202    i.malloc            mc_w.l(malloc.o)
    0x0800aee4   0x0000039c   Code   RO          286    i.send_frame        app.o
    0x0800b280   0x00000090   Code   RO          592    i.to64frombits      utilities.o
    0x0800b310   0x0000002c   Code   RO          391    i.tri_des           des.o
    0x0800b33c   0x00000018   Code   RO          757    i.uart_puts         dev_uart.o
    0x0800b354   0x00000016   Code   RO          392    i.xor               des.o
    0x0800b36a   0x00000002   PAD
    0x0800b36c   0x00002828   Data   RO          237    .constdata          aes.o
    0x0800db94   0x0000002d   Data   RO          288    .constdata          app.o
    0x0800dbc1   0x00000200   Data   RO          393    .constdata          des.o
    0x0800ddc1   0x00000040   Data   RO          556    .constdata          sha1.o
    0x0800de01   0x00000012   Data   RO         2903    .constdata          usb_desc.o
    0x0800de13   0x00000029   Data   RO         2904    .constdata          usb_desc.o
    0x0800de3c   0x00000031   Data   RO         2905    .constdata          usb_desc.o
    0x0800de6d   0x00000004   Data   RO         2906    .constdata          usb_desc.o
    0x0800de71   0x00000026   Data   RO         2907    .constdata          usb_desc.o
    0x0800de97   0x00000020   Data   RO         2908    .constdata          usb_desc.o
    0x0800deb7   0x00000010   Data   RO         3890    .constdata          HSC32K1_Base.lib(magdecode.o)
    0x0800dec7   0x00000001   PAD
    0x0800dec8   0x00000020   Data   RO         4277    Region$$Table       anon$$obj.o


    Execution Region RW_IRAM1 (Base: 0x20000000, Size: 0x000029d8, Max: 0x00005000, ABSOLUTE, COMPRESSED[0x0000011c])

    Base Addr    Size         Type   Attr      Idx    E Section Name        Object

    0x20000000   0x00000004   Data   RW           13    .data               main.o
    0x20000004   0x00000013   Data   RW          289    .data               app.o
    0x20000017   0x00000001   Data   RW          290    .data               app.o
    0x20000018   0x00000003   Data   RW          474    .data               dukpt.o
    0x2000001b   0x000000c1   Data   RW          593    .data               utilities.o
    0x200000dc   0x00000004   Data   RW          758    .data               dev_uart.o
    0x200000e0   0x00000014   Data   RW          836    .data               stm32f10x_it.o
    0x200000f4   0x00000014   Data   RW         1471    .data               stm32f10x_rcc.o
    0x20000108   0x00000001   Data   RW         2824    .data               hw_config.o
    0x20000109   0x0000001a   Data   RW         2909    .data               usb_desc.o
    0x20000123   0x00000001   PAD
    0x20000124   0x0000000c   Data   RW         2969    .data               usb_endp.o
    0x20000130   0x00000004   Data   RW         3055    .data               usb_istr.o
    0x20000134   0x0000001c   Data   RW         3056    .data               usb_istr.o
    0x20000150   0x0000001c   Data   RW         3057    .data               usb_istr.o
    0x2000016c   0x00000002   Data   RW         3105    .data               usb_prop.o
    0x2000016e   0x00000002   PAD
    0x20000170   0x00000074   Data   RW         3106    .data               usb_prop.o
    0x200001e4   0x00000024   Data   RW         3107    .data               usb_prop.o
    0x20000208   0x00000004   Data   RW         3218    .data               usb_pwr.o
    0x2000020c   0x00000001   Data   RW         3219    .data               usb_pwr.o
    0x2000020d   0x00000002   Data   RW         3220    .data               usb_pwr.o
    0x2000020f   0x00000001   PAD
    0x20000210   0x00000004   Data   RW         3284    .data               usb_core.o
    0x20000214   0x00000001   Data   RW         3394    .data               usb_init.o
    0x20000215   0x00000003   PAD
    0x20000218   0x0000000c   Data   RW         3395    .data               usb_init.o
    0x20000224   0x00000002   Data   RW         3397    .data               usb_init.o
    0x20000226   0x00000004   Data   RW         3428    .data               usb_int.o
    0x2000022a   0x00000001   Data   RW         3891    .data               HSC32K1_Base.lib(magdecode.o)
    0x2000022b   0x00000001   PAD
    0x2000022c   0x00000004   Data   RW         3926    .data               mc_w.l(rand.o)
    0x20000230   0x00000004   Data   RW         4249    .data               mc_w.l(stdout.o)
    0x20000234   0x00000004   Data   RW         4256    .data               mc_w.l(mvars.o)
    0x20000238   0x00000004   Data   RW         4257    .data               mc_w.l(mvars.o)
    0x2000023c   0x00000104   Zero   RW          287    .bss                app.o
    0x20000340   0x00000190   Zero   RW          937    .bss                dev_msread.o
    0x200004d0   0x00000682   Zero   RW         2968    .bss                usb_endp.o
    0x20000b52   0x00000002   PAD
    0x20000b54   0x0000001c   Zero   RW         3393    .bss                usb_init.o
    0x20000b70   0x00001a43   Zero   RW         3889    .bss                HSC32K1_Base.lib(magdecode.o)
    0x200025b3   0x00000005   PAD
    0x200025b8   0x00000020   Zero   RW         2807    HEAP                startup_stm32f10x_md.o
    0x200025d8   0x00000400   Zero   RW         2806    STACK               startup_stm32f10x_md.o


==============================================================================

Image component sizes


      Code (inc. data)   RO Data    RW Data    ZI Data      Debug   Object Name

      2686         28      10280          0          0       4280   aes.o
      2584        158         45         20        260      32001   app.o
      2112         38        512          0          0       7068   des.o
       158          0          0          0          0       1973   dev_eprom.o
      1408         72          0          0        400       2241   dev_msread.o
       184          4          0          0          0        996   dev_timer.o
       324         26          0          4          0       4060   dev_uart.o
      1162         70          0          3          0       7708   dukpt.o
       302         28          0          1          0       7647   hw_config.o
        40          8          0          0          0        447   ini.o
       744         68          0          4          0     263240   main.o
       120         20          0          0          0       1199   misc.o
      2778         32         64          0          0       4796   sha1.o
        36          8        236          0       1056        740   startup_stm32f10x_md.o
       156         14          0          0          0       1744   stm32f10x_exti.o
       298         42          0          0          0       5416   stm32f10x_flash.o
       214          6          0          0          0       3434   stm32f10x_gpio.o
       730         68          0         20          0       7792   stm32f10x_it.o
        36          8          0          0          0        872   stm32f10x_pwr.o
       592        108          0         20          0      10235   stm32f10x_rcc.o
        64         16          0          0          0       1316   stm32f10x_rtc.o
       228         42          0          0          0       4109   stm32f10x_tim.o
       386         24          0          0          0       4548   stm32f10x_usart.o
       252         30          0          0          0       1397   system_stm32f10x.o
      2146        276          0          4          0      12527   usb_core.o
         0          0        182         26          0       3976   usb_desc.o
       510         48          0         12       1666       4280   usb_endp.o
        40         18          0         15         28       3806   usb_init.o
       332         26          0          4          0       1396   usb_int.o
       192         22          0         60          0       1208   usb_istr.o
        72         12          0          0          0       1344   usb_mem.o
       522        114          0        154          0      10977   usb_prop.o
       232         34          0          7          0       2986   usb_pwr.o
       558        108          0          0          0       7745   usb_regs.o
       106          8          0          0          0       1706   usb_sil.o
       540         10          0        193          0       2669   utilities.o

    ----------------------------------------------------------------------
     22872       1594      11351        554       3412     433879   Object Totals
         0          0         32          0          0          0   (incl. Generated)
        28          0          0          7          2          0   (incl. Padding)

    ----------------------------------------------------------------------

      Code (inc. data)   RO Data    RW Data    ZI Data      Debug   Library Member Name

      5100        182         16          1       6723      15310   magdecode.o
       220         16          0          0          0         84   ceil.o
        92          0          0          0          0          0   __dczerorl2.o
         0          0          0          0          0          0   entry.o
         0          0          0          0          0          0   entry10a.o
         0          0          0          0          0          0   entry11a.o
         8          4          0          0          0          0   entry2.o
         4          0          0          0          0          0   entry5.o
         0          0          0          0          0          0   entry7b.o
         0          0          0          0          0          0   entry8b.o
         8          4          0          0          0          0   entry9a.o
        30          0          0          0          0          0   handlers.o
        36          8          0          0          0         68   init.o
         0          0          0          0          0          0   iusefp.o
        30          0          0          0          0         68   llshl.o
        36          0          0          0          0         68   llsshr.o
        32          0          0          0          0         68   llushr.o
       188         20          0          0          0        160   malloc.o
        26          0          0          0          0         80   memcmp.o
        36          0          0          0          0         68   memcpya.o
        36          0          0          0          0        108   memseta.o
         0          0          0          8          0          0   mvars.o
      2242         90          0          0          0        444   printfa.o
        36         10          0          4          0        136   rand.o
         0          0          0          4          0          0   stdout.o
        14          0          0          0          0         68   strlen.o
        44          0          0          0          0         80   uidiv.o
        98          0          0          0          0         92   uldiv.o
        40          2          0          0          0         68   cdrcmple.o
       334          0          0          0          0        148   dadd.o
       222          0          0          0          0        100   ddiv.o
       190          0          0          0          0        176   depilogue.o
        50          0          0          0          0         76   dfixui.o
        48          0          0          0          0         68   dfixul.o
        34          0          0          0          0         76   dflti.o
       228          0          0          0          0         96   dmul.o
        46          0          0          0          0         80   dscalb.o

    ----------------------------------------------------------------------
      9512        336         17         18       6728      17790   Library Totals
         4          0          1          1          5          0   (incl. Padding)

    ----------------------------------------------------------------------

      Code (inc. data)   RO Data    RW Data    ZI Data      Debug   Library Name

      5100        182         16          1       6723      15310   HSC32K1_Base.lib
       220         16          0          0          0         84   m_ws.l
      2996        136          0         16          0       1508   mc_w.l
      1192          2          0          0          0        888   mf_w.l

    ----------------------------------------------------------------------
      9512        336         17         18       6728      17790   Library Totals

    ----------------------------------------------------------------------

==============================================================================


      Code (inc. data)   RO Data    RW Data    ZI Data      Debug   

     32384       1930      11368        572      10140     439397   Grand Totals
     32384       1930      11368        284      10140     439397   ELF Image Totals (compressed)
     32384       1930      11368        284          0          0   ROM Totals

==============================================================================

    Total RO  Size (Code + RO Data)                43752 (  42.73kB)
    Total RW  Size (RW Data + ZI Data)             10712 (  10.46kB)
    Total ROM Size (Code + RO Data + RW Data)      44036 (  43.00kB)

==============================================================================

