<html>
<body>
<pre>
<h1>µVision Build Log</h1>
<h2>Project:</h2>
E:\PFProject\0.SecureHead\3 sourcecode\HID\FW\hid_iap\MDK-ARM\usbd_custom_hid.uvproj
Project File Date:  11/30/2017

<h2>Output:</h2>
Build target 'HID_custom'
linking...
Program Size: Code=8832 RO-data=788 RW-data=280 ZI-data=3528  
FromELF: creating hex file...
After Build - User command #1: fromelf.exe --bin -o GD32150R-OBJ\BinaryOutput\iap.bin GD32150R-OBJ\Custom_HID.axf
".\GD32150R-OBJ\Custom_HID.axf" - 0 Error(s), 0 Warning(s).
Load "E:\\PFProject\\0.SecureHead\\3 sourcecode\\HID\\FW\\hid_iap\\MDK-ARM\\GD32150R-OBJ\\Custom_HID.axf" 
Erase Done.
Programming Done.
Verify OK.
Application running ...
</pre>
</body>
</html>
