ARM Linker, 5.03 [Build 76] [MDK-ARM Standard]

==============================================================================

Section Cross References

    aes.o(i.AES_cbc_encrypt) refers to aes.o(i.AES_encrypt) for AES_encrypt
    aes.o(i.AES_cbc_encrypt) refers to memcpya.o(.text) for __aeabi_memcpy
    aes.o(i.AES_cbc_encrypt) refers to aes.o(i.AES_decrypt) for AES_decrypt
    aes.o(i.AES_decrypt) refers to aes.o(.constdata) for .constdata
    aes.o(i.AES_encrypt) refers to aes.o(.constdata) for .constdata
    aes.o(i.AES_set_decrypt_key) refers to aes.o(i.AES_set_encrypt_key) for AES_set_encrypt_key
    aes.o(i.AES_set_decrypt_key) refers to aes.o(.constdata) for .constdata
    aes.o(i.AES_set_encrypt_key) refers to aes.o(.constdata) for .constdata
    app.o(i.CalcCryptoKey) refers to dukpt.o(i.IDT_LoadInitKey) for IDT_LoadInitKey
    app.o(i.CalcCryptoKey) refers to dukpt.o(i.IDT_ChangeCounter) for IDT_ChangeCounter
    app.o(i.CalcCryptoKey) refers to dukpt.o(i.IDT_EncryptPIN) for IDT_EncryptPIN
    app.o(i.CalcCryptoKey) refers to dukpt.o(i.IDT_GetNumOfOnes) for IDT_GetNumOfOnes
    app.o(i.CalcCryptoKey) refers to app.o(.data) for .data
    app.o(i.CalcCryptoKey) refers to app.o(.bss) for .bss
    app.o(i.DealRxData) refers to dev_uart.o(i.DBG_H) for DBG_H
    app.o(i.DealRxData) refers to gd32f1x0_wwdgt.o(i.wwdgt_counter_update) for wwdgt_counter_update
    app.o(i.DealRxData) refers to app.o(i.send_frame) for send_frame
    app.o(i.DealRxData) refers to app.o(i.init_serial_boot) for init_serial_boot
    app.o(i.DealRxData) refers to ini.o(i.WriteUpgradeFlag) for WriteUpgradeFlag
    app.o(i.DealRxData) refers to memseta.o(.text) for __aeabi_memclr
    app.o(i.DealRxData) refers to app.o(i.WriteENCKEY) for WriteENCKEY
    app.o(i.DealRxData) refers to utilities.o(i.from64tobits) for from64tobits
    app.o(i.DealRxData) refers to app.o(i.AsciiToHex) for AsciiToHex
    app.o(i.DealRxData) refers to app.o(i.GetNextKSN) for GetNextKSN
    app.o(i.DealRxData) refers to app.o(i.Random) for Random
    app.o(i.DealRxData) refers to des.o(i.tri_des) for tri_des
    app.o(i.DealRxData) refers to memcmp.o(.text) for memcmp
    app.o(i.DealRxData) refers to memcpya.o(.text) for __aeabi_memcpy
    app.o(i.DealRxData) refers to app.o(.data) for .data
    app.o(i.DealRxData) refers to magdecode.o(.bss) for TempTrackDirtData
    app.o(i.DealRxData) refers to app.o(.bss) for .bss
    app.o(i.DealSerialParse) refers to usb_endp.o(i.UsbRecvOne) for UsbRecvOne
    app.o(i.DealSerialParse) refers to magdecode.o(.bss) for TempTrackDirtData
    app.o(i.DealSerialParse) refers to app.o(.data) for .data
    app.o(i.GetNextKSN) refers to app.o(i.WriteENCKEY) for WriteENCKEY
    app.o(i.GetNextKSN) refers to app.o(.bss) for .bss
    app.o(i.GetNextKSN) refers to app.o(.data) for .data
    app.o(i.Random) refers to rand.o(.text) for rand
    app.o(i.Random) refers to app.o(.data) for .data
    app.o(i.ReadENCKEY) refers to memseta.o(.text) for __aeabi_memclr4
    app.o(i.ReadENCKEY) refers to dev_eprom.o(i.ReadBlockFlash) for ReadBlockFlash
    app.o(i.ReadENCKEY) refers to des.o(i.tri_des) for tri_des
    app.o(i.ReadENCKEY) refers to memcpya.o(.text) for __aeabi_memcpy
    app.o(i.ReadENCKEY) refers to app.o(.constdata) for .constdata
    app.o(i.ReadENCKEY) refers to app.o(.bss) for .bss
    app.o(i.WriteENCKEY) refers to memseta.o(.text) for __aeabi_memclr4
    app.o(i.WriteENCKEY) refers to memcpya.o(.text) for __aeabi_memcpy
    app.o(i.WriteENCKEY) refers to des.o(i.tri_des) for tri_des
    app.o(i.WriteENCKEY) refers to dev_eprom.o(i.EarseBlockFlash) for EarseBlockFlash
    app.o(i.WriteENCKEY) refers to dev_eprom.o(i.WriteBlockFlash) for WriteBlockFlash
    app.o(i.WriteENCKEY) refers to app.o(.data) for .data
    app.o(i.WriteENCKEY) refers to app.o(.bss) for .bss
    app.o(i.WriteENCKEY) refers to app.o(.constdata) for .constdata
    app.o(i.init_serial_boot) refers to app.o(.data) for .data
    app.o(i.send_frame) refers to app.o(i.init_serial_boot) for init_serial_boot
    app.o(i.send_frame) refers to strlen.o(.text) for strlen
    app.o(i.send_frame) refers to utilities.o(i.to64frombits) for to64frombits
    app.o(i.send_frame) refers to memcpya.o(.text) for __aeabi_memcpy4
    app.o(i.send_frame) refers to utilities.o(i.GetKeyCkeckValue) for GetKeyCkeckValue
    app.o(i.send_frame) refers to app.o(i.HexToAscii) for HexToAscii
    app.o(i.send_frame) refers to usb_endp.o(i.UsbSendBuff) for UsbSendBuff
    app.o(i.send_frame) refers to magdecode.o(.bss) for TempTrackDirtData
    app.o(i.send_frame) refers to app.o(.bss) for .bss
    app.o(i.send_frame) refers to app.o(.data) for .data
    app.o(i.send_frame) refers to app.o(.constdata) for .constdata
    custom_hid_core.o(i.custom_hid_data_handler) refers to usbd_core.o(i.usbd_ep_rx) for usbd_ep_rx
    custom_hid_core.o(i.custom_hid_data_handler) refers to custom_hid_core.o(.bss) for .bss
[...]
    i.DecodeTimeToBit                        0x08004998   Section        0  magdecode.o(i.DecodeTimeToBit)
    i.DecodeTrackData                        0x08004c94   Section        0  magdecode.o(i.DecodeTrackData)
    i.DoFirstChange                          0x0800554c   Section        0  des.o(i.DoFirstChange)
    i.DoKey                                  0x080055a4   Section        0  des.o(i.DoKey)
    i.DoLeft                                 0x08005614   Section        0  des.o(i.DoLeft)
    i.DoRight                                0x0800564e   Section        0  des.o(i.DoRight)
    i.EP1_IN_Callback                        0x08005698   Section        0  usb_endp.o(i.EP1_IN_Callback)
    i.EP1_OUT_Callback                       0x080056a4   Section        0  usb_endp.o(i.EP1_OUT_Callback)
    i.EXTI0_1_IRQHandler                     0x08005774   Section        0  gd32f1x0_it.o(i.EXTI0_1_IRQHandler)
    i.EXTI4_15_IRQHandler                    0x08005848   Section        0  gd32f1x0_it.o(i.EXTI4_15_IRQHandler)
    i.EXTI_Configuration                     0x080058c0   Section        0  main.o(i.EXTI_Configuration)
    i.E_expand                               0x08005968   Section        0  des.o(i.E_expand)
    i.EarseBlockFlash                        0x080059fc   Section        0  dev_eprom.o(i.EarseBlockFlash)
    i.Find_S                                 0x08005a28   Section        0  des.o(i.Find_S)
    i.FlushBuffer_Init                       0x08005abc   Section        0  magdecode.o(i.FlushBuffer_Init)
    i.GetKeyCkeckValue                       0x08005ad0   Section        0  utilities.o(i.GetKeyCkeckValue)
    i.GetNextKSN                             0x08005b70   Section        0  app.o(i.GetNextKSN)
    i.HardFault_Handler                      0x08005be0   Section        0  gd32f1x0_it.o(i.HardFault_Handler)
    i.HexToAscii                             0x08005be2   Section        0  app.o(i.HexToAscii)
    i.IDT_CalcLRC                            0x08005c20   Section        0  dukpt.o(i.IDT_CalcLRC)
    i.IDT_ChangeCounter                      0x08005c44   Section        0  dukpt.o(i.IDT_ChangeCounter)
    i.IDT_EncryptPIN                         0x08005c74   Section        0  dukpt.o(i.IDT_EncryptPIN)
    i.IDT_GenNewKeys                         0x08005dbc   Section        0  dukpt.o(i.IDT_GenNewKeys)
    i.IDT_GetNumOfOnes                       0x08005e3c   Section        0  dukpt.o(i.IDT_GetNumOfOnes)
    i.IDT_GetSetBitPos                       0x08005e56   Section        0  dukpt.o(i.IDT_GetSetBitPos)
    i.IDT_InitCryptoReg                      0x08005e6e   Section        0  dukpt.o(i.IDT_InitCryptoReg)
    i.IDT_LoadInitKey                        0x08005eac   Section        0  dukpt.o(i.IDT_LoadInitKey)
    i.IDT_NonReversibleKeyGen                0x08005f44   Section        0  dukpt.o(i.IDT_NonReversibleKeyGen)
    i.IDT_PropogateKeys                      0x08005fc8   Section        0  dukpt.o(i.IDT_PropogateKeys)
    i.IDT_SetBit                             0x08006088   Section        0  dukpt.o(i.IDT_SetBit)
    i.IDT_UpdateKSN                          0x08006094   Section        0  dukpt.o(i.IDT_UpdateKSN)
    i.InitMagDecode                          0x080060ac   Section        0  magdecode.o(i.InitMagDecode)
    i.MSR_Character_Decoder                  0x0800610c   Section        0  magdecode.o(i.MSR_Character_Decoder)
    i.MSR_SendData                           0x08006190   Section        0  dev_msread.o(i.MSR_SendData)
    i.MSR_WaitForReady                       0x0800670c   Section        0  magdecode.o(i.MSR_WaitForReady)
    i.MagDecodeTrack                         0x08006718   Section        0  magdecode.o(i.MagDecodeTrack)
    i.MemManage_Handler                      0x080067b4   Section        0  gd32f1x0_it.o(i.MemManage_Handler)
    i.NMI_Handler                            0x080067b6   Section        0  gd32f1x0_it.o(i.NMI_Handler)
    i.NVIC_SetPriority                       0x080067b8   Section        0  systick.o(i.NVIC_SetPriority)
    NVIC_SetPriority                         0x080067b9   Thumb Code    22  systick.o(i.NVIC_SetPriority)
    i.P_chang                                0x080067d8   Section        0  des.o(i.P_chang)
    i.PendSV_Handler                         0x080068ea   Section        0  gd32f1x0_it.o(i.PendSV_Handler)
    i.PllSmooth                              0x080068ec   Section        0  magdecode.o(i.PllSmooth)
    PllSmooth                                0x080068ed   Thumb Code    52  magdecode.o(i.PllSmooth)
    i.Random                                 0x08006920   Section        0  app.o(i.Random)
    i.ReadBlockFlash                         0x08006944   Section        0  dev_eprom.o(i.ReadBlockFlash)
    i.ReadENCKEY                             0x0800696c   Section        0  app.o(i.ReadENCKEY)
    i.SHA1Final                              0x080069e8   Section        0  sha1.o(i.SHA1Final)
    i.SHA1Guts                               0x08006a60   Section        0  sha1.o(i.SHA1Guts)
    SHA1Guts                                 0x08006a61   Thumb Code  2464  sha1.o(i.SHA1Guts)
    i.SHA1Init                               0x08007400   Section        0  sha1.o(i.SHA1Init)
    i.SHA1Update                             0x08007430   Section        0  sha1.o(i.SHA1Update)
    i.SVC_Handler                            0x080074a4   Section        0  gd32f1x0_it.o(i.SVC_Handler)
    i.SetBit                                 0x080074a6   Section        0  magdecode.o(i.SetBit)
    SetBit                                   0x080074a7   Thumb Code    12  magdecode.o(i.SetBit)
    i.SetF2FInputBuffer                      0x080074b4   Section        0  magdecode.o(i.SetF2FInputBuffer)
    i.SetKey                                 0x08007508   Section        0  des.o(i.SetKey)
    i.SysTick_Handler                        0x0800770e   Section        0  gd32f1x0_it.o(i.SysTick_Handler)
    i.SystemInit                             0x08007714   Section        0  system_gd32f1x0.o(i.SystemInit)
    i.TIM1_Cap_Init                          0x08007778   Section        0  dev_timer.o(i.TIM1_Cap_Init)
    i.TIM2_Cnt_Init                          0x080077c4   Section        0  dev_timer.o(i.TIM2_Cnt_Init)
    i.TIMER1_IRQHandler                      0x08007834   Section        0  gd32f1x0_it.o(i.TIMER1_IRQHandler)
    i.TIMER2_IRQHandler                      0x08007838   Section        0  gd32f1x0_it.o(i.TIMER2_IRQHandler)
    i.USART0_IRQHandler                      0x08007864   Section        0  gd32f1x0_it.o(i.USART0_IRQHandler)
    i.USBD_LP_IRQHandler                     0x080078a4   Section        0  gd32f1x0_it.o(i.USBD_LP_IRQHandler)
    i.UsageFault_Handler                     0x080078a8   Section        0  gd32f1x0_it.o(i.UsageFault_Handler)
    i.UsbRecvOne                             0x080078ac   Section        0  usb_endp.o(i.UsbRecvOne)
    i.UsbRecvReset                           0x080078e0   Section        0  usb_endp.o(i.UsbRecvReset)
    i.UsbSendBuff                            0x080078fc   Section        0  usb_endp.o(i.UsbSendBuff)
    i.WriteBlockFlash                        0x0800797c   Section        0  dev_eprom.o(i.WriteBlockFlash)
    i.WriteENCKEY                            0x080079d0   Section        0  app.o(i.WriteENCKEY)
    i.WriteUpgradeFlag                       0x08007a64   Section        0  ini.o(i.WriteUpgradeFlag)
    i.__scatterload_copy                     0x08007a8c   Section       14  handlers.o(i.__scatterload_copy)
    i.__scatterload_null                     0x08007a9a   Section        2  handlers.o(i.__scatterload_null)
    i.__scatterload_zeroinit                 0x08007a9c   Section       14  handlers.o(i.__scatterload_zeroinit)
    i.burnStack                              0x08007aaa   Section        0  sha1.o(i.burnStack)
    burnStack                                0x08007aab   Thumb Code    30  sha1.o(i.burnStack)
    i.ceil                                   0x08007ac8   Section        0  ceil.o(i.ceil)
    i.custom_hid_data_handler                0x08007ba4   Section        0  custom_hid_core.o(i.custom_hid_data_handler)
    i.custom_hid_deinit                      0x08007bd0   Section        0  custom_hid_core.o(i.custom_hid_deinit)
    i.custom_hid_init                        0x08007be8   Section        0  custom_hid_core.o(i.custom_hid_init)
    i.custom_hid_req_handler                 0x08007c14   Section        0  custom_hid_core.o(i.custom_hid_req_handler)
    i.delay_decrement                        0x08007cd0   Section        0  systick.o(i.delay_decrement)
    i.des                                    0x08007cec   Section        0  des.o(i.des)
    i.exti_init                              0x08007ed8   Section        0  gd32f1x0_exti.o(i.exti_init)
    i.exti_interrupt_flag_clear              0x08007f40   Section        0  gd32f1x0_exti.o(i.exti_interrupt_flag_clear)
    i.exti_interrupt_flag_get                0x08007f4c   Section        0  gd32f1x0_exti.o(i.exti_interrupt_flag_get)
    i.f_fun                                  0x08007f6c   Section        0  des.o(i.f_fun)
    i.fmc_lock                               0x08007ff4   Section        0  gd32f1x0_fmc.o(i.fmc_lock)
    i.fmc_page_erase                         0x08008004   Section        0  gd32f1x0_fmc.o(i.fmc_page_erase)
    i.fmc_ready_wait                         0x08008040   Section        0  gd32f1x0_fmc.o(i.fmc_ready_wait)
    i.fmc_state_get                          0x08008058   Section        0  gd32f1x0_fmc.o(i.fmc_state_get)
    i.fmc_unlock                             0x08008080   Section        0  gd32f1x0_fmc.o(i.fmc_unlock)
    i.fmc_word_program                       0x080080a0   Section        0  gd32f1x0_fmc.o(i.fmc_word_program)
    i.free                                   0x080080d4   Section        0  malloc.o(i.free)
    i.from64tobits                           0x08008124   Section        0  utilities.o(i.from64tobits)
    i.get_tick                               0x08008210   Section        0  systick.o(i.get_tick)
    i.gpio_af_set                            0x0800821c   Section        0  gd32f1x0_gpio.o(i.gpio_af_set)
    i.gpio_bit_set                           0x08008272   Section        0  gd32f1x0_gpio.o(i.gpio_bit_set)
    i.gpio_configuration                     0x08008278   Section        0  main.o(i.gpio_configuration)
    i.gpio_mode_set                          0x08008310   Section        0  gd32f1x0_gpio.o(i.gpio_mode_set)
    i.gpio_output_options_set                0x08008358   Section        0  gd32f1x0_gpio.o(i.gpio_output_options_set)
    i.init_serial_boot                       0x08008398   Section        0  app.o(i.init_serial_boot)
    i.main                                   0x080083a8   Section        0  main.o(i.main)
    i.malloc                                 0x080084f4   Section        0  malloc.o(i.malloc)
    i.nvic_config                            0x08008560   Section        0  main.o(i.nvic_config)
    i.nvic_irq_enable                        0x08008578   Section        0  gd32f1x0_misc.o(i.nvic_irq_enable)
    i.nvic_priority_group_set                0x08008604   Section        0  gd32f1x0_misc.o(i.nvic_priority_group_set)
    i.nvic_vector_table_set                  0x08008618   Section        0  gd32f1x0_misc.o(i.nvic_vector_table_set)
    i.rcu_config                             0x0800862c   Section        0  main.o(i.rcu_config)
    i.rcu_periph_clock_enable                0x08008648   Section        0  gd32f1x0_rcu.o(i.rcu_periph_clock_enable)
    i.rcu_periph_reset_disable               0x08008664   Section        0  gd32f1x0_rcu.o(i.rcu_periph_reset_disable)
    i.rcu_periph_reset_enable                0x08008680   Section        0  gd32f1x0_rcu.o(i.rcu_periph_reset_enable)
    i.rcu_usbd_clock_config                  0x0800869c   Section        0  gd32f1x0_rcu.o(i.rcu_usbd_clock_config)
    i.resume_mcu                             0x080086b4   Section        0  usbd_pwr.o(i.resume_mcu)
    i.send_frame                             0x080086d0   Section        0  app.o(i.send_frame)
    i.set_tick                               0x08008a6c   Section        0  systick.o(i.set_tick)
    i.syscfg_exti_line_config                0x08008a78   Section        0  gd32f1x0_syscfg.o(i.syscfg_exti_line_config)
    i.system_clock_72m_hxtal                 0x08008ad4   Section        0  system_gd32f1x0.o(i.system_clock_72m_hxtal)
    system_clock_72m_hxtal                   0x08008ad5   Thumb Code   100  system_gd32f1x0.o(i.system_clock_72m_hxtal)
    i.systick_config                         0x08008b40   Section        0  systick.o(i.systick_config)
    i.timer_auto_reload_shadow_enable        0x08008b80   Section        0  gd32f1x0_timer.o(i.timer_auto_reload_shadow_enable)
    i.timer_deinit                           0x08008b8c   Section        0  gd32f1x0_timer.o(i.timer_deinit)
    i.timer_disable                          0x08008c0c   Section        0  gd32f1x0_timer.o(i.timer_disable)
    i.timer_enable                           0x08008c16   Section        0  gd32f1x0_timer.o(i.timer_enable)
    i.timer_init                             0x08008c20   Section        0  gd32f1x0_timer.o(i.timer_init)
    i.timer_interrupt_enable                 0x08008cb0   Section        0  gd32f1x0_timer.o(i.timer_interrupt_enable)
    i.timer_interrupt_flag_clear             0x08008cb8   Section        0  gd32f1x0_timer.o(i.timer_interrupt_flag_clear)
    i.timer_interrupt_flag_get               0x08008cc0   Section        0  gd32f1x0_timer.o(i.timer_interrupt_flag_get)
    i.to64frombits                           0x08008cd8   Section        0  utilities.o(i.to64frombits)
    i.tri_des                                0x08008d68   Section        0  des.o(i.tri_des)
    i.uart_puts                              0x08008d94   Section        0  dev_uart.o(i.uart_puts)
    i.usart_data_receive                     0x08008d96   Section        0  gd32f1x0_usart.o(i.usart_data_receive)
    i.usart_interrupt_flag_get               0x08008d9e   Section        0  gd32f1x0_usart.o(i.usart_interrupt_flag_get)
    i.usbd_clearfeature                      0x08008dd4   Section        0  usbd_std.o(i.usbd_clearfeature)
    usbd_clearfeature                        0x08008dd5   Thumb Code   166  usbd_std.o(i.usbd_clearfeature)
    i.usbd_configuration_descriptor_get      0x08008e84   Section        0  usbd_std.o(i.usbd_configuration_descriptor_get)
    usbd_configuration_descriptor_get        0x08008e85   Thumb Code    10  usbd_std.o(i.usbd_configuration_descriptor_get)
    i.usbd_core_init                         0x08008e90   Section        0  usbd_core.o(i.usbd_core_init)
    i.usbd_device_class_request              0x08008ebc   Section        0  usbd_std.o(i.usbd_device_class_request)
    i.usbd_device_descriptor_get             0x08008f04   Section        0  usbd_std.o(i.usbd_device_descriptor_get)
    usbd_device_descriptor_get               0x08008f05   Thumb Code    10  usbd_std.o(i.usbd_device_descriptor_get)
    i.usbd_enum_error                        0x08008f0e   Section        0  usbd_std.o(i.usbd_enum_error)
    i.usbd_ep_clear_stall                    0x08008f14   Section        0  usbd_core.o(i.usbd_ep_clear_stall)
    i.usbd_ep_data_read                      0x08008f80   Section        0  usbd_core.o(i.usbd_ep_data_read)
    i.usbd_ep_data_write                     0x08008fa4   Section        0  usbd_core.o(i.usbd_ep_data_write)
    i.usbd_ep_deinit                         0x08008fc8   Section        0  usbd_core.o(i.usbd_ep_deinit)
    i.usbd_ep_init                           0x08009010   Section        0  usbd_core.o(i.usbd_ep_init)
    i.usbd_ep_rx                             0x080090b8   Section        0  usbd_core.o(i.usbd_ep_rx)
    i.usbd_ep_stall                          0x08009124   Section        0  usbd_core.o(i.usbd_ep_stall)
    i.usbd_ep_tx                             0x08009180   Section        0  usbd_core.o(i.usbd_ep_tx)
    i.usbd_getconfiguration                  0x080091e8   Section        0  usbd_std.o(i.usbd_getconfiguration)
    usbd_getconfiguration                    0x080091e9   Thumb Code    48  usbd_std.o(i.usbd_getconfiguration)
    i.usbd_getdescriptor                     0x08009218   Section        0  usbd_std.o(i.usbd_getdescriptor)
    usbd_getdescriptor                       0x08009219   Thumb Code   118  usbd_std.o(i.usbd_getdescriptor)
    i.usbd_getinterface                      0x08009294   Section        0  usbd_std.o(i.usbd_getinterface)
    usbd_getinterface                        0x08009295   Thumb Code    32  usbd_std.o(i.usbd_getinterface)
    i.usbd_getstatus                         0x080092b4   Section        0  usbd_std.o(i.usbd_getstatus)
    usbd_getstatus                           0x080092b5   Thumb Code   156  usbd_std.o(i.usbd_getstatus)
    i.usbd_in_transaction                    0x08009350   Section        0  usbd_std.o(i.usbd_in_transaction)
    i.usbd_intf_esof                         0x08009428   Section        0  usbd_int.o(i.usbd_intf_esof)
    usbd_intf_esof                           0x08009429   Thumb Code    62  usbd_int.o(i.usbd_intf_esof)
    i.usbd_intf_lpst                         0x08009474   Section        0  usbd_int.o(i.usbd_intf_lpst)
    usbd_intf_lpst                           0x08009475   Thumb Code   278  usbd_int.o(i.usbd_intf_lpst)
    i.usbd_intf_reset                        0x08009594   Section        0  usbd_int.o(i.usbd_intf_reset)
    usbd_intf_reset                          0x08009595   Thumb Code    86  usbd_int.o(i.usbd_intf_reset)
    i.usbd_isr                               0x080095f8   Section        0  usbd_int.o(i.usbd_isr)
    i.usbd_out_transaction                   0x080096e8   Section        0  usbd_std.o(i.usbd_out_transaction)
    i.usbd_reserved                          0x0800976c   Section        0  usbd_std.o(i.usbd_reserved)
    usbd_reserved                            0x0800976d   Thumb Code     2  usbd_std.o(i.usbd_reserved)
    i.usbd_setaddress                        0x08009770   Section        0  usbd_std.o(i.usbd_setaddress)
    usbd_setaddress                          0x08009771   Thumb Code    72  usbd_std.o(i.usbd_setaddress)
    i.usbd_setconfiguration                  0x080097c4   Section        0  usbd_std.o(i.usbd_setconfiguration)
    usbd_setconfiguration                    0x080097c5   Thumb Code   124  usbd_std.o(i.usbd_setconfiguration)
    i.usbd_setdescriptor                     0x0800984c   Section        0  usbd_std.o(i.usbd_setdescriptor)
    usbd_setdescriptor                       0x0800984d   Thumb Code     2  usbd_std.o(i.usbd_setdescriptor)
    i.usbd_setfeature                        0x08009850   Section        0  usbd_std.o(i.usbd_setfeature)
    usbd_setfeature                          0x08009851   Thumb Code   138  usbd_std.o(i.usbd_setfeature)
    i.usbd_setinterface                      0x080098e4   Section        0  usbd_std.o(i.usbd_setinterface)
    usbd_setinterface                        0x080098e5   Thumb Code    60  usbd_std.o(i.usbd_setinterface)
    i.usbd_setup_request_parse               0x08009928   Section        0  usbd_std.o(i.usbd_setup_request_parse)
    i.usbd_setup_transaction                 0x08009956   Section        0  usbd_std.o(i.usbd_setup_transaction)
    i.usbd_standard_request                  0x08009994   Section        0  usbd_std.o(i.usbd_standard_request)
    i.usbd_string_descriptor_get             0x080099a8   Section        0  usbd_std.o(i.usbd_string_descriptor_get)
    usbd_string_descriptor_get               0x080099a9   Thumb Code    12  usbd_std.o(i.usbd_string_descriptor_get)
    i.usbd_suspend                           0x080099b4   Section        0  usbd_pwr.o(i.usbd_suspend)
    i.usbd_synchframe                        0x080099c8   Section        0  usbd_std.o(i.usbd_synchframe)
    usbd_synchframe                          0x080099c9   Thumb Code     2  usbd_std.o(i.usbd_synchframe)
    i.wwdgt_counter_update                   0x080099cc   Section        0  gd32f1x0_wwdgt.o(i.wwdgt_counter_update)
    i.xor                                    0x080099e4   Section        0  des.o(i.xor)
    .constdata                               0x080099fc   Section    10280  aes.o(.constdata)
    Te0                                      0x080099fc   Data        1024  aes.o(.constdata)
    Te1                                      0x08009dfc   Data        1024  aes.o(.constdata)
    Te2                                      0x0800a1fc   Data        1024  aes.o(.constdata)
    Te3                                      0x0800a5fc   Data        1024  aes.o(.constdata)
    Te4                                      0x0800a9fc   Data        1024  aes.o(.constdata)
    Td0                                      0x0800adfc   Data        1024  aes.o(.constdata)
    Td1                                      0x0800b1fc   Data        1024  aes.o(.constdata)
    Td2                                      0x0800b5fc   Data        1024  aes.o(.constdata)
    Td3                                      0x0800b9fc   Data        1024  aes.o(.constdata)
    Td4                                      0x0800bdfc   Data        1024  aes.o(.constdata)
    rcon                                     0x0800c1fc   Data          40  aes.o(.constdata)
    .constdata                               0x0800c224   Section       45  app.o(.constdata)
    .constdata                               0x0800c252   Section       20  custom_hid_core.o(.constdata)
    <Data1>                                  0x0800c252   Data          20  custom_hid_core.o(.constdata)
    .constdata                               0x0800c266   Section       62  custom_hid_core.o(.constdata)
    <Data2>                                  0x0800c266   Data          62  custom_hid_core.o(.constdata)
    .constdata                               0x0800c2a4   Section       26  custom_hid_core.o(.constdata)
    <Data3>                                  0x0800c2a4   Data          26  custom_hid_core.o(.constdata)
    .constdata                               0x0800c2be   Section       18  custom_hid_core.o(.constdata)
    .constdata                               0x0800c2d0   Section       90  custom_hid_core.o(.constdata)
    .constdata                               0x0800c32a   Section        4  custom_hid_core.o(.constdata)
    .constdata                               0x0800c330   Section       16  custom_hid_core.o(.constdata)
    .constdata                               0x0800c340   Section      512  des.o(.constdata)
    Sfun_Tab                                 0x0800c340   Data         512  des.o(.constdata)
    .constdata                               0x0800c540   Section       64  sha1.o(.constdata)
    padding                                  0x0800c540   Data          64  sha1.o(.constdata)
    .constdata                               0x0800c580   Section       16  magdecode.o(.constdata)
    PARITY_TAB                               0x0800c580   Data          16  magdecode.o(.constdata)
    .data                                    0x20000000   Section       19  app.o(.data)
    .data                                    0x20000013   Section        1  app.o(.data)
    .data                                    0x20000014   Section       16  custom_hid_core.o(.data)
    usbd_customhid_altset                    0x20000018   Data           4  custom_hid_core.o(.data)
    usbd_customhid_protocol                  0x2000001c   Data           4  custom_hid_core.o(.data)
    usbd_customhid_idlestate                 0x20000020   Data           4  custom_hid_core.o(.data)
    .data                                    0x20000024   Section        1  custom_hid_core.o(.data)
    .data                                    0x20000028   Section        4  custom_hid_core.o(.data)
    .data                                    0x2000002c   Section      124  custom_hid_core.o(.data)
    .data                                    0x200000a8   Section        3  dukpt.o(.data)
    .data                                    0x200000ac   Section       16  gd32f1x0_it.o(.data)
    .data                                    0x200000bc   Section        8  systick.o(.data)
    delay                                    0x200000c0   Data           4  systick.o(.data)
    .data                                    0x200000c4   Section       12  usb_endp.o(.data)
    .data                                    0x200000d0   Section      193  utilities.o(.data)
    base64digits                             0x200000d0   Data          65  utilities.o(.data)
    base64val                                0x20000111   Data         128  utilities.o(.data)
    .data                                    0x20000191   Section        1  magdecode.o(.data)
    .data                                    0x20000192   Section        4  dev_uart.o(.data)
    .data                                    0x20000198   Section       12  usbd_core.o(.data)
    .data                                    0x200001a4   Section        2  usbd_pwr.o(.data)
    .data                                    0x200001a6   Section        1  usbd_pwr.o(.data)
    .data                                    0x200001a8   Section       68  usbd_std.o(.data)
    cfgidx                                   0x200001a9   Data           1  usbd_std.o(.data)
    standard_device_request                  0x200001ac   Data          52  usbd_std.o(.data)
    standard_descriptor_get                  0x200001e0   Data          12  usbd_std.o(.data)
    .data                                    0x200001ec   Section        4  system_gd32f1x0.o(.data)
    .data                                    0x200001f0   Section        4  rand.o(.data)
    _rand_state                              0x200001f0   Data           4  rand.o(.data)
    .data                                    0x200001f4   Section        4  mvars.o(.data)
    .data                                    0x200001f8   Section        4  mvars.o(.data)
    .bss                                     0x200001fc   Section       80  app.o(.bss)
    .bss                                     0x2000024c   Section       64  custom_hid_core.o(.bss)
    .bss                                     0x2000028c   Section      300  usb_endp.o(.bss)
    .bss                                     0x200003b8   Section     6063  magdecode.o(.bss)
    .bss                                     0x20001b68   Section      400  dev_msread.o(.bss)
    HEAP                                     0x20001cf8   Section       32  startup_gd32f1x0.o(HEAP)
    STACK                                    0x20001d18   Section      512  startup_gd32f1x0.o(STACK)

    Global Symbols

    Symbol Name                              Value     Ov Type        Size  Object(Section)

    BuildAttributes$$THM_ISAv4$P$D$K$B$S$PE$A:L22UL41UL21$X:L11$S22US41US21$IEEE1$IW$USESV6$~STKCKD$USESV7$~SHL$OTIME$ROPI$IEEEJ$EBA8$MICROLIB$REQ8$PRES8$EABIv2 0x00000000   Number         0  anon$$obj.o ABSOLUTE
    __ARM_use_no_argv                        0x00000000   Number         0  main.o ABSOLUTE
    _printf_a                                0x00000000   Number         0  stubs.o ABSOLUTE
    _printf_c                                0x00000000   Number         0  stubs.o ABSOLUTE
    _printf_charcount                        0x00000000   Number         0  stubs.o ABSOLUTE
    _printf_d                                0x00000000   Number         0  stubs.o ABSOLUTE
    _printf_e                                0x00000000   Number         0  stubs.o ABSOLUTE
    _printf_f                                0x00000000   Number         0  stubs.o ABSOLUTE
    _printf_flags                            0x00000000   Number         0  stubs.o ABSOLUTE
    _printf_fp_dec                           0x00000000   Number         0  stubs.o ABSOLUTE
    _printf_fp_hex                           0x00000000   Number         0  stubs.o ABSOLUTE
    _printf_g                                0x00000000   Number         0  stubs.o ABSOLUTE
    _printf_i                                0x00000000   Number         0  stubs.o ABSOLUTE
    _printf_int_dec                          0x00000000   Number         0  stubs.o ABSOLUTE
    _printf_l                                0x00000000   Number         0  stubs.o ABSOLUTE
    _printf_lc                               0x00000000   Number         0  stubs.o ABSOLUTE
    _printf_ll                               0x00000000   Number         0  stubs.o ABSOLUTE
    _printf_lld                              0x00000000   Number         0  stubs.o ABSOLUTE
    _printf_lli                              0x00000000   Number         0  stubs.o ABSOLUTE
    _printf_llo                              0x00000000   Number         0  stubs.o ABSOLUTE
    _printf_llu                              0x00000000   Number         0  stubs.o ABSOLUTE
    _printf_llx                              0x00000000   Number         0  stubs.o ABSOLUTE
    _printf_longlong_dec                     0x00000000   Number         0  stubs.o ABSOLUTE
    _printf_longlong_hex                     0x00000000   Number         0  stubs.o ABSOLUTE
    _printf_longlong_oct                     0x00000000   Number         0  stubs.o ABSOLUTE
    _printf_ls                               0x00000000   Number         0  stubs.o ABSOLUTE
    _printf_mbtowc                           0x00000000   Number         0  stubs.o ABSOLUTE
    _printf_n                                0x00000000   Number         0  stubs.o ABSOLUTE
    _printf_o                                0x00000000   Number         0  stubs.o ABSOLUTE
    _printf_p                                0x00000000   Number         0  stubs.o ABSOLUTE
    _printf_percent                          0x00000000   Number         0  stubs.o ABSOLUTE
    _printf_pre_padding                      0x00000000   Number         0  stubs.o ABSOLUTE
    _printf_return_value                     0x00000000   Number         0  stubs.o ABSOLUTE
    _printf_s                                0x00000000   Number         0  stubs.o ABSOLUTE
    _printf_sizespec                         0x00000000   Number         0  stubs.o ABSOLUTE
    _printf_str                              0x00000000   Number         0  stubs.o ABSOLUTE
    _printf_truncate_signed                  0x00000000   Number         0  stubs.o ABSOLUTE
    _printf_truncate_unsigned                0x00000000   Number         0  stubs.o ABSOLUTE
    _printf_u                                0x00000000   Number         0  stubs.o ABSOLUTE
    _printf_wc                               0x00000000   Number         0  stubs.o ABSOLUTE
    _printf_wctomb                           0x00000000   Number         0  stubs.o ABSOLUTE
    _printf_widthprec                        0x00000000   Number         0  stubs.o ABSOLUTE
    _printf_x                                0x00000000   Number         0  stubs.o ABSOLUTE
    __cpp_initialize__aeabi_                  - Undefined Weak Reference
    __cxa_finalize                            - Undefined Weak Reference
    _clock_init                               - Undefined Weak Reference
    _microlib_exit                            - Undefined Weak Reference
    __Vectors_Size                           0x00000168   Number         0  startup_gd32f1x0.o ABSOLUTE
    __Vectors                                0x08003400   Data           4  startup_gd32f1x0.o(RESET)
    __Vectors_End                            0x08003568   Data           0  startup_gd32f1x0.o(RESET)
    __main                                   0x08003569   Thumb Code     0  entry.o(.ARM.Collect$$$$00000000)
    _main_stk                                0x08003569   Thumb Code     0  entry2.o(.ARM.Collect$$$$00000001)
    _main_scatterload                        0x0800356d   Thumb Code     0  entry5.o(.ARM.Collect$$$$00000004)
    __main_after_scatterload                 0x08003571   Thumb Code     0  entry5.o(.ARM.Collect$$$$00000004)
    _main_clock                              0x08003571   Thumb Code     0  entry7b.o(.ARM.Collect$$$$00000008)
    _main_cpp_init                           0x08003571   Thumb Code     0  entry8b.o(.ARM.Collect$$$$0000000A)
    _main_init                               0x08003571   Thumb Code     0  entry9a.o(.ARM.Collect$$$$0000000B)
    __rt_final_cpp                           0x08003579   Thumb Code     0  entry10a.o(.ARM.Collect$$$$0000000D)
    __rt_final_exit                          0x08003579   Thumb Code     0  entry11a.o(.ARM.Collect$$$$0000000F)
    Reset_Handler                            0x0800357d   Thumb Code     8  startup_gd32f1x0.o(.text)
    ADC_CMP_IRQHandler                       0x08003597   Thumb Code     0  startup_gd32f1x0.o(.text)
    CAN0_RX0_IRQHandler                      0x08003597   Thumb Code     0  startup_gd32f1x0.o(.text)
    CAN0_RX1_IRQHandler                      0x08003597   Thumb Code     0  startup_gd32f1x0.o(.text)
    CAN0_SCE_IRQHandler                      0x08003597   Thumb Code     0  startup_gd32f1x0.o(.text)
    CAN0_TX_IRQHandler                       0x08003597   Thumb Code     0  startup_gd32f1x0.o(.text)
    CAN1_RX0_IRQHandler                      0x08003597   Thumb Code     0  startup_gd32f1x0.o(.text)
    CAN1_RX1_IRQHandler                      0x08003597   Thumb Code     0  startup_gd32f1x0.o(.text)
    CAN1_SCE_IRQHandler                      0x08003597   Thumb Code     0  startup_gd32f1x0.o(.text)
    CAN1_TX_IRQHandler                       0x08003597   Thumb Code     0  startup_gd32f1x0.o(.text)
    CEC_IRQHandler                           0x08003597   Thumb Code     0  startup_gd32f1x0.o(.text)
    DMA_Channel0_IRQHandler                  0x08003597   Thumb Code     0  startup_gd32f1x0.o(.text)
    DMA_Channel1_2_IRQHandler                0x08003597   Thumb Code     0  startup_gd32f1x0.o(.text)
    DMA_Channel3_4_IRQHandler                0x08003597   Thumb Code     0  startup_gd32f1x0.o(.text)
    DMA_Channel5_6_IRQHandler                0x08003597   Thumb Code     0  startup_gd32f1x0.o(.text)
    EXTI2_3_IRQHandler                       0x08003597   Thumb Code     0  startup_gd32f1x0.o(.text)
    FMC_IRQHandler                           0x08003597   Thumb Code     0  startup_gd32f1x0.o(.text)
    I2C0_ER_IRQHandler                       0x08003597   Thumb Code     0  startup_gd32f1x0.o(.text)
    I2C0_EV_IRQHandler                       0x08003597   Thumb Code     0  startup_gd32f1x0.o(.text)
    I2C1_ER_IRQHandler                       0x08003597   Thumb Code     0  startup_gd32f1x0.o(.text)
    I2C1_EV_IRQHandler                       0x08003597   Thumb Code     0  startup_gd32f1x0.o(.text)
    I2C2_ER_IRQHandler                       0x08003597   Thumb Code     0  startup_gd32f1x0.o(.text)
    I2C2_EV_IRQHandler                       0x08003597   Thumb Code     0  startup_gd32f1x0.o(.text)
    LVD_IRQHandler                           0x08003597   Thumb Code     0  startup_gd32f1x0.o(.text)
    RCU_IRQHandler                           0x08003597   Thumb Code     0  startup_gd32f1x0.o(.text)
    RTC_IRQHandler                           0x08003597   Thumb Code     0  startup_gd32f1x0.o(.text)
    SLCD_IRQHandler                          0x08003597   Thumb Code     0  startup_gd32f1x0.o(.text)
    SPI0_IRQHandler                          0x08003597   Thumb Code     0  startup_gd32f1x0.o(.text)
    SPI1_IRQHandler                          0x08003597   Thumb Code     0  startup_gd32f1x0.o(.text)
    SPI2_IRQHandler                          0x08003597   Thumb Code     0  startup_gd32f1x0.o(.text)
    TIMER0_BRK_UP_TRG_COM_IRQHandler         0x08003597   Thumb Code     0  startup_gd32f1x0.o(.text)
    TIMER0_CC_IRQHandler                     0x08003597   Thumb Code     0  startup_gd32f1x0.o(.text)
    TIMER13_IRQHandler                       0x08003597   Thumb Code     0  startup_gd32f1x0.o(.text)
    TIMER14_IRQHandler                       0x08003597   Thumb Code     0  startup_gd32f1x0.o(.text)
    TIMER15_IRQHandler                       0x08003597   Thumb Code     0  startup_gd32f1x0.o(.text)
    TIMER16_IRQHandler                       0x08003597   Thumb Code     0  startup_gd32f1x0.o(.text)
    TIMER5_DAC_IRQHandler                    0x08003597   Thumb Code     0  startup_gd32f1x0.o(.text)
    TSI_IRQHandler                           0x08003597   Thumb Code     0  startup_gd32f1x0.o(.text)
    USART1_IRQHandler                        0x08003597   Thumb Code     0  startup_gd32f1x0.o(.text)
    USBDWakeUp_IRQHandler                    0x08003597   Thumb Code     0  startup_gd32f1x0.o(.text)
    USBD_HP_IRQHandler                       0x08003597   Thumb Code     0  startup_gd32f1x0.o(.text)
    WWDGT_IRQHandler                         0x08003597   Thumb Code     0  startup_gd32f1x0.o(.text)
    rand                                     0x080035a1   Thumb Code    20  rand.o(.text)
    srand                                    0x080035b5   Thumb Code     6  rand.o(.text)
    __aeabi_memcpy                           0x080035c5   Thumb Code    36  memcpya.o(.text)
    __aeabi_memcpy4                          0x080035c5   Thumb Code     0  memcpya.o(.text)
    __aeabi_memcpy8                          0x080035c5   Thumb Code     0  memcpya.o(.text)
    __aeabi_memset                           0x080035e9   Thumb Code    14  memseta.o(.text)
    __aeabi_memset4                          0x080035e9   Thumb Code     0  memseta.o(.text)
    __aeabi_memset8                          0x080035e9   Thumb Code     0  memseta.o(.text)
    __aeabi_memclr                           0x080035f7   Thumb Code     4  memseta.o(.text)
    __aeabi_memclr4                          0x080035f7   Thumb Code     0  memseta.o(.text)
    __aeabi_memclr8                          0x080035f7   Thumb Code     0  memseta.o(.text)
    _memset$wrapper                          0x080035fb   Thumb Code    18  memseta.o(.text)
    strlen                                   0x0800360d   Thumb Code    14  strlen.o(.text)
    memcmp                                   0x0800361b   Thumb Code    26  memcmp.o(.text)
    __ARM_scalbn                             0x08003635   Thumb Code    46  dscalb.o(.text)
    scalbn                                   0x08003635   Thumb Code     0  dscalb.o(.text)
    __aeabi_i2d                              0x08003663   Thumb Code    34  dflti.o(.text)
    __aeabi_d2uiz                            0x08003685   Thumb Code    50  dfixui.o(.text)
    __aeabi_llsr                             0x080036b7   Thumb Code    32  llushr.o(.text)
    _ll_ushift_r                             0x080036b7   Thumb Code     0  llushr.o(.text)
    __I$use$fp                               0x080036d7   Thumb Code     0  iusefp.o(.text)
    _double_round                            0x080036d7   Thumb Code    26  depilogue.o(.text)
    _double_epilogue                         0x080036f1   Thumb Code   164  depilogue.o(.text)
    __aeabi_dadd                             0x08003795   Thumb Code   322  dadd.o(.text)
    __aeabi_dsub                             0x080038d7   Thumb Code     6  dadd.o(.text)
    __aeabi_drsub                            0x080038dd   Thumb Code     6  dadd.o(.text)
    __aeabi_cdrcmple                         0x080038e5   Thumb Code    38  cdrcmple.o(.text)
    __scatterload                            0x0800390d   Thumb Code    28  init.o(.text)
    __scatterload_rt2                        0x0800390d   Thumb Code     0  init.o(.text)
    __aeabi_llsl                             0x08003931   Thumb Code    30  llshl.o(.text)
    _ll_shift_l                              0x08003931   Thumb Code     0  llshl.o(.text)
    __aeabi_lasr                             0x0800394f   Thumb Code    36  llsshr.o(.text)
    _ll_sshift_r                             0x0800394f   Thumb Code     0  llsshr.o(.text)
    __decompress                             0x08003973   Thumb Code     0  __dczerorl2.o(.text)
    __decompress1                            0x08003973   Thumb Code    92  __dczerorl2.o(.text)
    AES_cbc_encrypt                          0x080039cf   Thumb Code   242  aes.o(i.AES_cbc_encrypt)
    AES_decrypt                              0x08003ac1   Thumb Code   884  aes.o(i.AES_decrypt)
    AES_encrypt                              0x08003e41   Thumb Code   884  aes.o(i.AES_encrypt)
    AES_set_encrypt_key                      0x080041c1   Thumb Code   648  aes.o(i.AES_set_encrypt_key)
    AsciiToHex                               0x0800444d   Thumb Code   102  app.o(i.AsciiToHex)
    BusFault_Handler                         0x080044b3   Thumb Code     2  gd32f1x0_it.o(i.BusFault_Handler)
    CalcCryptoKey                            0x080044b5   Thumb Code    84  app.o(i.CalcCryptoKey)
    CalcSum                                  0x08004511   Thumb Code    22  usb_endp.o(i.CalcSum)
    DBG_H                                    0x080045a5   Thumb Code     2  dev_uart.o(i.DBG_H)
    DealRxData                               0x080045a9   Thumb Code   806  app.o(i.DealRxData)
    DealSerialParse                          0x080048ed   Thumb Code   160  app.o(i.DealSerialParse)
    DebugMon_Handler                         0x08004995   Thumb Code     2  gd32f1x0_it.o(i.DebugMon_Handler)
    DecodeTimeToBit                          0x08004999   Thumb Code   746  magdecode.o(i.DecodeTimeToBit)
    DecodeTrackData                          0x08004c95   Thumb Code  2232  magdecode.o(i.DecodeTrackData)
    DoFirstChange                            0x0800554d   Thumb Code    88  des.o(i.DoFirstChange)
    DoKey                                    0x080055a5   Thumb Code   112  des.o(i.DoKey)
    DoLeft                                   0x08005615   Thumb Code    58  des.o(i.DoLeft)
    DoRight                                  0x0800564f   Thumb Code    72  des.o(i.DoRight)
    EP1_IN_Callback                          0x08005699   Thumb Code     8  usb_endp.o(i.EP1_IN_Callback)
    EP1_OUT_Callback                         0x080056a5   Thumb Code   192  usb_endp.o(i.EP1_OUT_Callback)
    EXTI0_1_IRQHandler                       0x08005775   Thumb Code   200  gd32f1x0_it.o(i.EXTI0_1_IRQHandler)
    EXTI4_15_IRQHandler                      0x08005849   Thumb Code   112  gd32f1x0_it.o(i.EXTI4_15_IRQHandler)
    EXTI_Configuration                       0x080058c1   Thumb Code   164  main.o(i.EXTI_Configuration)
    E_expand                                 0x08005969   Thumb Code   148  des.o(i.E_expand)
    EarseBlockFlash                          0x080059fd   Thumb Code    44  dev_eprom.o(i.EarseBlockFlash)
    Find_S                                   0x08005a29   Thumb Code   144  des.o(i.Find_S)
    FlushBuffer_Init                         0x08005abd   Thumb Code    14  magdecode.o(i.FlushBuffer_Init)
    GetKeyCkeckValue                         0x08005ad1   Thumb Code   160  utilities.o(i.GetKeyCkeckValue)
    GetNextKSN                               0x08005b71   Thumb Code   104  app.o(i.GetNextKSN)
    HardFault_Handler                        0x08005be1   Thumb Code     2  gd32f1x0_it.o(i.HardFault_Handler)
    HexToAscii                               0x08005be3   Thumb Code    62  app.o(i.HexToAscii)
    IDT_CalcLRC                              0x08005c21   Thumb Code    32  dukpt.o(i.IDT_CalcLRC)
    IDT_ChangeCounter                        0x08005c45   Thumb Code    48  dukpt.o(i.IDT_ChangeCounter)
    IDT_EncryptPIN                           0x08005c75   Thumb Code   316  dukpt.o(i.IDT_EncryptPIN)
    IDT_GenNewKeys                           0x08005dbd   Thumb Code   118  dukpt.o(i.IDT_GenNewKeys)
    IDT_GetNumOfOnes                         0x08005e3d   Thumb Code    26  dukpt.o(i.IDT_GetNumOfOnes)
    IDT_GetSetBitPos                         0x08005e57   Thumb Code    24  dukpt.o(i.IDT_GetSetBitPos)
    IDT_InitCryptoReg                        0x08005e6f   Thumb Code    62  dukpt.o(i.IDT_InitCryptoReg)
    IDT_LoadInitKey                          0x08005ead   Thumb Code   140  dukpt.o(i.IDT_LoadInitKey)
    IDT_NonReversibleKeyGen                  0x08005f45   Thumb Code   114  dukpt.o(i.IDT_NonReversibleKeyGen)
    IDT_PropogateKeys                        0x08005fc9   Thumb Code   178  dukpt.o(i.IDT_PropogateKeys)
    IDT_SetBit                               0x08006089   Thumb Code    12  dukpt.o(i.IDT_SetBit)
    IDT_UpdateKSN                            0x08006095   Thumb Code    22  dukpt.o(i.IDT_UpdateKSN)
    InitMagDecode                            0x080060ad   Thumb Code    74  magdecode.o(i.InitMagDecode)
    MSR_Character_Decoder                    0x0800610d   Thumb Code   114  magdecode.o(i.MSR_Character_Decoder)
    MSR_SendData                             0x08006191   Thumb Code  1378  dev_msread.o(i.MSR_SendData)
    MSR_WaitForReady                         0x0800670d   Thumb Code     8  magdecode.o(i.MSR_WaitForReady)
    MagDecodeTrack                           0x08006719   Thumb Code   144  magdecode.o(i.MagDecodeTrack)
    MemManage_Handler                        0x080067b5   Thumb Code     2  gd32f1x0_it.o(i.MemManage_Handler)
    NMI_Handler                              0x080067b7   Thumb Code     2  gd32f1x0_it.o(i.NMI_Handler)
    P_chang                                  0x080067d9   Thumb Code   274  des.o(i.P_chang)
    PendSV_Handler                           0x080068eb   Thumb Code     2  gd32f1x0_it.o(i.PendSV_Handler)
    Random                                   0x08006921   Thumb Code    32  app.o(i.Random)
    ReadBlockFlash                           0x08006945   Thumb Code    38  dev_eprom.o(i.ReadBlockFlash)
    ReadENCKEY                               0x0800696d   Thumb Code   112  app.o(i.ReadENCKEY)
    SHA1Final                                0x080069e9   Thumb Code   116  sha1.o(i.SHA1Final)
    SHA1Init                                 0x08007401   Thumb Code    36  sha1.o(i.SHA1Init)
    SHA1Update                               0x08007431   Thumb Code   116  sha1.o(i.SHA1Update)
    SVC_Handler                              0x080074a5   Thumb Code     2  gd32f1x0_it.o(i.SVC_Handler)
    SetF2FInputBuffer                        0x080074b5   Thumb Code    70  magdecode.o(i.SetF2FInputBuffer)
    SetKey                                   0x08007509   Thumb Code   518  des.o(i.SetKey)
    SysTick_Handler                          0x0800770f   Thumb Code     4  gd32f1x0_it.o(i.SysTick_Handler)
    SystemInit                               0x08007715   Thumb Code    82  system_gd32f1x0.o(i.SystemInit)
    TIM1_Cap_Init                            0x08007779   Thumb Code    74  dev_timer.o(i.TIM1_Cap_Init)
    TIM2_Cnt_Init                            0x080077c5   Thumb Code   106  dev_timer.o(i.TIM2_Cnt_Init)
    TIMER1_IRQHandler                        0x08007835   Thumb Code     2  gd32f1x0_it.o(i.TIMER1_IRQHandler)
    TIMER2_IRQHandler                        0x08007839   Thumb Code    40  gd32f1x0_it.o(i.TIMER2_IRQHandler)
    USART0_IRQHandler                        0x08007865   Thumb Code    52  gd32f1x0_it.o(i.USART0_IRQHandler)
    USBD_LP_IRQHandler                       0x080078a5   Thumb Code     4  gd32f1x0_it.o(i.USBD_LP_IRQHandler)
    UsageFault_Handler                       0x080078a9   Thumb Code     2  gd32f1x0_it.o(i.UsageFault_Handler)
    UsbRecvOne                               0x080078ad   Thumb Code    44  usb_endp.o(i.UsbRecvOne)
    UsbRecvReset                             0x080078e1   Thumb Code    18  usb_endp.o(i.UsbRecvReset)
    UsbSendBuff                              0x080078fd   Thumb Code   120  usb_endp.o(i.UsbSendBuff)
    WriteBlockFlash                          0x0800797d   Thumb Code    84  dev_eprom.o(i.WriteBlockFlash)
    WriteENCKEY                              0x080079d1   Thumb Code   128  app.o(i.WriteENCKEY)
    WriteUpgradeFlag                         0x08007a65   Thumb Code    32  ini.o(i.WriteUpgradeFlag)
    __scatterload_copy                       0x08007a8d   Thumb Code    14  handlers.o(i.__scatterload_copy)
    __scatterload_null                       0x08007a9b   Thumb Code     2  handlers.o(i.__scatterload_null)
    __scatterload_zeroinit                   0x08007a9d   Thumb Code    14  handlers.o(i.__scatterload_zeroinit)
    ceil                                     0x08007ac9   Thumb Code   204  ceil.o(i.ceil)
    custom_hid_data_handler                  0x08007ba5   Thumb Code    38  custom_hid_core.o(i.custom_hid_data_handler)
    custom_hid_deinit                        0x08007bd1   Thumb Code    22  custom_hid_core.o(i.custom_hid_deinit)
    custom_hid_init                          0x08007be9   Thumb Code    36  custom_hid_core.o(i.custom_hid_init)
    custom_hid_req_handler                   0x08007c15   Thumb Code   176  custom_hid_core.o(i.custom_hid_req_handler)
    delay_decrement                          0x08007cd1   Thumb Code    24  systick.o(i.delay_decrement)
    des                                      0x08007ced   Thumb Code   458  des.o(i.des)
    exti_init                                0x08007ed9   Thumb Code    98  gd32f1x0_exti.o(i.exti_init)
    exti_interrupt_flag_clear                0x08007f41   Thumb Code     6  gd32f1x0_exti.o(i.exti_interrupt_flag_clear)
    exti_interrupt_flag_get                  0x08007f4d   Thumb Code    26  gd32f1x0_exti.o(i.exti_interrupt_flag_get)
    f_fun                                    0x08007f6d   Thumb Code   136  des.o(i.f_fun)
    fmc_lock                                 0x08007ff5   Thumb Code    12  gd32f1x0_fmc.o(i.fmc_lock)
    fmc_page_erase                           0x08008005   Thumb Code    54  gd32f1x0_fmc.o(i.fmc_page_erase)
    fmc_ready_wait                           0x08008041   Thumb Code    22  gd32f1x0_fmc.o(i.fmc_ready_wait)
    fmc_state_get                            0x08008059   Thumb Code    34  gd32f1x0_fmc.o(i.fmc_state_get)
    fmc_unlock                               0x08008081   Thumb Code    18  gd32f1x0_fmc.o(i.fmc_unlock)
    fmc_word_program                         0x080080a1   Thumb Code    48  gd32f1x0_fmc.o(i.fmc_word_program)
    free                                     0x080080d5   Thumb Code    76  malloc.o(i.free)
    from64tobits                             0x08008125   Thumb Code   230  utilities.o(i.from64tobits)
    get_tick                                 0x08008211   Thumb Code     6  systick.o(i.get_tick)
    gpio_af_set                              0x0800821d   Thumb Code    86  gd32f1x0_gpio.o(i.gpio_af_set)
    gpio_bit_set                             0x08008273   Thumb Code     4  gd32f1x0_gpio.o(i.gpio_bit_set)
    gpio_configuration                       0x08008279   Thumb Code   146  main.o(i.gpio_configuration)
    gpio_mode_set                            0x08008311   Thumb Code    72  gd32f1x0_gpio.o(i.gpio_mode_set)
    gpio_output_options_set                  0x08008359   Thumb Code    62  gd32f1x0_gpio.o(i.gpio_output_options_set)
    init_serial_boot                         0x08008399   Thumb Code    12  app.o(i.init_serial_boot)
    main                                     0x080083a9   Thumb Code   200  main.o(i.main)
    malloc                                   0x080084f5   Thumb Code    92  malloc.o(i.malloc)
    nvic_config                              0x08008561   Thumb Code    24  main.o(i.nvic_config)
    nvic_irq_enable                          0x08008579   Thumb Code   132  gd32f1x0_misc.o(i.nvic_irq_enable)
    nvic_priority_group_set                  0x08008605   Thumb Code    10  gd32f1x0_misc.o(i.nvic_priority_group_set)
    nvic_vector_table_set                    0x08008619   Thumb Code    12  gd32f1x0_misc.o(i.nvic_vector_table_set)
    rcu_config                               0x0800862d   Thumb Code    28  main.o(i.rcu_config)
    rcu_periph_clock_enable                  0x08008649   Thumb Code    22  gd32f1x0_rcu.o(i.rcu_periph_clock_enable)
    rcu_periph_reset_disable                 0x08008665   Thumb Code    22  gd32f1x0_rcu.o(i.rcu_periph_reset_disable)
    rcu_periph_reset_enable                  0x08008681   Thumb Code    22  gd32f1x0_rcu.o(i.rcu_periph_reset_enable)
    rcu_usbd_clock_config                    0x0800869d   Thumb Code    18  gd32f1x0_rcu.o(i.rcu_usbd_clock_config)
    resume_mcu                               0x080086b5   Thumb Code    22  usbd_pwr.o(i.resume_mcu)
    send_frame                               0x080086d1   Thumb Code   844  app.o(i.send_frame)
    set_tick                                 0x08008a6d   Thumb Code     6  systick.o(i.set_tick)
    syscfg_exti_line_config                  0x08008a79   Thumb Code    86  gd32f1x0_syscfg.o(i.syscfg_exti_line_config)
    systick_config                           0x08008b41   Thumb Code    60  systick.o(i.systick_config)
    timer_auto_reload_shadow_enable          0x08008b81   Thumb Code    10  gd32f1x0_timer.o(i.timer_auto_reload_shadow_enable)
    timer_deinit                             0x08008b8d   Thumb Code   118  gd32f1x0_timer.o(i.timer_deinit)
    timer_disable                            0x08008c0d   Thumb Code    10  gd32f1x0_timer.o(i.timer_disable)
    timer_enable                             0x08008c17   Thumb Code    10  gd32f1x0_timer.o(i.timer_enable)
    timer_init                               0x08008c21   Thumb Code   118  gd32f1x0_timer.o(i.timer_init)
    timer_interrupt_enable                   0x08008cb1   Thumb Code     8  gd32f1x0_timer.o(i.timer_interrupt_enable)
    timer_interrupt_flag_clear               0x08008cb9   Thumb Code     8  gd32f1x0_timer.o(i.timer_interrupt_flag_clear)
    timer_interrupt_flag_get                 0x08008cc1   Thumb Code    22  gd32f1x0_timer.o(i.timer_interrupt_flag_get)
    to64frombits                             0x08008cd9   Thumb Code   140  utilities.o(i.to64frombits)
    tri_des                                  0x08008d69   Thumb Code    44  des.o(i.tri_des)
    uart_puts                                0x08008d95   Thumb Code     2  dev_uart.o(i.uart_puts)
    usart_data_receive                       0x08008d97   Thumb Code     8  gd32f1x0_usart.o(i.usart_data_receive)
    usart_interrupt_flag_get                 0x08008d9f   Thumb Code    54  gd32f1x0_usart.o(i.usart_interrupt_flag_get)
    usbd_core_init                           0x08008e91   Thumb Code    34  usbd_core.o(i.usbd_core_init)
    usbd_device_class_request                0x08008ebd   Thumb Code    64  usbd_std.o(i.usbd_device_class_request)
    usbd_enum_error                          0x08008f0f   Thumb Code     6  usbd_std.o(i.usbd_enum_error)
    usbd_ep_clear_stall                      0x08008f15   Thumb Code   102  usbd_core.o(i.usbd_ep_clear_stall)
    usbd_ep_data_read                        0x08008f81   Thumb Code    32  usbd_core.o(i.usbd_ep_data_read)
    usbd_ep_data_write                       0x08008fa5   Thumb Code    30  usbd_core.o(i.usbd_ep_data_write)
    usbd_ep_deinit                           0x08008fc9   Thumb Code    68  usbd_core.o(i.usbd_ep_deinit)
    usbd_ep_init                             0x08009011   Thumb Code   160  usbd_core.o(i.usbd_ep_init)
    usbd_ep_rx                               0x080090b9   Thumb Code    98  usbd_core.o(i.usbd_ep_rx)
    usbd_ep_stall                            0x08009125   Thumb Code    86  usbd_core.o(i.usbd_ep_stall)
    usbd_ep_tx                               0x08009181   Thumb Code    94  usbd_core.o(i.usbd_ep_tx)
    usbd_in_transaction                      0x08009351   Thumb Code   208  usbd_std.o(i.usbd_in_transaction)
    usbd_isr                                 0x080095f9   Thumb Code   212  usbd_int.o(i.usbd_isr)
    usbd_out_transaction                     0x080096e9   Thumb Code   124  usbd_std.o(i.usbd_out_transaction)
    usbd_setup_request_parse                 0x08009929   Thumb Code    46  usbd_std.o(i.usbd_setup_request_parse)
    usbd_setup_transaction                   0x08009957   Thumb Code    60  usbd_std.o(i.usbd_setup_transaction)
    usbd_standard_request                    0x08009995   Thumb Code    16  usbd_std.o(i.usbd_standard_request)
    usbd_suspend                             0x080099b5   Thumb Code    14  usbd_pwr.o(i.usbd_suspend)
    wwdgt_counter_update                     0x080099cd   Thumb Code    18  gd32f1x0_wwdgt.o(i.wwdgt_counter_update)
    xor                                      0x080099e5   Thumb Code    22  des.o(i.xor)
    SHID                                     0x0800c224   Data          27  app.o(.constdata)
    APPVERSION                               0x0800c23f   Data          18  app.o(.constdata)
    device_descripter                        0x0800c2be   Data          18  custom_hid_core.o(.constdata)
    configuration_descriptor                 0x0800c2d0   Data          41  custom_hid_core.o(.constdata)
    customhid_report_descriptor              0x0800c2f9   Data          49  custom_hid_core.o(.constdata)
    usbd_language_id_desc                    0x0800c32a   Data           4  custom_hid_core.o(.constdata)
    usbd_strings                             0x0800c330   Data          16  custom_hid_core.o(.constdata)
    Region$$Table$$Base                      0x0800c590   Number         0  anon$$obj.o(Region$$Table)
    Region$$Table$$Limit                     0x0800c5b0   Number         0  anon$$obj.o(Region$$Table)
    WriteFlag                                0x20000000   Data           1  app.o(.data)
    GetNextFlag                              0x20000001   Data           1  app.o(.data)
    macstate                                 0x20000002   Data           1  app.o(.data)
    RxdStatus                                0x20000003   Data           1  app.o(.data)
    SynHead                                  0x20000004   Data           1  app.o(.data)
    RxdFrameStatus                           0x20000005   Data           1  app.o(.data)
    NowLen                                   0x20000006   Data           1  app.o(.data)
    RxdTotalLen                              0x20000007   Data           1  app.o(.data)
    SetKeyLen                                0x20000008   Data           1  app.o(.data)
    SetKeyFlag                               0x20000009   Data           1  app.o(.data)
    Bcc                                      0x2000000a   Data           1  app.o(.data)
    random                                   0x2000000b   Data           8  app.o(.data)
    encryptdatastatus                        0x20000013   Data           1  app.o(.data)
    usbd_customhid_report_id                 0x20000014   Data           1  custom_hid_core.o(.data)
    flag                                     0x20000015   Data           1  custom_hid_core.o(.data)
    prev_receive_complete                    0x20000024   Data           1  custom_hid_core.o(.data)
    usbd_int_fops                            0x20000028   Data           4  custom_hid_core.o(.data)
    usb_device_dev                           0x2000002c   Data         124  custom_hid_core.o(.data)
    gkeysize                                 0x200000a8   Data           1  dukpt.o(.data)
    gfkeyregsize                             0x200000a9   Data           1  dukpt.o(.data)
    gLRC                                     0x200000aa   Data           1  dukpt.o(.data)
    TM1CaptureNumber                         0x200000ac   Data           1  gd32f1x0_it.o(.data)
    TM2CaptureNumber                         0x200000ad   Data           1  gd32f1x0_it.o(.data)
    TM3CaptureNumber                         0x200000ae   Data           1  gd32f1x0_it.o(.data)
    TM1ReadValue1                            0x200000b0   Data           2  gd32f1x0_it.o(.data)
    TM1ReadValue2                            0x200000b2   Data           2  gd32f1x0_it.o(.data)
    TM2ReadValue1                            0x200000b4   Data           2  gd32f1x0_it.o(.data)
    TM2ReadValue2                            0x200000b6   Data           2  gd32f1x0_it.o(.data)
    TM3ReadValue1                            0x200000b8   Data           2  gd32f1x0_it.o(.data)
    TM3ReadValue2                            0x200000ba   Data           2  gd32f1x0_it.o(.data)
    g1msTimer6                               0x200000bc   Data           4  systick.o(.data)
    gUsbRespFlag                             0x200000c4   Data           1  usb_endp.o(.data)
    USBRecvTop                               0x200000c8   Data           4  usb_endp.o(.data)
    USBRecvEnd                               0x200000cc   Data           4  usb_endp.o(.data)
    MSR_fCardDataReady                       0x20000191   Data           1  magdecode.o(.data)
    rec_head0                                0x20000192   Data           2  dev_uart.o(.data)
    rec_end0                                 0x20000194   Data           2  dev_uart.o(.data)
    g_interrupt_mask                         0x20000198   Data           4  usbd_core.o(.data)
    g_free_buf_addr                          0x2000019c   Data           4  usbd_core.o(.data)
    pbuf_reg                                 0x200001a0   Data           4  usbd_core.o(.data)
    g_ESOF_count                             0x200001a4   Data           1  usbd_pwr.o(.data)
    g_remote_wakeup_on                       0x200001a5   Data           1  usbd_pwr.o(.data)
    g_suspend_enabled                        0x200001a6   Data           1  usbd_pwr.o(.data)
    g_device_address                         0x200001a8   Data           1  usbd_std.o(.data)
    SystemCoreClock                          0x200001ec   Data           4  system_gd32f1x0.o(.data)
    __microlib_freelist                      0x200001f4   Data           4  mvars.o(.data)
    __microlib_freelist_initialised          0x200001f8   Data           4  mvars.o(.data)
    ENC_KEY                                  0x200001fc   Data          64  app.o(.bss)
    CryptoKey                                0x2000023c   Data          16  app.o(.bss)
    report_buf                               0x2000024c   Data          64  custom_hid_core.o(.bss)
    USBRecvBuf                               0x2000028c   Data         300  usb_endp.o(.bss)
    Track1TimeFlow                           0x200003b8   Data        1602  magdecode.o(.bss)
    Track2TimeFlow                           0x200009fa   Data        1002  magdecode.o(.bss)
    Track3TimeFlow                           0x20000de4   Data        2102  magdecode.o(.bss)
    TrackBitFlow                             0x2000161a   Data         802  magdecode.o(.bss)
    TempTrackDirtData                        0x2000193c   Data         111  magdecode.o(.bss)
    TempTrackData                            0x200019ab   Data         111  magdecode.o(.bss)
    Track1Data                               0x20001a1a   Data         111  magdecode.o(.bss)
    Track2Data                               0x20001a89   Data         111  magdecode.o(.bss)
    Track3Data                               0x20001af8   Data         111  magdecode.o(.bss)
    foo                                      0x20001b68   Data          96  dev_msread.o(.bss)
    key                                      0x20001bc8   Data         244  dev_msread.o(.bss)
    sha                                      0x20001cbc   Data          60  dev_msread.o(.bss)
    __heap_base                              0x20001cf8   Data           0  startup_gd32f1x0.o(HEAP)
    __heap_limit                             0x20001d18   Data           0  startup_gd32f1x0.o(HEAP)
    __initial_sp                             0x20001f18   Data           0  startup_gd32f1x0.o(STACK)



==============================================================================

Memory Map of the image

  Image Entry point : 0x08003569

  Load Region LR_IROM1 (Base: 0x08003400, Size: 0x000093ac, Max: 0x00010000, ABSOLUTE, COMPRESSED[0x000092a0])

    Execution Region ER_IROM1 (Base: 0x08003400, Size: 0x000091b0, Max: 0x00010000, ABSOLUTE)

    Base Addr    Size         Type   Attr      Idx    E Section Name        Object

    0x08003400   0x00000168   Data   RO         3669    RESET               startup_gd32f1x0.o
    0x08003568   0x00000000   Code   RO         3719  * .ARM.Collect$$$$00000000  mc_w.l(entry.o)
    0x08003568   0x00000004   Code   RO         4030    .ARM.Collect$$$$00000001  mc_w.l(entry2.o)
    0x0800356c   0x00000004   Code   RO         4033    .ARM.Collect$$$$00000004  mc_w.l(entry5.o)
    0x08003570   0x00000000   Code   RO         4035    .ARM.Collect$$$$00000008  mc_w.l(entry7b.o)
    0x08003570   0x00000000   Code   RO         4037    .ARM.Collect$$$$0000000A  mc_w.l(entry8b.o)
    0x08003570   0x00000008   Code   RO         4038    .ARM.Collect$$$$0000000B  mc_w.l(entry9a.o)
    0x08003578   0x00000000   Code   RO         4040    .ARM.Collect$$$$0000000D  mc_w.l(entry10a.o)
    0x08003578   0x00000000   Code   RO         4042    .ARM.Collect$$$$0000000F  mc_w.l(entry11a.o)
    0x08003578   0x00000004   Code   RO         4031    .ARM.Collect$$$$00002712  mc_w.l(entry2.o)
    0x0800357c   0x00000024   Code   RO         3670    .text               startup_gd32f1x0.o
    0x080035a0   0x00000024   Code   RO         3722    .text               mc_w.l(rand.o)
    0x080035c4   0x00000024   Code   RO         3725    .text               mc_w.l(memcpya.o)
    0x080035e8   0x00000024   Code   RO         3727    .text               mc_w.l(memseta.o)
    0x0800360c   0x0000000e   Code   RO         3729    .text               mc_w.l(strlen.o)
    0x0800361a   0x0000001a   Code   RO         3731    .text               mc_w.l(memcmp.o)
    0x08003634   0x0000002e   Code   RO         4024    .text               mf_w.l(dscalb.o)
    0x08003662   0x00000022   Code   RO         4026    .text               mf_w.l(dflti.o)
    0x08003684   0x00000032   Code   RO         4028    .text               mf_w.l(dfixui.o)
    0x080036b6   0x00000020   Code   RO         4051    .text               mc_w.l(llushr.o)
    0x080036d6   0x00000000   Code   RO         4055    .text               mc_w.l(iusefp.o)
    0x080036d6   0x000000be   Code   RO         4056    .text               mf_w.l(depilogue.o)
    0x08003794   0x0000014e   Code   RO         4058    .text               mf_w.l(dadd.o)
    0x080038e2   0x00000002   PAD
    0x080038e4   0x00000028   Code   RO         4066    .text               mf_w.l(cdrcmple.o)
    0x0800390c   0x00000024   Code   RO         4068    .text               mc_w.l(init.o)
    0x08003930   0x0000001e   Code   RO         4071    .text               mc_w.l(llshl.o)
    0x0800394e   0x00000024   Code   RO         4073    .text               mc_w.l(llsshr.o)
    0x08003972   0x0000005c   Code   RO         4084    .text               mc_w.l(__dczerorl2.o)
    0x080039ce   0x000000f2   Code   RO            1    i.AES_cbc_encrypt   aes.o
    0x08003ac0   0x00000380   Code   RO            2    i.AES_decrypt       aes.o
    0x08003e40   0x00000380   Code   RO            3    i.AES_encrypt       aes.o
    0x080041c0   0x0000028c   Code   RO            5    i.AES_set_encrypt_key  aes.o
    0x0800444c   0x00000066   Code   RO           53    i.AsciiToHex        app.o
    0x080044b2   0x00000002   Code   RO          659    i.BusFault_Handler  gd32f1x0_it.o
    0x080044b4   0x0000005c   Code   RO           54    i.CalcCryptoKey     app.o
    0x08004510   0x00000016   Code   RO         1010    i.CalcSum           usb_endp.o
    0x08004526   0x00000022   Code   RO         1134    i.CheckDirtOnlyOne  magdecode.o
    0x08004548   0x00000028   Code   RO         1135    i.CheckLrcEvenParity  magdecode.o
    0x08004570   0x0000001c   Code   RO         1136    i.CheckOddParity    magdecode.o
    0x0800458c   0x0000000c   Code   RO         1137    i.ClearBit          magdecode.o
    0x08004598   0x0000000c   Code   RO         1138    i.CplBit            magdecode.o
    0x080045a4   0x00000002   Code   RO         1365    i.DBG_H             dev_uart.o
    0x080045a6   0x00000002   PAD
    0x080045a8   0x00000344   Code   RO           55    i.DealRxData        app.o
    0x080048ec   0x000000a8   Code   RO           56    i.DealSerialParse   app.o
    0x08004994   0x00000002   Code   RO          660    i.DebugMon_Handler  gd32f1x0_it.o
    0x08004996   0x00000002   PAD
    0x08004998   0x000002fc   Code   RO         1139    i.DecodeTimeToBit   magdecode.o
    0x08004c94   0x000008b8   Code   RO         1140    i.DecodeTrackData   magdecode.o
    0x0800554c   0x00000058   Code   RO          486    i.DoFirstChange     des.o
    0x080055a4   0x00000070   Code   RO          487    i.DoKey             des.o
    0x08005614   0x0000003a   Code   RO          488    i.DoLeft            des.o
    0x0800564e   0x00000048   Code   RO          489    i.DoRight           des.o
    0x08005696   0x00000002   PAD
    0x08005698   0x0000000c   Code   RO         1011    i.EP1_IN_Callback   usb_endp.o
    0x080056a4   0x000000d0   Code   RO         1012    i.EP1_OUT_Callback  usb_endp.o
    0x08005774   0x000000d4   Code   RO          661    i.EXTI0_1_IRQHandler  gd32f1x0_it.o
    0x08005848   0x00000078   Code   RO          662    i.EXTI4_15_IRQHandler  gd32f1x0_it.o
    0x080058c0   0x000000a8   Code   RO          855    i.EXTI_Configuration  main.o
    0x08005968   0x00000094   Code   RO          490    i.E_expand          des.o
    0x080059fc   0x0000002c   Code   RO         1263    i.EarseBlockFlash   dev_eprom.o
    0x08005a28   0x00000094   Code   RO          491    i.Find_S            des.o
    0x08005abc   0x00000014   Code   RO         1141    i.FlushBuffer_Init  magdecode.o
    0x08005ad0   0x000000a0   Code   RO         1085    i.GetKeyCkeckValue  utilities.o
    0x08005b70   0x00000070   Code   RO           57    i.GetNextKSN        app.o
    0x08005be0   0x00000002   Code   RO          663    i.HardFault_Handler  gd32f1x0_it.o
    0x08005be2   0x0000003e   Code   RO           58    i.HexToAscii        app.o
    0x08005c20   0x00000024   Code   RO          566    i.IDT_CalcLRC       dukpt.o
    0x08005c44   0x00000030   Code   RO          567    i.IDT_ChangeCounter  dukpt.o
    0x08005c74   0x00000148   Code   RO          568    i.IDT_EncryptPIN    dukpt.o
    0x08005dbc   0x00000080   Code   RO          569    i.IDT_GenNewKeys    dukpt.o
    0x08005e3c   0x0000001a   Code   RO          570    i.IDT_GetNumOfOnes  dukpt.o
    0x08005e56   0x00000018   Code   RO          571    i.IDT_GetSetBitPos  dukpt.o
    0x08005e6e   0x0000003e   Code   RO          572    i.IDT_InitCryptoReg  dukpt.o
    0x08005eac   0x00000098   Code   RO          573    i.IDT_LoadInitKey   dukpt.o
    0x08005f44   0x00000084   Code   RO          574    i.IDT_NonReversibleKeyGen  dukpt.o
    0x08005fc8   0x000000c0   Code   RO          575    i.IDT_PropogateKeys  dukpt.o
    0x08006088   0x0000000c   Code   RO          576    i.IDT_SetBit        dukpt.o
    0x08006094   0x00000016   Code   RO          578    i.IDT_UpdateKSN     dukpt.o
    0x080060aa   0x00000002   PAD
    0x080060ac   0x00000060   Code   RO         1143    i.InitMagDecode     magdecode.o
    0x0800610c   0x00000084   Code   RO         1144    i.MSR_Character_Decoder  magdecode.o
    0x08006190   0x0000057c   Code   RO         1304    i.MSR_SendData      dev_msread.o
    0x0800670c   0x0000000c   Code   RO         1148    i.MSR_WaitForReady  magdecode.o
    0x08006718   0x0000009c   Code   RO         1149    i.MagDecodeTrack    magdecode.o
    0x080067b4   0x00000002   Code   RO          664    i.MemManage_Handler  gd32f1x0_it.o
    0x080067b6   0x00000002   Code   RO          665    i.NMI_Handler       gd32f1x0_it.o
    0x080067b8   0x00000020   Code   RO          950    i.NVIC_SetPriority  systick.o
    0x080067d8   0x00000112   Code   RO          492    i.P_chang           des.o
    0x080068ea   0x00000002   Code   RO          666    i.PendSV_Handler    gd32f1x0_it.o
    0x080068ec   0x00000034   Code   RO         1150    i.PllSmooth         magdecode.o
    0x08006920   0x00000024   Code   RO           60    i.Random            app.o
    0x08006944   0x00000026   Code   RO         1264    i.ReadBlockFlash    dev_eprom.o
    0x0800696a   0x00000002   PAD
    0x0800696c   0x0000007c   Code   RO           61    i.ReadENCKEY        app.o
    0x080069e8   0x00000078   Code   RO          911    i.SHA1Final         sha1.o
    0x08006a60   0x000009a0   Code   RO          912    i.SHA1Guts          sha1.o
    0x08007400   0x00000030   Code   RO          913    i.SHA1Init          sha1.o
    0x08007430   0x00000074   Code   RO          914    i.SHA1Update        sha1.o
    0x080074a4   0x00000002   Code   RO          667    i.SVC_Handler       gd32f1x0_it.o
    0x080074a6   0x0000000c   Code   RO         1151    i.SetBit            magdecode.o
    0x080074b2   0x00000002   PAD
    0x080074b4   0x00000054   Code   RO         1152    i.SetF2FInputBuffer  magdecode.o
    0x08007508   0x00000206   Code   RO          493    i.SetKey            des.o
    0x0800770e   0x00000004   Code   RO          668    i.SysTick_Handler   gd32f1x0_it.o
    0x08007712   0x00000002   PAD
    0x08007714   0x00000064   Code   RO         3678    i.SystemInit        system_gd32f1x0.o
    0x08007778   0x0000004a   Code   RO         1335    i.TIM1_Cap_Init     dev_timer.o
    0x080077c2   0x00000002   PAD
    0x080077c4   0x00000070   Code   RO         1336    i.TIM2_Cnt_Init     dev_timer.o
    0x08007834   0x00000002   Code   RO          669    i.TIMER1_IRQHandler  gd32f1x0_it.o
    0x08007836   0x00000002   PAD
    0x08007838   0x0000002c   Code   RO          670    i.TIMER2_IRQHandler  gd32f1x0_it.o
    0x08007864   0x00000040   Code   RO          671    i.USART0_IRQHandler  gd32f1x0_it.o
    0x080078a4   0x00000004   Code   RO          672    i.USBD_LP_IRQHandler  gd32f1x0_it.o
    0x080078a8   0x00000002   Code   RO          673    i.UsageFault_Handler  gd32f1x0_it.o
    0x080078aa   0x00000002   PAD
    0x080078ac   0x00000034   Code   RO         1014    i.UsbRecvOne        usb_endp.o
    0x080078e0   0x0000001c   Code   RO         1015    i.UsbRecvReset      usb_endp.o
    0x080078fc   0x00000080   Code   RO         1016    i.UsbSendBuff       usb_endp.o
    0x0800797c   0x00000054   Code   RO         1265    i.WriteBlockFlash   dev_eprom.o
    0x080079d0   0x00000094   Code   RO           62    i.WriteENCKEY       app.o
    0x08007a64   0x00000028   Code   RO          804    i.WriteUpgradeFlag  ini.o
    0x08007a8c   0x0000000e   Code   RO         4078    i.__scatterload_copy  mc_w.l(handlers.o)
    0x08007a9a   0x00000002   Code   RO         4079    i.__scatterload_null  mc_w.l(handlers.o)
    0x08007a9c   0x0000000e   Code   RO         4080    i.__scatterload_zeroinit  mc_w.l(handlers.o)
    0x08007aaa   0x0000001e   Code   RO          915    i.burnStack         sha1.o
    0x08007ac8   0x000000dc   Code   RO         3716    i.ceil              m_ws.l(ceil.o)
    0x08007ba4   0x0000002c   Code   RO          313    i.custom_hid_data_handler  custom_hid_core.o
    0x08007bd0   0x00000016   Code   RO          314    i.custom_hid_deinit  custom_hid_core.o
    0x08007be6   0x00000002   PAD
    0x08007be8   0x0000002c   Code   RO          315    i.custom_hid_init   custom_hid_core.o
    0x08007c14   0x000000bc   Code   RO          317    i.custom_hid_req_handler  custom_hid_core.o
    0x08007cd0   0x0000001c   Code   RO          952    i.delay_decrement   systick.o
    0x08007cec   0x000001ec   Code   RO          494    i.des               des.o
    0x08007ed8   0x00000068   Code   RO         1494    i.exti_init         gd32f1x0_exti.o
    0x08007f40   0x0000000c   Code   RO         1497    i.exti_interrupt_flag_clear  gd32f1x0_exti.o
    0x08007f4c   0x00000020   Code   RO         1498    i.exti_interrupt_flag_get  gd32f1x0_exti.o
    0x08007f6c   0x00000088   Code   RO          495    i.f_fun             des.o
    0x08007ff4   0x00000010   Code   RO         1584    i.fmc_lock          gd32f1x0_fmc.o
    0x08008004   0x0000003c   Code   RO         1586    i.fmc_page_erase    gd32f1x0_fmc.o
    0x08008040   0x00000016   Code   RO         1587    i.fmc_ready_wait    gd32f1x0_fmc.o
    0x08008056   0x00000002   PAD
    0x08008058   0x00000028   Code   RO         1588    i.fmc_state_get     gd32f1x0_fmc.o
    0x08008080   0x00000020   Code   RO         1589    i.fmc_unlock        gd32f1x0_fmc.o
    0x080080a0   0x00000034   Code   RO         1590    i.fmc_word_program  gd32f1x0_fmc.o
    0x080080d4   0x00000050   Code   RO         3996    i.free              mc_w.l(malloc.o)
    0x08008124   0x000000ec   Code   RO         1087    i.from64tobits      utilities.o
    0x08008210   0x0000000c   Code   RO          953    i.get_tick          systick.o
    0x0800821c   0x00000056   Code   RO         1788    i.gpio_af_set       gd32f1x0_gpio.o
    0x08008272   0x00000004   Code   RO         1790    i.gpio_bit_set      gd32f1x0_gpio.o
    0x08008276   0x00000002   PAD
    0x08008278   0x00000098   Code   RO          856    i.gpio_configuration  main.o
    0x08008310   0x00000048   Code   RO         1795    i.gpio_mode_set     gd32f1x0_gpio.o
    0x08008358   0x0000003e   Code   RO         1797    i.gpio_output_options_set  gd32f1x0_gpio.o
    0x08008396   0x00000002   PAD
    0x08008398   0x00000010   Code   RO           63    i.init_serial_boot  app.o
    0x080083a8   0x0000014c   Code   RO          857    i.main              main.o
    0x080084f4   0x0000006c   Code   RO         3997    i.malloc            mc_w.l(malloc.o)
    0x08008560   0x00000018   Code   RO          858    i.nvic_config       main.o
    0x08008578   0x0000008c   Code   RO         1885    i.nvic_irq_enable   gd32f1x0_misc.o
    0x08008604   0x00000014   Code   RO         1886    i.nvic_priority_group_set  gd32f1x0_misc.o
    0x08008618   0x00000014   Code   RO         1887    i.nvic_vector_table_set  gd32f1x0_misc.o
    0x0800862c   0x0000001c   Code   RO          859    i.rcu_config        main.o
    0x08008648   0x0000001c   Code   RO         1972    i.rcu_periph_clock_enable  gd32f1x0_rcu.o
    0x08008664   0x0000001c   Code   RO         1973    i.rcu_periph_reset_disable  gd32f1x0_rcu.o
    0x08008680   0x0000001c   Code   RO         1974    i.rcu_periph_reset_enable  gd32f1x0_rcu.o
    0x0800869c   0x00000018   Code   RO         1984    i.rcu_usbd_clock_config  gd32f1x0_rcu.o
    0x080086b4   0x0000001c   Code   RO         3488    i.resume_mcu        usbd_pwr.o
    0x080086d0   0x0000039c   Code   RO           64    i.send_frame        app.o
    0x08008a6c   0x0000000c   Code   RO          954    i.set_tick          systick.o
    0x08008a78   0x0000005c   Code   RO         2397    i.syscfg_exti_line_config  gd32f1x0_syscfg.o
    0x08008ad4   0x0000006c   Code   RO         3679    i.system_clock_72m_hxtal  system_gd32f1x0.o
    0x08008b40   0x00000040   Code   RO          955    i.systick_config    systick.o
    0x08008b80   0x0000000a   Code   RO         2470    i.timer_auto_reload_shadow_enable  gd32f1x0_timer.o
    0x08008b8a   0x00000002   PAD
    0x08008b8c   0x00000080   Code   RO         2498    i.timer_deinit      gd32f1x0_timer.o
    0x08008c0c   0x0000000a   Code   RO         2499    i.timer_disable     gd32f1x0_timer.o
    0x08008c16   0x0000000a   Code   RO         2500    i.timer_enable      gd32f1x0_timer.o
    0x08008c20   0x00000090   Code   RO         2509    i.timer_init        gd32f1x0_timer.o
    0x08008cb0   0x00000008   Code   RO         2515    i.timer_interrupt_enable  gd32f1x0_timer.o
    0x08008cb8   0x00000008   Code   RO         2516    i.timer_interrupt_flag_clear  gd32f1x0_timer.o
    0x08008cc0   0x00000016   Code   RO         2517    i.timer_interrupt_flag_get  gd32f1x0_timer.o
    0x08008cd6   0x00000002   PAD
    0x08008cd8   0x00000090   Code   RO         1089    i.to64frombits      utilities.o
    0x08008d68   0x0000002c   Code   RO          496    i.tri_des           des.o
    0x08008d94   0x00000002   Code   RO         1371    i.uart_puts         dev_uart.o
    0x08008d96   0x00000008   Code   RO         2890    i.usart_data_receive  gd32f1x0_usart.o
    0x08008d9e   0x00000036   Code   RO         2907    i.usart_interrupt_flag_get  gd32f1x0_usart.o
    0x08008dd4   0x000000b0   Code   RO         3528    i.usbd_clearfeature  usbd_std.o
    0x08008e84   0x0000000a   Code   RO         3529    i.usbd_configuration_descriptor_get  usbd_std.o
    0x08008e8e   0x00000002   PAD
    0x08008e90   0x0000002c   Code   RO         3336    i.usbd_core_init    usbd_core.o
    0x08008ebc   0x00000048   Code   RO         3530    i.usbd_device_class_request  usbd_std.o
    0x08008f04   0x0000000a   Code   RO         3531    i.usbd_device_descriptor_get  usbd_std.o
    0x08008f0e   0x00000006   Code   RO         3532    i.usbd_enum_error   usbd_std.o
    0x08008f14   0x0000006c   Code   RO         3337    i.usbd_ep_clear_stall  usbd_core.o
    0x08008f80   0x00000024   Code   RO         3338    i.usbd_ep_data_read  usbd_core.o
    0x08008fa4   0x00000024   Code   RO         3339    i.usbd_ep_data_write  usbd_core.o
    0x08008fc8   0x00000048   Code   RO         3340    i.usbd_ep_deinit    usbd_core.o
    0x08009010   0x000000a8   Code   RO         3341    i.usbd_ep_init      usbd_core.o
    0x080090b8   0x0000006c   Code   RO         3342    i.usbd_ep_rx        usbd_core.o
    0x08009124   0x0000005c   Code   RO         3343    i.usbd_ep_stall     usbd_core.o
    0x08009180   0x00000068   Code   RO         3345    i.usbd_ep_tx        usbd_core.o
    0x080091e8   0x00000030   Code   RO         3533    i.usbd_getconfiguration  usbd_std.o
    0x08009218   0x0000007c   Code   RO         3534    i.usbd_getdescriptor  usbd_std.o
    0x08009294   0x00000020   Code   RO         3535    i.usbd_getinterface  usbd_std.o
    0x080092b4   0x0000009c   Code   RO         3536    i.usbd_getstatus    usbd_std.o
    0x08009350   0x000000d8   Code   RO         3537    i.usbd_in_transaction  usbd_std.o
    0x08009428   0x0000004c   Code   RO         3448    i.usbd_intf_esof    usbd_int.o
    0x08009474   0x00000120   Code   RO         3449    i.usbd_intf_lpst    usbd_int.o
    0x08009594   0x00000064   Code   RO         3450    i.usbd_intf_reset   usbd_int.o
    0x080095f8   0x000000f0   Code   RO         3451    i.usbd_isr          usbd_int.o
    0x080096e8   0x00000084   Code   RO         3538    i.usbd_out_transaction  usbd_std.o
    0x0800976c   0x00000002   Code   RO         3539    i.usbd_reserved     usbd_std.o
    0x0800976e   0x00000002   PAD
    0x08009770   0x00000054   Code   RO         3540    i.usbd_setaddress   usbd_std.o
    0x080097c4   0x00000088   Code   RO         3541    i.usbd_setconfiguration  usbd_std.o
    0x0800984c   0x00000002   Code   RO         3542    i.usbd_setdescriptor  usbd_std.o
    0x0800984e   0x00000002   PAD
    0x08009850   0x00000094   Code   RO         3543    i.usbd_setfeature   usbd_std.o
    0x080098e4   0x00000044   Code   RO         3544    i.usbd_setinterface  usbd_std.o
    0x08009928   0x0000002e   Code   RO         3545    i.usbd_setup_request_parse  usbd_std.o
    0x08009956   0x0000003c   Code   RO         3546    i.usbd_setup_transaction  usbd_std.o
    0x08009992   0x00000002   PAD
    0x08009994   0x00000014   Code   RO         3547    i.usbd_standard_request  usbd_std.o
    0x080099a8   0x0000000c   Code   RO         3548    i.usbd_string_descriptor_get  usbd_std.o
    0x080099b4   0x00000014   Code   RO         3490    i.usbd_suspend      usbd_pwr.o
    0x080099c8   0x00000002   Code   RO         3549    i.usbd_synchframe   usbd_std.o
    0x080099ca   0x00000002   PAD
    0x080099cc   0x00000018   Code   RO         3276    i.wwdgt_counter_update  gd32f1x0_wwdgt.o
    0x080099e4   0x00000016   Code   RO          497    i.xor               des.o
    0x080099fa   0x00000002   PAD
    0x080099fc   0x00002828   Data   RO            6    .constdata          aes.o
    0x0800c224   0x0000002d   Data   RO           66    .constdata          app.o
    0x0800c251   0x00000001   PAD
    0x0800c252   0x00000014   Data   RO          319    .constdata          custom_hid_core.o
    0x0800c266   0x0000003e   Data   RO          320    .constdata          custom_hid_core.o
    0x0800c2a4   0x0000001a   Data   RO          321    .constdata          custom_hid_core.o
    0x0800c2be   0x00000012   Data   RO          322    .constdata          custom_hid_core.o
    0x0800c2d0   0x0000005a   Data   RO          323    .constdata          custom_hid_core.o
    0x0800c32a   0x00000004   Data   RO          324    .constdata          custom_hid_core.o
    0x0800c32e   0x00000002   PAD
    0x0800c330   0x00000010   Data   RO          325    .constdata          custom_hid_core.o
    0x0800c340   0x00000200   Data   RO          498    .constdata          des.o
    0x0800c540   0x00000040   Data   RO          916    .constdata          sha1.o
    0x0800c580   0x00000010   Data   RO         1154    .constdata          magdecode.o
    0x0800c590   0x00000020   Data   RO         4076    Region$$Table       anon$$obj.o


    Execution Region RW_IRAM1 (Base: 0x20000000, Size: 0x00001f18, Max: 0x00002000, ABSOLUTE, COMPRESSED[0x000000f0])

    Base Addr    Size         Type   Attr      Idx    E Section Name        Object

    0x20000000   0x00000013   Data   RW           67    .data               app.o
    0x20000013   0x00000001   Data   RW           68    .data               app.o
    0x20000014   0x00000010   Data   RW          326    .data               custom_hid_core.o
    0x20000024   0x00000001   Data   RW          327    .data               custom_hid_core.o
    0x20000025   0x00000003   PAD
    0x20000028   0x00000004   Data   RW          328    .data               custom_hid_core.o
    0x2000002c   0x0000007c   Data   RW          329    .data               custom_hid_core.o
    0x200000a8   0x00000003   Data   RW          579    .data               dukpt.o
    0x200000ab   0x00000001   PAD
    0x200000ac   0x00000010   Data   RW          674    .data               gd32f1x0_it.o
    0x200000bc   0x00000008   Data   RW          956    .data               systick.o
    0x200000c4   0x0000000c   Data   RW         1019    .data               usb_endp.o
    0x200000d0   0x000000c1   Data   RW         1090    .data               utilities.o
    0x20000191   0x00000001   Data   RW         1155    .data               magdecode.o
    0x20000192   0x00000004   Data   RW         1372    .data               dev_uart.o
    0x20000196   0x00000002   PAD
    0x20000198   0x0000000c   Data   RW         3348    .data               usbd_core.o
    0x200001a4   0x00000002   Data   RW         3491    .data               usbd_pwr.o
    0x200001a6   0x00000001   Data   RW         3492    .data               usbd_pwr.o
    0x200001a7   0x00000001   PAD
    0x200001a8   0x00000044   Data   RW         3551    .data               usbd_std.o
    0x200001ec   0x00000004   Data   RW         3680    .data               system_gd32f1x0.o
    0x200001f0   0x00000004   Data   RW         3723    .data               mc_w.l(rand.o)
    0x200001f4   0x00000004   Data   RW         4053    .data               mc_w.l(mvars.o)
    0x200001f8   0x00000004   Data   RW         4054    .data               mc_w.l(mvars.o)
    0x200001fc   0x00000050   Zero   RW           65    .bss                app.o
    0x2000024c   0x00000040   Zero   RW          318    .bss                custom_hid_core.o
    0x2000028c   0x0000012c   Zero   RW         1018    .bss                usb_endp.o
    0x200003b8   0x000017af   Zero   RW         1153    .bss                magdecode.o
    0x20001b67   0x00000001   PAD
    0x20001b68   0x00000190   Zero   RW         1305    .bss                dev_msread.o
    0x20001cf8   0x00000020   Zero   RW         3668    HEAP                startup_gd32f1x0.o
    0x20001d18   0x00000200   Zero   RW         3667    STACK               startup_gd32f1x0.o


==============================================================================

Image component sizes


      Code (inc. data)   RO Data    RW Data    ZI Data      Debug   Object Name

      2686         28      10280          0          0       8988   aes.o
      2620        174         45         20         80      74708   app.o
       298         38        236        145         64      10996   custom_hid_core.o
      2112         38        512          0          0       7304   des.o
       166          0          0          0          0       2049   dev_eprom.o
      1404         74          0          0        400       2261   dev_msread.o
       186          6          0          0          0       1012   dev_timer.o
         4          0          0          4          0       1053   dev_uart.o
      1162         70          0          3          0       7948   dukpt.o
       148         18          0          0          0       1618   gd32f1x0_exti.o
       222         34          0          0          0       3604   gd32f1x0_fmc.o
       224          0          0          0          0       2347   gd32f1x0_gpio.o
       466         36          0         16          0       9398   gd32f1x0_it.o
       180         26          0          0          0       1660   gd32f1x0_misc.o
       108         24          0          0          0       1915   gd32f1x0_rcu.o
        92          6          0          0          0        642   gd32f1x0_syscfg.o
       340         36          0          0          0       4940   gd32f1x0_timer.o
        62          0          0          0          0       1220   gd32f1x0_usart.o
        24          6          0          0          0        495   gd32f1x0_wwdgt.o
        40          8          0          0          0        451   ini.o
      3686        140         16          1       6063      13580   magdecode.o
       704        142          0          0          0       3136   main.o
      2778         32         64          0          0       4916   sha1.o
        36          8        360          0        544        756   startup_gd32f1x0.o
       208         26          0          4          0       1755   system_gd32f1x0.o
       148         30          0          8          0      26113   systick.o
       450         46          0         12        300       3968   usb_endp.o
       768         64          0         12          0       8230   usbd_core.o
       704         66          0          0          0       3432   usbd_int.o
        48         12          0          3          0       1520   usbd_pwr.o
      1562         86          0         68          0      13612   usbd_std.o
       540         10          0        193          0       2757   utilities.o

    ----------------------------------------------------------------------
     24220       1284      11548        496       7452     228384   Object Totals
         0          0         32          0          0          0   (incl. Generated)
        44          0          3          7          1          0   (incl. Padding)

    ----------------------------------------------------------------------

      Code (inc. data)   RO Data    RW Data    ZI Data      Debug   Library Member Name

       220         16          0          0          0         84   ceil.o
        92          0          0          0          0          0   __dczerorl2.o
         0          0          0          0          0          0   entry.o
         0          0          0          0          0          0   entry10a.o
         0          0          0          0          0          0   entry11a.o
         8          4          0          0          0          0   entry2.o
         4          0          0          0          0          0   entry5.o
         0          0          0          0          0          0   entry7b.o
         0          0          0          0          0          0   entry8b.o
         8          4          0          0          0          0   entry9a.o
        30          0          0          0          0          0   handlers.o
        36          8          0          0          0         68   init.o
         0          0          0          0          0          0   iusefp.o
        30          0          0          0          0         68   llshl.o
        36          0          0          0          0         68   llsshr.o
        32          0          0          0          0         68   llushr.o
       188         20          0          0          0        160   malloc.o
        26          0          0          0          0         80   memcmp.o
        36          0          0          0          0         68   memcpya.o
        36          0          0          0          0        108   memseta.o
         0          0          0          8          0          0   mvars.o
        36         10          0          4          0        136   rand.o
        14          0          0          0          0         68   strlen.o
        40          2          0          0          0         68   cdrcmple.o
       334          0          0          0          0        148   dadd.o
       190          0          0          0          0        176   depilogue.o
        50          0          0          0          0         76   dfixui.o
        34          0          0          0          0         76   dflti.o
        46          0          0          0          0         80   dscalb.o

    ----------------------------------------------------------------------
      1528         64          0         12          0       1600   Library Totals
         2          0          0          0          0          0   (incl. Padding)

    ----------------------------------------------------------------------

      Code (inc. data)   RO Data    RW Data    ZI Data      Debug   Library Name

       220         16          0          0          0         84   m_ws.l
       612         46          0         12          0        892   mc_w.l
       694          2          0          0          0        624   mf_w.l

    ----------------------------------------------------------------------
      1528         64          0         12          0       1600   Library Totals

    ----------------------------------------------------------------------

==============================================================================


      Code (inc. data)   RO Data    RW Data    ZI Data      Debug   

     25748       1348      11548        508       7452     220052   Grand Totals
     25748       1348      11548        240       7452     220052   ELF Image Totals (compressed)
     25748       1348      11548        240          0          0   ROM Totals

==============================================================================

    Total RO  Size (Code + RO Data)                37296 (  36.42kB)
    Total RW  Size (RW Data + ZI Data)              7960 (   7.77kB)
    Total ROM Size (Code + RO Data + RW Data)      37536 (  36.66kB)

==============================================================================

