<!doctype html public "-//w3c//dtd html 4.0 transitional//en">
<html><head>
<title>Static Call Graph - [.\Objects\EncryptMagcardApp.axf]</title></head>
<body><HR>
<H1>Static Call Graph for image .\Objects\EncryptMagcardApp.axf</H1><HR>
<BR><P>#&#060CALLGRAPH&#062# ARM Linker, 5.03 [Build 76]: Last Updated: Fri Mar 30 09:38:05 2018
<BR><P>
<H3>Maximum Stack Usage =        592 bytes + Unknown(Cycles, Untraceable Function Pointers)</H3><H3>
Call chain for Maximum Stack Depth:</H3>
main &rArr; MSR_SendData &rArr; CalcCryptoKey &rArr; IDT_EncryptPIN &rArr; IDT_GenNewKeys &rArr; IDT_PropogateKeys &rArr; IDT_NonReversibleKeyGen &rArr; des &rArr; SetKey &rArr; DoRight
<P>
<H3>
Mutually Recursive functions
</H3> <LI><a href="#[29]">ADC_CMP_IRQHandler</a>&nbsp;&nbsp;&nbsp;&rArr;&nbsp;&nbsp;&nbsp;<a href="#[29]">ADC_CMP_IRQHandler</a><BR>
 <LI><a href="#[17]">BusFault_Handler</a>&nbsp;&nbsp;&nbsp;&rArr;&nbsp;&nbsp;&nbsp;<a href="#[17]">BusFault_Handler</a><BR>
 <LI><a href="#[15]">HardFault_Handler</a>&nbsp;&nbsp;&nbsp;&rArr;&nbsp;&nbsp;&nbsp;<a href="#[15]">HardFault_Handler</a><BR>
 <LI><a href="#[16]">MemManage_Handler</a>&nbsp;&nbsp;&nbsp;&rArr;&nbsp;&nbsp;&nbsp;<a href="#[16]">MemManage_Handler</a><BR>
 <LI><a href="#[18]">UsageFault_Handler</a>&nbsp;&nbsp;&nbsp;&rArr;&nbsp;&nbsp;&nbsp;<a href="#[18]">UsageFault_Handler</a><BR>
 <LI><a href="#[b9]">burnStack</a>&nbsp;&nbsp;&nbsp;&rArr;&nbsp;&nbsp;&nbsp;<a href="#[b9]">burnStack</a><BR>
</UL>
<P>
<H3>
Function Pointers
</H3><UL>
 <LI><a href="#[29]">ADC_CMP_IRQHandler</a> from startup_gd32f1x0.o(.text) referenced from startup_gd32f1x0.o(RESET)
 <LI><a href="#[17]">BusFault_Handler</a> from gd32f1x0_it.o(i.BusFault_Handler) referenced from startup_gd32f1x0.o(RESET)
 <LI><a href="#[42]">CAN0_RX0_IRQHandler</a> from startup_gd32f1x0.o(.text) referenced from startup_gd32f1x0.o(RESET)
 <LI><a href="#[43]">CAN0_RX1_IRQHandler</a> from startup_gd32f1x0.o(.text) referenced from startup_gd32f1x0.o(RESET)
 <LI><a href="#[44]">CAN0_SCE_IRQHandler</a> from startup_gd32f1x0.o(.text) referenced from startup_gd32f1x0.o(RESET)
 <LI><a href="#[41]">CAN0_TX_IRQHandler</a> from startup_gd32f1x0.o(.text) referenced from startup_gd32f1x0.o(RESET)
 <LI><a href="#[49]">CAN1_RX0_IRQHandler</a> from startup_gd32f1x0.o(.text) referenced from startup_gd32f1x0.o(RESET)
 <LI><a href="#[4a]">CAN1_RX1_IRQHandler</a> from startup_gd32f1x0.o(.text) referenced from startup_gd32f1x0.o(RESET)
 <LI><a href="#[4b]">CAN1_SCE_IRQHandler</a> from startup_gd32f1x0.o(.text) referenced from startup_gd32f1x0.o(RESET)
 <LI><a href="#[48]">CAN1_TX_IRQHandler</a> from startup_gd32f1x0.o(.text) referenced from startup_gd32f1x0.o(RESET)
 <LI><a href="#[39]">CEC_IRQHandler</a> from startup_gd32f1x0.o(.text) referenced from startup_gd32f1x0.o(RESET)
 <LI><a href="#[26]">DMA_Channel0_IRQHandler</a> from startup_gd32f1x0.o(.text) referenced from startup_gd32f1x0.o(RESET)
 <LI><a href="#[27]">DMA_Channel1_2_IRQHandler</a> from startup_gd32f1x0.o(.text) referenced from startup_gd32f1x0.o(RESET)
 <LI><a href="#[28]">DMA_Channel3_4_IRQHandler</a> from startup_gd32f1x0.o(.text) referenced from startup_gd32f1x0.o(RESET)
 <LI><a href="#[46]">DMA_Channel5_6_IRQHandler</a> from startup_gd32f1x0.o(.text) referenced from startup_gd32f1x0.o(RESET)
 <LI><a href="#[1a]">DebugMon_Handler</a> from gd32f1x0_it.o(i.DebugMon_Handler) referenced from startup_gd32f1x0.o(RESET)
 <LI><a href="#[22]">EXTI0_1_IRQHandler</a> from gd32f1x0_it.o(i.EXTI0_1_IRQHandler) referenced from startup_gd32f1x0.o(RESET)
 <LI><a href="#[23]">EXTI2_3_IRQHandler</a> from startup_gd32f1x0.o(.text) referenced from startup_gd32f1x0.o(RESET)
 <LI><a href="#[24]">EXTI4_15_IRQHandler</a> from gd32f1x0_it.o(i.EXTI4_15_IRQHandler) referenced from startup_gd32f1x0.o(RESET)
 <LI><a href="#[20]">FMC_IRQHandler</a> from startup_gd32f1x0.o(.text) referenced from startup_gd32f1x0.o(RESET)
 <LI><a href="#[15]">HardFault_Handler</a> from gd32f1x0_it.o(i.HardFault_Handler) referenced from startup_gd32f1x0.o(RESET)
 <LI><a href="#[3a]">I2C0_ER_IRQHandler</a> from startup_gd32f1x0.o(.text) referenced from startup_gd32f1x0.o(RESET)
 <LI><a href="#[33]">I2C0_EV_IRQHandler</a> from startup_gd32f1x0.o(.text) referenced from startup_gd32f1x0.o(RESET)
 <LI><a href="#[3b]">I2C1_ER_IRQHandler</a> from startup_gd32f1x0.o(.text) referenced from startup_gd32f1x0.o(RESET)
 <LI><a href="#[34]">I2C1_EV_IRQHandler</a> from startup_gd32f1x0.o(.text) referenced from startup_gd32f1x0.o(RESET)
 <LI><a href="#[3d]">I2C2_ER_IRQHandler</a> from startup_gd32f1x0.o(.text) referenced from startup_gd32f1x0.o(RESET)
 <LI><a href="#[3c]">I2C2_EV_IRQHandler</a> from startup_gd32f1x0.o(.text) referenced from startup_gd32f1x0.o(RESET)
 <LI><a href="#[1e]">LVD_IRQHandler</a> from startup_gd32f1x0.o(.text) referenced from startup_gd32f1x0.o(RESET)
 <LI><a href="#[16]">MemManage_Handler</a> from gd32f1x0_it.o(i.MemManage_Handler) referenced from startup_gd32f1x0.o(RESET)
 <LI><a href="#[14]">NMI_Handler</a> from gd32f1x0_it.o(i.NMI_Handler) referenced from startup_gd32f1x0.o(RESET)
 <LI><a href="#[1b]">PendSV_Handler</a> from gd32f1x0_it.o(i.PendSV_Handler) referenced from startup_gd32f1x0.o(RESET)
 <LI><a href="#[21]">RCU_IRQHandler</a> from startup_gd32f1x0.o(.text) referenced from startup_gd32f1x0.o(RESET)
 <LI><a href="#[1f]">RTC_IRQHandler</a> from startup_gd32f1x0.o(.text) referenced from startup_gd32f1x0.o(RESET)
 <LI><a href="#[13]">Reset_Handler</a> from startup_gd32f1x0.o(.text) referenced from startup_gd32f1x0.o(RESET)
 <LI><a href="#[45]">SLCD_IRQHandler</a> from startup_gd32f1x0.o(.text) referenced from startup_gd32f1x0.o(RESET)
 <LI><a href="#[35]">SPI0_IRQHandler</a> from startup_gd32f1x0.o(.text) referenced from startup_gd32f1x0.o(RESET)
 <LI><a href="#[36]">SPI1_IRQHandler</a> from startup_gd32f1x0.o(.text) referenced from startup_gd32f1x0.o(RESET)
 <LI><a href="#[47]">SPI2_IRQHandler</a> from startup_gd32f1x0.o(.text) referenced from startup_gd32f1x0.o(RESET)
 <LI><a href="#[19]">SVC_Handler</a> from gd32f1x0_it.o(i.SVC_Handler) referenced from startup_gd32f1x0.o(RESET)
 <LI><a href="#[1c]">SysTick_Handler</a> from gd32f1x0_it.o(i.SysTick_Handler) referenced from startup_gd32f1x0.o(RESET)
 <LI><a href="#[4d]">SystemInit</a> from system_gd32f1x0.o(i.SystemInit) referenced from startup_gd32f1x0.o(.text)
 <LI><a href="#[2a]">TIMER0_BRK_UP_TRG_COM_IRQHandler</a> from startup_gd32f1x0.o(.text) referenced from startup_gd32f1x0.o(RESET)
 <LI><a href="#[2b]">TIMER0_CC_IRQHandler</a> from startup_gd32f1x0.o(.text) referenced from startup_gd32f1x0.o(RESET)
 <LI><a href="#[2f]">TIMER13_IRQHandler</a> from startup_gd32f1x0.o(.text) referenced from startup_gd32f1x0.o(RESET)
 <LI><a href="#[30]">TIMER14_IRQHandler</a> from startup_gd32f1x0.o(.text) referenced from startup_gd32f1x0.o(RESET)
 <LI><a href="#[31]">TIMER15_IRQHandler</a> from startup_gd32f1x0.o(.text) referenced from startup_gd32f1x0.o(RESET)
 <LI><a href="#[32]">TIMER16_IRQHandler</a> from startup_gd32f1x0.o(.text) referenced from startup_gd32f1x0.o(RESET)
 <LI><a href="#[2c]">TIMER1_IRQHandler</a> from gd32f1x0_it.o(i.TIMER1_IRQHandler) referenced from startup_gd32f1x0.o(RESET)
 <LI><a href="#[2d]">TIMER2_IRQHandler</a> from gd32f1x0_it.o(i.TIMER2_IRQHandler) referenced from startup_gd32f1x0.o(RESET)
 <LI><a href="#[2e]">TIMER5_DAC_IRQHandler</a> from startup_gd32f1x0.o(.text) referenced from startup_gd32f1x0.o(RESET)
 <LI><a href="#[25]">TSI_IRQHandler</a> from startup_gd32f1x0.o(.text) referenced from startup_gd32f1x0.o(RESET)
 <LI><a href="#[37]">USART0_IRQHandler</a> from gd32f1x0_it.o(i.USART0_IRQHandler) referenced from startup_gd32f1x0.o(RESET)
 <LI><a href="#[38]">USART1_IRQHandler</a> from startup_gd32f1x0.o(.text) referenced from startup_gd32f1x0.o(RESET)
 <LI><a href="#[40]">USBDWakeUp_IRQHandler</a> from startup_gd32f1x0.o(.text) referenced from startup_gd32f1x0.o(RESET)
 <LI><a href="#[3f]">USBD_HP_IRQHandler</a> from startup_gd32f1x0.o(.text) referenced from startup_gd32f1x0.o(RESET)
 <LI><a href="#[3e]">USBD_LP_IRQHandler</a> from gd32f1x0_it.o(i.USBD_LP_IRQHandler) referenced from startup_gd32f1x0.o(RESET)
 <LI><a href="#[18]">UsageFault_Handler</a> from gd32f1x0_it.o(i.UsageFault_Handler) referenced from startup_gd32f1x0.o(RESET)
 <LI><a href="#[1d]">WWDGT_IRQHandler</a> from startup_gd32f1x0.o(.text) referenced from startup_gd32f1x0.o(RESET)
 <LI><a href="#[4e]">__main</a> from entry.o(.ARM.Collect$$$$00000000) referenced from startup_gd32f1x0.o(.text)
 <LI><a href="#[3]">custom_hid_data_handler</a> from custom_hid_core.o(i.custom_hid_data_handler) referenced 2 times from custom_hid_core.o(.data)
 <LI><a href="#[1]">custom_hid_deinit</a> from custom_hid_core.o(i.custom_hid_deinit) referenced 2 times from custom_hid_core.o(.data)
 <LI><a href="#[0]">custom_hid_init</a> from custom_hid_core.o(i.custom_hid_init) referenced 2 times from custom_hid_core.o(.data)
 <LI><a href="#[2]">custom_hid_req_handler</a> from custom_hid_core.o(i.custom_hid_req_handler) referenced 2 times from custom_hid_core.o(.data)
 <LI><a href="#[4c]">main</a> from main.o(i.main) referenced from entry9a.o(.ARM.Collect$$$$0000000B)
 <LI><a href="#[5]">usbd_clearfeature</a> from usbd_std.o(i.usbd_clearfeature) referenced 2 times from usbd_std.o(.data)
 <LI><a href="#[11]">usbd_configuration_descriptor_get</a> from usbd_std.o(i.usbd_configuration_descriptor_get) referenced 2 times from usbd_std.o(.data)
 <LI><a href="#[10]">usbd_device_descriptor_get</a> from usbd_std.o(i.usbd_device_descriptor_get) referenced 2 times from usbd_std.o(.data)
 <LI><a href="#[b]">usbd_getconfiguration</a> from usbd_std.o(i.usbd_getconfiguration) referenced 2 times from usbd_std.o(.data)
 <LI><a href="#[9]">usbd_getdescriptor</a> from usbd_std.o(i.usbd_getdescriptor) referenced 2 times from usbd_std.o(.data)
 <LI><a href="#[d]">usbd_getinterface</a> from usbd_std.o(i.usbd_getinterface) referenced 2 times from usbd_std.o(.data)
 <LI><a href="#[4]">usbd_getstatus</a> from usbd_std.o(i.usbd_getstatus) referenced 2 times from usbd_std.o(.data)
 <LI><a href="#[6]">usbd_reserved</a> from usbd_std.o(i.usbd_reserved) referenced 4 times from usbd_std.o(.data)
 <LI><a href="#[8]">usbd_setaddress</a> from usbd_std.o(i.usbd_setaddress) referenced 2 times from usbd_std.o(.data)
 <LI><a href="#[c]">usbd_setconfiguration</a> from usbd_std.o(i.usbd_setconfiguration) referenced 2 times from usbd_std.o(.data)
 <LI><a href="#[a]">usbd_setdescriptor</a> from usbd_std.o(i.usbd_setdescriptor) referenced 2 times from usbd_std.o(.data)
 <LI><a href="#[7]">usbd_setfeature</a> from usbd_std.o(i.usbd_setfeature) referenced 2 times from usbd_std.o(.data)
 <LI><a href="#[e]">usbd_setinterface</a> from usbd_std.o(i.usbd_setinterface) referenced 2 times from usbd_std.o(.data)
 <LI><a href="#[12]">usbd_string_descriptor_get</a> from usbd_std.o(i.usbd_string_descriptor_get) referenced 2 times from usbd_std.o(.data)
 <LI><a href="#[f]">usbd_synchframe</a> from usbd_std.o(i.usbd_synchframe) referenced 2 times from usbd_std.o(.data)
</UL>
<P>
<H3>
Global Symbols
</H3>
<P><STRONG><a name="[4e]"></a>__main</STRONG> (Thumb, 0 bytes, Stack size unknown bytes, entry.o(.ARM.Collect$$$$00000000))
<BR>[Address Reference Count : 1]<UL><LI> startup_gd32f1x0.o(.text)
</UL>
<P><STRONG><a name="[fe]"></a>_main_stk</STRONG> (Thumb, 0 bytes, Stack size unknown bytes, entry2.o(.ARM.Collect$$$$00000001))

<P><STRONG><a name="[4f]"></a>_main_scatterload</STRONG> (Thumb, 0 bytes, Stack size unknown bytes, entry5.o(.ARM.Collect$$$$00000004))
<BR><BR>[Calls]<UL><LI><a href="#[50]">&gt;&gt;</a>&nbsp;&nbsp;&nbsp;__scatterload
</UL>

<P><STRONG><a name="[5e]"></a>__main_after_scatterload</STRONG> (Thumb, 0 bytes, Stack size unknown bytes, entry5.o(.ARM.Collect$$$$00000004))
<BR><BR>[Called By]<UL><LI><a href="#[50]">&gt;&gt;</a>&nbsp;&nbsp;&nbsp;__scatterload
</UL>

<P><STRONG><a name="[ff]"></a>_main_clock</STRONG> (Thumb, 0 bytes, Stack size unknown bytes, entry7b.o(.ARM.Collect$$$$00000008))

<P><STRONG><a name="[100]"></a>_main_cpp_init</STRONG> (Thumb, 0 bytes, Stack size unknown bytes, entry8b.o(.ARM.Collect$$$$0000000A))

<P><STRONG><a name="[101]"></a>_main_init</STRONG> (Thumb, 0 bytes, Stack size unknown bytes, entry9a.o(.ARM.Collect$$$$0000000B))

<P><STRONG><a name="[102]"></a>__rt_final_cpp</STRONG> (Thumb, 0 bytes, Stack size unknown bytes, entry10a.o(.ARM.Collect$$$$0000000D))

<P><STRONG><a name="[103]"></a>__rt_final_exit</STRONG> (Thumb, 0 bytes, Stack size unknown bytes, entry11a.o(.ARM.Collect$$$$0000000F))

<P><STRONG><a name="[13]"></a>Reset_Handler</STRONG> (Thumb, 8 bytes, Stack size 0 bytes, startup_gd32f1x0.o(.text))
<BR>[Address Reference Count : 1]<UL><LI> startup_gd32f1x0.o(RESET)
</UL>
<P><STRONG><a name="[29]"></a>ADC_CMP_IRQHandler</STRONG> (Thumb, 0 bytes, Stack size 0 bytes, startup_gd32f1x0.o(.text))
<BR><BR>[Calls]<UL><LI><a href="#[29]">&gt;&gt;</a>&nbsp;&nbsp;&nbsp;ADC_CMP_IRQHandler
</UL>
<BR>[Called By]<UL><LI><a href="#[29]">&gt;&gt;</a>&nbsp;&nbsp;&nbsp;ADC_CMP_IRQHandler
</UL>
<BR>[Address Reference Count : 1]<UL><LI> startup_gd32f1x0.o(RESET)
</UL>
<P><STRONG><a name="[42]"></a>CAN0_RX0_IRQHandler</STRONG> (Thumb, 0 bytes, Stack size 0 bytes, startup_gd32f1x0.o(.text))
<BR>[Address Reference Count : 1]<UL><LI> startup_gd32f1x0.o(RESET)
</UL>
<P><STRONG><a name="[43]"></a>CAN0_RX1_IRQHandler</STRONG> (Thumb, 0 bytes, Stack size 0 bytes, startup_gd32f1x0.o(.text))
<BR>[Address Reference Count : 1]<UL><LI> startup_gd32f1x0.o(RESET)
</UL>
<P><STRONG><a name="[44]"></a>CAN0_SCE_IRQHandler</STRONG> (Thumb, 0 bytes, Stack size 0 bytes, startup_gd32f1x0.o(.text))
<BR>[Address Reference Count : 1]<UL><LI> startup_gd32f1x0.o(RESET)
</UL>
<P><STRONG><a name="[41]"></a>CAN0_TX_IRQHandler</STRONG> (Thumb, 0 bytes, Stack size 0 bytes, startup_gd32f1x0.o(.text))
<BR>[Address Reference Count : 1]<UL><LI> startup_gd32f1x0.o(RESET)
</UL>
<P><STRONG><a name="[49]"></a>CAN1_RX0_IRQHandler</STRONG> (Thumb, 0 bytes, Stack size 0 bytes, startup_gd32f1x0.o(.text))
<BR>[Address Reference Count : 1]<UL><LI> startup_gd32f1x0.o(RESET)
</UL>
<P><STRONG><a name="[4a]"></a>CAN1_RX1_IRQHandler</STRONG> (Thumb, 0 bytes, Stack size 0 bytes, startup_gd32f1x0.o(.text))
<BR>[Address Reference Count : 1]<UL><LI> startup_gd32f1x0.o(RESET)
</UL>
<P><STRONG><a name="[4b]"></a>CAN1_SCE_IRQHandler</STRONG> (Thumb, 0 bytes, Stack size 0 bytes, startup_gd32f1x0.o(.text))
<BR>[Address Reference Count : 1]<UL><LI> startup_gd32f1x0.o(RESET)
</UL>
<P><STRONG><a name="[48]"></a>CAN1_TX_IRQHandler</STRONG> (Thumb, 0 bytes, Stack size 0 bytes, startup_gd32f1x0.o(.text))
<BR>[Address Reference Count : 1]<UL><LI> startup_gd32f1x0.o(RESET)
</UL>
<P><STRONG><a name="[39]"></a>CEC_IRQHandler</STRONG> (Thumb, 0 bytes, Stack size 0 bytes, startup_gd32f1x0.o(.text))
<BR>[Address Reference Count : 1]<UL><LI> startup_gd32f1x0.o(RESET)
</UL>
<P><STRONG><a name="[26]"></a>DMA_Channel0_IRQHandler</STRONG> (Thumb, 0 bytes, Stack size 0 bytes, startup_gd32f1x0.o(.text))
<BR>[Address Reference Count : 1]<UL><LI> startup_gd32f1x0.o(RESET)
</UL>
<P><STRONG><a name="[27]"></a>DMA_Channel1_2_IRQHandler</STRONG> (Thumb, 0 bytes, Stack size 0 bytes, startup_gd32f1x0.o(.text))
<BR>[Address Reference Count : 1]<UL><LI> startup_gd32f1x0.o(RESET)
</UL>
<P><STRONG><a name="[28]"></a>DMA_Channel3_4_IRQHandler</STRONG> (Thumb, 0 bytes, Stack size 0 bytes, startup_gd32f1x0.o(.text))
<BR>[Address Reference Count : 1]<UL><LI> startup_gd32f1x0.o(RESET)
</UL>
<P><STRONG><a name="[46]"></a>DMA_Channel5_6_IRQHandler</STRONG> (Thumb, 0 bytes, Stack size 0 bytes, startup_gd32f1x0.o(.text))
<BR>[Address Reference Count : 1]<UL><LI> startup_gd32f1x0.o(RESET)
</UL>
<P><STRONG><a name="[23]"></a>EXTI2_3_IRQHandler</STRONG> (Thumb, 0 bytes, Stack size 0 bytes, startup_gd32f1x0.o(.text))
<BR>[Address Reference Count : 1]<UL><LI> startup_gd32f1x0.o(RESET)
</UL>
<P><STRONG><a name="[20]"></a>FMC_IRQHandler</STRONG> (Thumb, 0 bytes, Stack size 0 bytes, startup_gd32f1x0.o(.text))
<BR>[Address Reference Count : 1]<UL><LI> startup_gd32f1x0.o(RESET)
</UL>
<P><STRONG><a name="[3a]"></a>I2C0_ER_IRQHandler</STRONG> (Thumb, 0 bytes, Stack size 0 bytes, startup_gd32f1x0.o(.text))
<BR>[Address Reference Count : 1]<UL><LI> startup_gd32f1x0.o(RESET)
</UL>
<P><STRONG><a name="[33]"></a>I2C0_EV_IRQHandler</STRONG> (Thumb, 0 bytes, Stack size 0 bytes, startup_gd32f1x0.o(.text))
<BR>[Address Reference Count : 1]<UL><LI> startup_gd32f1x0.o(RESET)
</UL>
<P><STRONG><a name="[3b]"></a>I2C1_ER_IRQHandler</STRONG> (Thumb, 0 bytes, Stack size 0 bytes, startup_gd32f1x0.o(.text))
<BR>[Address Reference Count : 1]<UL><LI> startup_gd32f1x0.o(RESET)
</UL>
<P><STRONG><a name="[34]"></a>I2C1_EV_IRQHandler</STRONG> (Thumb, 0 bytes, Stack size 0 bytes, startup_gd32f1x0.o(.text))
<BR>[Address Reference Count : 1]<UL><LI> startup_gd32f1x0.o(RESET)
</UL>
<P><STRONG><a name="[3d]"></a>I2C2_ER_IRQHandler</STRONG> (Thumb, 0 bytes, Stack size 0 bytes, startup_gd32f1x0.o(.text))
<BR>[Address Reference Count : 1]<UL><LI> startup_gd32f1x0.o(RESET)
</UL>
<P><STRONG><a name="[3c]"></a>I2C2_EV_IRQHandler</STRONG> (Thumb, 0 bytes, Stack size 0 bytes, startup_gd32f1x0.o(.text))
<BR>[Address Reference Count : 1]<UL><LI> startup_gd32f1x0.o(RESET)
</UL>
<P><STRONG><a name="[1e]"></a>LVD_IRQHandler</STRONG> (Thumb, 0 bytes, Stack size 0 bytes, startup_gd32f1x0.o(.text))
<BR>[Address Reference Count : 1]<UL><LI> startup_gd32f1x0.o(RESET)
</UL>
<P><STRONG><a name="[21]"></a>RCU_IRQHandler</STRONG> (Thumb, 0 bytes, Stack size 0 bytes, startup_gd32f1x0.o(.text))
<BR>[Address Reference Count : 1]<UL><LI> startup_gd32f1x0.o(RESET)
</UL>
<P><STRONG><a name="[1f]"></a>RTC_IRQHandler</STRONG> (Thumb, 0 bytes, Stack size 0 bytes, startup_gd32f1x0.o(.text))
<BR>[Address Reference Count : 1]<UL><LI> startup_gd32f1x0.o(RESET)
</UL>
<P><STRONG><a name="[45]"></a>SLCD_IRQHandler</STRONG> (Thumb, 0 bytes, Stack size 0 bytes, startup_gd32f1x0.o(.text))
<BR>[Address Reference Count : 1]<UL><LI> startup_gd32f1x0.o(RESET)
</UL>
<P><STRONG><a name="[35]"></a>SPI0_IRQHandler</STRONG> (Thumb, 0 bytes, Stack size 0 bytes, startup_gd32f1x0.o(.text))
<BR>[Address Reference Count : 1]<UL><LI> startup_gd32f1x0.o(RESET)
</UL>
<P><STRONG><a name="[36]"></a>SPI1_IRQHandler</STRONG> (Thumb, 0 bytes, Stack size 0 bytes, startup_gd32f1x0.o(.text))
<BR>[Address Reference Count : 1]<UL><LI> startup_gd32f1x0.o(RESET)
</UL>
<P><STRONG><a name="[47]"></a>SPI2_IRQHandler</STRONG> (Thumb, 0 bytes, Stack size 0 bytes, startup_gd32f1x0.o(.text))
<BR>[Address Reference Count : 1]<UL><LI> startup_gd32f1x0.o(RESET)
</UL>
<P><STRONG><a name="[2a]"></a>TIMER0_BRK_UP_TRG_COM_IRQHandler</STRONG> (Thumb, 0 bytes, Stack size 0 bytes, startup_gd32f1x0.o(.text))
<BR>[Address Reference Count : 1]<UL><LI> startup_gd32f1x0.o(RESET)
</UL>
<P><STRONG><a name="[2b]"></a>TIMER0_CC_IRQHandler</STRONG> (Thumb, 0 bytes, Stack size 0 bytes, startup_gd32f1x0.o(.text))
<BR>[Address Reference Count : 1]<UL><LI> startup_gd32f1x0.o(RESET)
</UL>
<P><STRONG><a name="[2f]"></a>TIMER13_IRQHandler</STRONG> (Thumb, 0 bytes, Stack size 0 bytes, startup_gd32f1x0.o(.text))
<BR>[Address Reference Count : 1]<UL><LI> startup_gd32f1x0.o(RESET)
</UL>
<P><STRONG><a name="[30]"></a>TIMER14_IRQHandler</STRONG> (Thumb, 0 bytes, Stack size 0 bytes, startup_gd32f1x0.o(.text))
<BR>[Address Reference Count : 1]<UL><LI> startup_gd32f1x0.o(RESET)
</UL>
<P><STRONG><a name="[31]"></a>TIMER15_IRQHandler</STRONG> (Thumb, 0 bytes, Stack size 0 bytes, startup_gd32f1x0.o(.text))
<BR>[Address Reference Count : 1]<UL><LI> startup_gd32f1x0.o(RESET)
</UL>
<P><STRONG><a name="[32]"></a>TIMER16_IRQHandler</STRONG> (Thumb, 0 bytes, Stack size 0 bytes, startup_gd32f1x0.o(.text))
<BR>[Address Reference Count : 1]<UL><LI> startup_gd32f1x0.o(RESET)
</UL>
<P><STRONG><a name="[2e]"></a>TIMER5_DAC_IRQHandler</STRONG> (Thumb, 0 bytes, Stack size 0 bytes, startup_gd32f1x0.o(.text))
<BR>[Address Reference Count : 1]<UL><LI> startup_gd32f1x0.o(RESET)
</UL>
<P><STRONG><a name="[25]"></a>TSI_IRQHandler</STRONG> (Thumb, 0 bytes, Stack size 0 bytes, startup_gd32f1x0.o(.text))
<BR>[Address Reference Count : 1]<UL><LI> startup_gd32f1x0.o(RESET)
</UL>
<P><STRONG><a name="[38]"></a>USART1_IRQHandler</STRONG> (Thumb, 0 bytes, Stack size 0 bytes, startup_gd32f1x0.o(.text))
<BR>[Address Reference Count : 1]<UL><LI> startup_gd32f1x0.o(RESET)
</UL>
<P><STRONG><a name="[40]"></a>USBDWakeUp_IRQHandler</STRONG> (Thumb, 0 bytes, Stack size 0 bytes, startup_gd32f1x0.o(.text))
<BR>[Address Reference Count : 1]<UL><LI> startup_gd32f1x0.o(RESET)
</UL>
<P><STRONG><a name="[3f]"></a>USBD_HP_IRQHandler</STRONG> (Thumb, 0 bytes, Stack size 0 bytes, startup_gd32f1x0.o(.text))
<BR>[Address Reference Count : 1]<UL><LI> startup_gd32f1x0.o(RESET)
</UL>
<P><STRONG><a name="[1d]"></a>WWDGT_IRQHandler</STRONG> (Thumb, 0 bytes, Stack size 0 bytes, startup_gd32f1x0.o(.text))
<BR>[Address Reference Count : 1]<UL><LI> startup_gd32f1x0.o(RESET)
</UL>
<P><STRONG><a name="[b5]"></a>rand</STRONG> (Thumb, 20 bytes, Stack size 0 bytes, rand.o(.text))
<BR><BR>[Called By]<UL><LI><a href="#[73]">&gt;&gt;</a>&nbsp;&nbsp;&nbsp;Random
</UL>

<P><STRONG><a name="[104]"></a>srand</STRONG> (Thumb, 6 bytes, Stack size 0 bytes, rand.o(.text), UNUSED)

<P><STRONG><a name="[61]"></a>__aeabi_memcpy</STRONG> (Thumb, 36 bytes, Stack size 0 bytes, memcpya.o(.text))
<BR><BR>[Called By]<UL><LI><a href="#[a4]">&gt;&gt;</a>&nbsp;&nbsp;&nbsp;IDT_PropogateKeys
<LI><a href="#[b3]">&gt;&gt;</a>&nbsp;&nbsp;&nbsp;UsbSendBuff
<LI><a href="#[64]">&gt;&gt;</a>&nbsp;&nbsp;&nbsp;IDT_LoadInitKey
<LI><a href="#[66]">&gt;&gt;</a>&nbsp;&nbsp;&nbsp;IDT_EncryptPIN
<LI><a href="#[9b]">&gt;&gt;</a>&nbsp;&nbsp;&nbsp;GetKeyCkeckValue
<LI><a href="#[72]">&gt;&gt;</a>&nbsp;&nbsp;&nbsp;WriteENCKEY
<LI><a href="#[b7]">&gt;&gt;</a>&nbsp;&nbsp;&nbsp;ReadENCKEY
<LI><a href="#[68]">&gt;&gt;</a>&nbsp;&nbsp;&nbsp;DealRxData
<LI><a href="#[5f]">&gt;&gt;</a>&nbsp;&nbsp;&nbsp;AES_cbc_encrypt
<LI><a href="#[b1]">&gt;&gt;</a>&nbsp;&nbsp;&nbsp;SHA1Update
<LI><a href="#[ac]">&gt;&gt;</a>&nbsp;&nbsp;&nbsp;MSR_SendData
</UL>

<P><STRONG><a name="[e9]"></a>__aeabi_memcpy4</STRONG> (Thumb, 0 bytes, Stack size 0 bytes, memcpya.o(.text))
<BR><BR>[Called By]<UL><LI><a href="#[6b]">&gt;&gt;</a>&nbsp;&nbsp;&nbsp;send_frame
</UL>

<P><STRONG><a name="[105]"></a>__aeabi_memcpy8</STRONG> (Thumb, 0 bytes, Stack size 0 bytes, memcpya.o(.text), UNUSED)

<P><STRONG><a name="[52]"></a>__aeabi_memset</STRONG> (Thumb, 14 bytes, Stack size 0 bytes, memseta.o(.text))
<BR><BR>[Called By]<UL><LI><a href="#[ac]">&gt;&gt;</a>&nbsp;&nbsp;&nbsp;MSR_SendData
<LI><a href="#[53]">&gt;&gt;</a>&nbsp;&nbsp;&nbsp;_memset$wrapper
<LI><a href="#[51]">&gt;&gt;</a>&nbsp;&nbsp;&nbsp;__aeabi_memclr
</UL>

<P><STRONG><a name="[106]"></a>__aeabi_memset4</STRONG> (Thumb, 0 bytes, Stack size 0 bytes, memseta.o(.text), UNUSED)

<P><STRONG><a name="[107]"></a>__aeabi_memset8</STRONG> (Thumb, 0 bytes, Stack size 0 bytes, memseta.o(.text), UNUSED)

<P><STRONG><a name="[51]"></a>__aeabi_memclr</STRONG> (Thumb, 4 bytes, Stack size 0 bytes, memseta.o(.text))
<BR><BR>[Calls]<UL><LI><a href="#[52]">&gt;&gt;</a>&nbsp;&nbsp;&nbsp;__aeabi_memset
</UL>
<BR>[Called By]<UL><LI><a href="#[a3]">&gt;&gt;</a>&nbsp;&nbsp;&nbsp;IDT_GenNewKeys
<LI><a href="#[64]">&gt;&gt;</a>&nbsp;&nbsp;&nbsp;IDT_LoadInitKey
<LI><a href="#[9b]">&gt;&gt;</a>&nbsp;&nbsp;&nbsp;GetKeyCkeckValue
<LI><a href="#[6e]">&gt;&gt;</a>&nbsp;&nbsp;&nbsp;ResetSetting
<LI><a href="#[68]">&gt;&gt;</a>&nbsp;&nbsp;&nbsp;DealRxData
<LI><a href="#[97]">&gt;&gt;</a>&nbsp;&nbsp;&nbsp;InitMagDecode
<LI><a href="#[7a]">&gt;&gt;</a>&nbsp;&nbsp;&nbsp;DecodeTrackData
<LI><a href="#[78]">&gt;&gt;</a>&nbsp;&nbsp;&nbsp;DecodeTimeToBit
<LI><a href="#[cd]">&gt;&gt;</a>&nbsp;&nbsp;&nbsp;UsbRecvReset
</UL>

<P><STRONG><a name="[82]"></a>__aeabi_memclr4</STRONG> (Thumb, 0 bytes, Stack size 0 bytes, memseta.o(.text))
<BR><BR>[Called By]<UL><LI><a href="#[b3]">&gt;&gt;</a>&nbsp;&nbsp;&nbsp;UsbSendBuff
<LI><a href="#[72]">&gt;&gt;</a>&nbsp;&nbsp;&nbsp;WriteENCKEY
<LI><a href="#[b7]">&gt;&gt;</a>&nbsp;&nbsp;&nbsp;ReadENCKEY
<LI><a href="#[81]">&gt;&gt;</a>&nbsp;&nbsp;&nbsp;DeleteChars
<LI><a href="#[83]">&gt;&gt;</a>&nbsp;&nbsp;&nbsp;EP1_OUT_Callback
<LI><a href="#[b9]">&gt;&gt;</a>&nbsp;&nbsp;&nbsp;burnStack
<LI><a href="#[ac]">&gt;&gt;</a>&nbsp;&nbsp;&nbsp;MSR_SendData
</UL>

<P><STRONG><a name="[108]"></a>__aeabi_memclr8</STRONG> (Thumb, 0 bytes, Stack size 0 bytes, memseta.o(.text), UNUSED)

<P><STRONG><a name="[53]"></a>_memset$wrapper</STRONG> (Thumb, 18 bytes, Stack size 8 bytes, memseta.o(.text), UNUSED)
<BR><BR>[Calls]<UL><LI><a href="#[52]">&gt;&gt;</a>&nbsp;&nbsp;&nbsp;__aeabi_memset
</UL>

<P><STRONG><a name="[99]"></a>strstr</STRONG> (Thumb, 36 bytes, Stack size 12 bytes, strstr.o(.text))
<BR><BR>[Stack]<UL><LI>Max Depth = 12<LI>Call Chain = strstr
</UL>
<BR>[Called By]<UL><LI><a href="#[98]">&gt;&gt;</a>&nbsp;&nbsp;&nbsp;GetAccount
</UL>

<P><STRONG><a name="[9a]"></a>strncpy</STRONG> (Thumb, 24 bytes, Stack size 8 bytes, strncpy.o(.text))
<BR><BR>[Stack]<UL><LI>Max Depth = 8<LI>Call Chain = strncpy
</UL>
<BR>[Called By]<UL><LI><a href="#[98]">&gt;&gt;</a>&nbsp;&nbsp;&nbsp;GetAccount
</UL>

<P><STRONG><a name="[ad]"></a>strlen</STRONG> (Thumb, 14 bytes, Stack size 0 bytes, strlen.o(.text))
<BR><BR>[Called By]<UL><LI><a href="#[6b]">&gt;&gt;</a>&nbsp;&nbsp;&nbsp;send_frame
<LI><a href="#[ac]">&gt;&gt;</a>&nbsp;&nbsp;&nbsp;MSR_SendData
</UL>

<P><STRONG><a name="[75]"></a>memcmp</STRONG> (Thumb, 26 bytes, Stack size 12 bytes, memcmp.o(.text))
<BR><BR>[Stack]<UL><LI>Max Depth = 12<LI>Call Chain = memcmp
</UL>
<BR>[Called By]<UL><LI><a href="#[68]">&gt;&gt;</a>&nbsp;&nbsp;&nbsp;DealRxData
</UL>

<P><STRONG><a name="[ae]"></a>__ARM_scalbn</STRONG> (Thumb, 46 bytes, Stack size 16 bytes, dscalb.o(.text))
<BR><BR>[Stack]<UL><LI>Max Depth = 16<LI>Call Chain = __ARM_scalbn
</UL>
<BR>[Called By]<UL><LI><a href="#[ac]">&gt;&gt;</a>&nbsp;&nbsp;&nbsp;MSR_SendData
</UL>

<P><STRONG><a name="[109]"></a>scalbn</STRONG> (Thumb, 0 bytes, Stack size 16 bytes, dscalb.o(.text), UNUSED)

<P><STRONG><a name="[54]"></a>__aeabi_i2d</STRONG> (Thumb, 34 bytes, Stack size 16 bytes, dflti.o(.text))
<BR><BR>[Stack]<UL><LI>Max Depth = 56<LI>Call Chain = __aeabi_i2d &rArr; _double_epilogue &rArr; _double_round
</UL>
<BR>[Calls]<UL><LI><a href="#[55]">&gt;&gt;</a>&nbsp;&nbsp;&nbsp;_double_epilogue
</UL>
<BR>[Called By]<UL><LI><a href="#[ac]">&gt;&gt;</a>&nbsp;&nbsp;&nbsp;MSR_SendData
</UL>

<P><STRONG><a name="[56]"></a>__aeabi_d2uiz</STRONG> (Thumb, 50 bytes, Stack size 8 bytes, dfixui.o(.text))
<BR><BR>[Stack]<UL><LI>Max Depth = 8<LI>Call Chain = __aeabi_d2uiz
</UL>
<BR>[Calls]<UL><LI><a href="#[57]">&gt;&gt;</a>&nbsp;&nbsp;&nbsp;__aeabi_llsr
</UL>
<BR>[Called By]<UL><LI><a href="#[ac]">&gt;&gt;</a>&nbsp;&nbsp;&nbsp;MSR_SendData
</UL>

<P><STRONG><a name="[57]"></a>__aeabi_llsr</STRONG> (Thumb, 32 bytes, Stack size 0 bytes, llushr.o(.text))
<BR><BR>[Called By]<UL><LI><a href="#[56]">&gt;&gt;</a>&nbsp;&nbsp;&nbsp;__aeabi_d2uiz
<LI><a href="#[55]">&gt;&gt;</a>&nbsp;&nbsp;&nbsp;_double_epilogue
</UL>

<P><STRONG><a name="[10a]"></a>_ll_ushift_r</STRONG> (Thumb, 0 bytes, Stack size 0 bytes, llushr.o(.text), UNUSED)

<P><STRONG><a name="[10b]"></a>__I$use$fp</STRONG> (Thumb, 0 bytes, Stack size 8 bytes, iusefp.o(.text), UNUSED)

<P><STRONG><a name="[59]"></a>_double_round</STRONG> (Thumb, 26 bytes, Stack size 8 bytes, depilogue.o(.text))
<BR><BR>[Stack]<UL><LI>Max Depth = 8<LI>Call Chain = _double_round
</UL>
<BR>[Called By]<UL><LI><a href="#[55]">&gt;&gt;</a>&nbsp;&nbsp;&nbsp;_double_epilogue
<LI><a href="#[5a]">&gt;&gt;</a>&nbsp;&nbsp;&nbsp;__aeabi_dadd
</UL>

<P><STRONG><a name="[55]"></a>_double_epilogue</STRONG> (Thumb, 164 bytes, Stack size 32 bytes, depilogue.o(.text))
<BR><BR>[Stack]<UL><LI>Max Depth = 40<LI>Call Chain = _double_epilogue &rArr; _double_round
</UL>
<BR>[Calls]<UL><LI><a href="#[58]">&gt;&gt;</a>&nbsp;&nbsp;&nbsp;__aeabi_llsl
<LI><a href="#[59]">&gt;&gt;</a>&nbsp;&nbsp;&nbsp;_double_round
<LI><a href="#[57]">&gt;&gt;</a>&nbsp;&nbsp;&nbsp;__aeabi_llsr
</UL>
<BR>[Called By]<UL><LI><a href="#[54]">&gt;&gt;</a>&nbsp;&nbsp;&nbsp;__aeabi_i2d
<LI><a href="#[5a]">&gt;&gt;</a>&nbsp;&nbsp;&nbsp;__aeabi_dadd
</UL>

<P><STRONG><a name="[5a]"></a>__aeabi_dadd</STRONG> (Thumb, 322 bytes, Stack size 48 bytes, dadd.o(.text))
<BR><BR>[Stack]<UL><LI>Max Depth = 88<LI>Call Chain = __aeabi_dadd &rArr; _double_epilogue &rArr; _double_round
</UL>
<BR>[Calls]<UL><LI><a href="#[5b]">&gt;&gt;</a>&nbsp;&nbsp;&nbsp;__aeabi_lasr
<LI><a href="#[58]">&gt;&gt;</a>&nbsp;&nbsp;&nbsp;__aeabi_llsl
<LI><a href="#[59]">&gt;&gt;</a>&nbsp;&nbsp;&nbsp;_double_round
<LI><a href="#[55]">&gt;&gt;</a>&nbsp;&nbsp;&nbsp;_double_epilogue
</UL>
<BR>[Called By]<UL><LI><a href="#[5c]">&gt;&gt;</a>&nbsp;&nbsp;&nbsp;__aeabi_dsub
<LI><a href="#[5d]">&gt;&gt;</a>&nbsp;&nbsp;&nbsp;__aeabi_drsub
<LI><a href="#[af]">&gt;&gt;</a>&nbsp;&nbsp;&nbsp;ceil
</UL>

<P><STRONG><a name="[5c]"></a>__aeabi_dsub</STRONG> (Thumb, 6 bytes, Stack size 0 bytes, dadd.o(.text), UNUSED)
<BR><BR>[Calls]<UL><LI><a href="#[5a]">&gt;&gt;</a>&nbsp;&nbsp;&nbsp;__aeabi_dadd
</UL>

<P><STRONG><a name="[5d]"></a>__aeabi_drsub</STRONG> (Thumb, 6 bytes, Stack size 0 bytes, dadd.o(.text))
<BR><BR>[Stack]<UL><LI>Max Depth = 88<LI>Call Chain = __aeabi_drsub &rArr; __aeabi_dadd &rArr; _double_epilogue &rArr; _double_round
</UL>
<BR>[Calls]<UL><LI><a href="#[5a]">&gt;&gt;</a>&nbsp;&nbsp;&nbsp;__aeabi_dadd
</UL>
<BR>[Called By]<UL><LI><a href="#[af]">&gt;&gt;</a>&nbsp;&nbsp;&nbsp;ceil
</UL>

<P><STRONG><a name="[d0]"></a>__aeabi_cdrcmple</STRONG> (Thumb, 38 bytes, Stack size 0 bytes, cdrcmple.o(.text))
<BR><BR>[Called By]<UL><LI><a href="#[af]">&gt;&gt;</a>&nbsp;&nbsp;&nbsp;ceil
</UL>

<P><STRONG><a name="[50]"></a>__scatterload</STRONG> (Thumb, 28 bytes, Stack size 0 bytes, init.o(.text))
<BR><BR>[Calls]<UL><LI><a href="#[5e]">&gt;&gt;</a>&nbsp;&nbsp;&nbsp;__main_after_scatterload
</UL>
<BR>[Called By]<UL><LI><a href="#[4f]">&gt;&gt;</a>&nbsp;&nbsp;&nbsp;_main_scatterload
</UL>

<P><STRONG><a name="[10c]"></a>__scatterload_rt2</STRONG> (Thumb, 0 bytes, Stack size 0 bytes, init.o(.text), UNUSED)

<P><STRONG><a name="[58]"></a>__aeabi_llsl</STRONG> (Thumb, 30 bytes, Stack size 0 bytes, llshl.o(.text))
<BR><BR>[Called By]<UL><LI><a href="#[55]">&gt;&gt;</a>&nbsp;&nbsp;&nbsp;_double_epilogue
<LI><a href="#[5a]">&gt;&gt;</a>&nbsp;&nbsp;&nbsp;__aeabi_dadd
</UL>

<P><STRONG><a name="[10d]"></a>_ll_shift_l</STRONG> (Thumb, 0 bytes, Stack size 0 bytes, llshl.o(.text), UNUSED)

<P><STRONG><a name="[5b]"></a>__aeabi_lasr</STRONG> (Thumb, 36 bytes, Stack size 0 bytes, llsshr.o(.text))
<BR><BR>[Called By]<UL><LI><a href="#[5a]">&gt;&gt;</a>&nbsp;&nbsp;&nbsp;__aeabi_dadd
</UL>

<P><STRONG><a name="[10e]"></a>_ll_sshift_r</STRONG> (Thumb, 0 bytes, Stack size 0 bytes, llsshr.o(.text), UNUSED)

<P><STRONG><a name="[10f]"></a>__decompress</STRONG> (Thumb, 0 bytes, Stack size unknown bytes, __dczerorl2.o(.text), UNUSED)

<P><STRONG><a name="[110]"></a>__decompress1</STRONG> (Thumb, 92 bytes, Stack size unknown bytes, __dczerorl2.o(.text), UNUSED)

<P><STRONG><a name="[5f]"></a>AES_cbc_encrypt</STRONG> (Thumb, 242 bytes, Stack size 48 bytes, aes.o(i.AES_cbc_encrypt))
<BR><BR>[Stack]<UL><LI>Max Depth = 88<LI>Call Chain = AES_cbc_encrypt &rArr; AES_encrypt
</UL>
<BR>[Calls]<UL><LI><a href="#[60]">&gt;&gt;</a>&nbsp;&nbsp;&nbsp;AES_encrypt
<LI><a href="#[62]">&gt;&gt;</a>&nbsp;&nbsp;&nbsp;AES_decrypt
<LI><a href="#[61]">&gt;&gt;</a>&nbsp;&nbsp;&nbsp;__aeabi_memcpy
</UL>
<BR>[Called By]<UL><LI><a href="#[ac]">&gt;&gt;</a>&nbsp;&nbsp;&nbsp;MSR_SendData
</UL>

<P><STRONG><a name="[62]"></a>AES_decrypt</STRONG> (Thumb, 884 bytes, Stack size 40 bytes, aes.o(i.AES_decrypt))
<BR><BR>[Stack]<UL><LI>Max Depth = 40<LI>Call Chain = AES_decrypt
</UL>
<BR>[Called By]<UL><LI><a href="#[5f]">&gt;&gt;</a>&nbsp;&nbsp;&nbsp;AES_cbc_encrypt
</UL>

<P><STRONG><a name="[60]"></a>AES_encrypt</STRONG> (Thumb, 884 bytes, Stack size 40 bytes, aes.o(i.AES_encrypt))
<BR><BR>[Stack]<UL><LI>Max Depth = 40<LI>Call Chain = AES_encrypt
</UL>
<BR>[Called By]<UL><LI><a href="#[5f]">&gt;&gt;</a>&nbsp;&nbsp;&nbsp;AES_cbc_encrypt
</UL>

<P><STRONG><a name="[b4]"></a>AES_set_encrypt_key</STRONG> (Thumb, 648 bytes, Stack size 20 bytes, aes.o(i.AES_set_encrypt_key))
<BR><BR>[Stack]<UL><LI>Max Depth = 20<LI>Call Chain = AES_set_encrypt_key
</UL>
<BR>[Called By]<UL><LI><a href="#[ac]">&gt;&gt;</a>&nbsp;&nbsp;&nbsp;MSR_SendData
</UL>

<P><STRONG><a name="[70]"></a>AsciiToHex</STRONG> (Thumb, 102 bytes, Stack size 24 bytes, app.o(i.AsciiToHex))
<BR><BR>[Stack]<UL><LI>Max Depth = 24<LI>Call Chain = AsciiToHex
</UL>
<BR>[Called By]<UL><LI><a href="#[68]">&gt;&gt;</a>&nbsp;&nbsp;&nbsp;DealRxData
</UL>

<P><STRONG><a name="[17]"></a>BusFault_Handler</STRONG> (Thumb, 2 bytes, Stack size 0 bytes, gd32f1x0_it.o(i.BusFault_Handler))
<BR><BR>[Calls]<UL><LI><a href="#[17]">&gt;&gt;</a>&nbsp;&nbsp;&nbsp;BusFault_Handler
</UL>
<BR>[Called By]<UL><LI><a href="#[17]">&gt;&gt;</a>&nbsp;&nbsp;&nbsp;BusFault_Handler
</UL>
<BR>[Address Reference Count : 1]<UL><LI> startup_gd32f1x0.o(RESET)
</UL>
<P><STRONG><a name="[63]"></a>CalcCryptoKey</STRONG> (Thumb, 84 bytes, Stack size 24 bytes, app.o(i.CalcCryptoKey))
<BR><BR>[Stack]<UL><LI>Max Depth = 448<LI>Call Chain = CalcCryptoKey &rArr; IDT_EncryptPIN &rArr; IDT_GenNewKeys &rArr; IDT_PropogateKeys &rArr; IDT_NonReversibleKeyGen &rArr; des &rArr; SetKey &rArr; DoRight
</UL>
<BR>[Calls]<UL><LI><a href="#[64]">&gt;&gt;</a>&nbsp;&nbsp;&nbsp;IDT_LoadInitKey
<LI><a href="#[67]">&gt;&gt;</a>&nbsp;&nbsp;&nbsp;IDT_GetNumOfOnes
<LI><a href="#[66]">&gt;&gt;</a>&nbsp;&nbsp;&nbsp;IDT_EncryptPIN
<LI><a href="#[65]">&gt;&gt;</a>&nbsp;&nbsp;&nbsp;IDT_ChangeCounter
</UL>
<BR>[Called By]<UL><LI><a href="#[ac]">&gt;&gt;</a>&nbsp;&nbsp;&nbsp;MSR_SendData
</UL>

<P><STRONG><a name="[84]"></a>CalcSum</STRONG> (Thumb, 22 bytes, Stack size 8 bytes, usb_endp.o(i.CalcSum))
<BR><BR>[Stack]<UL><LI>Max Depth = 8<LI>Call Chain = CalcSum
</UL>
<BR>[Called By]<UL><LI><a href="#[b3]">&gt;&gt;</a>&nbsp;&nbsp;&nbsp;UsbSendBuff
<LI><a href="#[83]">&gt;&gt;</a>&nbsp;&nbsp;&nbsp;EP1_OUT_Callback
</UL>

<P><STRONG><a name="[69]"></a>DBG_H</STRONG> (Thumb, 2 bytes, Stack size 0 bytes, dev_uart.o(i.DBG_H))
<BR><BR>[Called By]<UL><LI><a href="#[68]">&gt;&gt;</a>&nbsp;&nbsp;&nbsp;DealRxData
</UL>

<P><STRONG><a name="[a9]"></a>DBG_S</STRONG> (Thumb, 2 bytes, Stack size 0 bytes, dev_uart.o(i.DBG_S))
<BR><BR>[Called By]<UL><LI><a href="#[ac]">&gt;&gt;</a>&nbsp;&nbsp;&nbsp;MSR_SendData
<LI><a href="#[a8]">&gt;&gt;</a>&nbsp;&nbsp;&nbsp;MSR_Character_Decoder
</UL>

<P><STRONG><a name="[68]"></a>DealRxData</STRONG> (Thumb, 1204 bytes, Stack size 40 bytes, app.o(i.DealRxData))
<BR><BR>[Stack]<UL><LI>Max Depth = 460<LI>Call Chain = DealRxData &rArr; send_frame &rArr; GetKeyCkeckValue &rArr; tri_des &rArr; des &rArr; SetKey &rArr; DoRight
</UL>
<BR>[Calls]<UL><LI><a href="#[6a]">&gt;&gt;</a>&nbsp;&nbsp;&nbsp;wwdgt_counter_update
<LI><a href="#[74]">&gt;&gt;</a>&nbsp;&nbsp;&nbsp;tri_des
<LI><a href="#[6f]">&gt;&gt;</a>&nbsp;&nbsp;&nbsp;from64tobits
<LI><a href="#[6d]">&gt;&gt;</a>&nbsp;&nbsp;&nbsp;WriteUpgradeFlag
<LI><a href="#[69]">&gt;&gt;</a>&nbsp;&nbsp;&nbsp;DBG_H
<LI><a href="#[6b]">&gt;&gt;</a>&nbsp;&nbsp;&nbsp;send_frame
<LI><a href="#[6c]">&gt;&gt;</a>&nbsp;&nbsp;&nbsp;init_serial_boot
<LI><a href="#[72]">&gt;&gt;</a>&nbsp;&nbsp;&nbsp;WriteENCKEY
<LI><a href="#[6e]">&gt;&gt;</a>&nbsp;&nbsp;&nbsp;ResetSetting
<LI><a href="#[73]">&gt;&gt;</a>&nbsp;&nbsp;&nbsp;Random
<LI><a href="#[71]">&gt;&gt;</a>&nbsp;&nbsp;&nbsp;GetNextKSN
<LI><a href="#[70]">&gt;&gt;</a>&nbsp;&nbsp;&nbsp;AsciiToHex
<LI><a href="#[75]">&gt;&gt;</a>&nbsp;&nbsp;&nbsp;memcmp
<LI><a href="#[51]">&gt;&gt;</a>&nbsp;&nbsp;&nbsp;__aeabi_memclr
<LI><a href="#[61]">&gt;&gt;</a>&nbsp;&nbsp;&nbsp;__aeabi_memcpy
</UL>
<BR>[Called By]<UL><LI><a href="#[4c]">&gt;&gt;</a>&nbsp;&nbsp;&nbsp;main
</UL>

<P><STRONG><a name="[76]"></a>DealSerialParse</STRONG> (Thumb, 160 bytes, Stack size 24 bytes, app.o(i.DealSerialParse))
<BR><BR>[Stack]<UL><LI>Max Depth = 24<LI>Call Chain = DealSerialParse
</UL>
<BR>[Calls]<UL><LI><a href="#[77]">&gt;&gt;</a>&nbsp;&nbsp;&nbsp;UsbRecvOne
</UL>
<BR>[Called By]<UL><LI><a href="#[4c]">&gt;&gt;</a>&nbsp;&nbsp;&nbsp;main
</UL>

<P><STRONG><a name="[1a]"></a>DebugMon_Handler</STRONG> (Thumb, 2 bytes, Stack size 0 bytes, gd32f1x0_it.o(i.DebugMon_Handler))
<BR>[Address Reference Count : 1]<UL><LI> startup_gd32f1x0.o(RESET)
</UL>
<P><STRONG><a name="[78]"></a>DecodeTimeToBit</STRONG> (Thumb, 746 bytes, Stack size 72 bytes, magdecode.o(i.DecodeTimeToBit))
<BR><BR>[Stack]<UL><LI>Max Depth = 80<LI>Call Chain = DecodeTimeToBit &rArr; PllSmooth
</UL>
<BR>[Calls]<UL><LI><a href="#[79]">&gt;&gt;</a>&nbsp;&nbsp;&nbsp;PllSmooth
<LI><a href="#[51]">&gt;&gt;</a>&nbsp;&nbsp;&nbsp;__aeabi_memclr
</UL>
<BR>[Called By]<UL><LI><a href="#[ab]">&gt;&gt;</a>&nbsp;&nbsp;&nbsp;MagDecodeTrack
</UL>

<P><STRONG><a name="[7a]"></a>DecodeTrackData</STRONG> (Thumb, 2232 bytes, Stack size 80 bytes, magdecode.o(i.DecodeTrackData))
<BR><BR>[Stack]<UL><LI>Max Depth = 92<LI>Call Chain = DecodeTrackData &rArr; CheckLrcEvenParity
</UL>
<BR>[Calls]<UL><LI><a href="#[7c]">&gt;&gt;</a>&nbsp;&nbsp;&nbsp;SetBit
<LI><a href="#[80]">&gt;&gt;</a>&nbsp;&nbsp;&nbsp;CplBit
<LI><a href="#[7b]">&gt;&gt;</a>&nbsp;&nbsp;&nbsp;ClearBit
<LI><a href="#[7d]">&gt;&gt;</a>&nbsp;&nbsp;&nbsp;CheckOddParity
<LI><a href="#[7f]">&gt;&gt;</a>&nbsp;&nbsp;&nbsp;CheckLrcEvenParity
<LI><a href="#[7e]">&gt;&gt;</a>&nbsp;&nbsp;&nbsp;CheckDirtOnlyOne
<LI><a href="#[51]">&gt;&gt;</a>&nbsp;&nbsp;&nbsp;__aeabi_memclr
</UL>
<BR>[Called By]<UL><LI><a href="#[ab]">&gt;&gt;</a>&nbsp;&nbsp;&nbsp;MagDecodeTrack
</UL>

<P><STRONG><a name="[81]"></a>DeleteChars</STRONG> (Thumb, 64 bytes, Stack size 144 bytes, mylib.o(i.DeleteChars))
<BR><BR>[Stack]<UL><LI>Max Depth = 144<LI>Call Chain = DeleteChars
</UL>
<BR>[Calls]<UL><LI><a href="#[82]">&gt;&gt;</a>&nbsp;&nbsp;&nbsp;__aeabi_memclr4
</UL>
<BR>[Called By]<UL><LI><a href="#[ac]">&gt;&gt;</a>&nbsp;&nbsp;&nbsp;MSR_SendData
</UL>

<P><STRONG><a name="[d5]"></a>DoFirstChange</STRONG> (Thumb, 88 bytes, Stack size 28 bytes, des.o(i.DoFirstChange))
<BR><BR>[Stack]<UL><LI>Max Depth = 28<LI>Call Chain = DoFirstChange
</UL>
<BR>[Called By]<UL><LI><a href="#[9e]">&gt;&gt;</a>&nbsp;&nbsp;&nbsp;des
</UL>

<P><STRONG><a name="[d6]"></a>DoKey</STRONG> (Thumb, 112 bytes, Stack size 36 bytes, des.o(i.DoKey))
<BR><BR>[Stack]<UL><LI>Max Depth = 36<LI>Call Chain = DoKey
</UL>
<BR>[Called By]<UL><LI><a href="#[9e]">&gt;&gt;</a>&nbsp;&nbsp;&nbsp;des
</UL>

<P><STRONG><a name="[bb]"></a>DoLeft</STRONG> (Thumb, 58 bytes, Stack size 16 bytes, des.o(i.DoLeft))
<BR><BR>[Stack]<UL><LI>Max Depth = 16<LI>Call Chain = DoLeft
</UL>
<BR>[Called By]<UL><LI><a href="#[ba]">&gt;&gt;</a>&nbsp;&nbsp;&nbsp;SetKey
</UL>

<P><STRONG><a name="[bc]"></a>DoRight</STRONG> (Thumb, 72 bytes, Stack size 16 bytes, des.o(i.DoRight))
<BR><BR>[Stack]<UL><LI>Max Depth = 16<LI>Call Chain = DoRight
</UL>
<BR>[Called By]<UL><LI><a href="#[ba]">&gt;&gt;</a>&nbsp;&nbsp;&nbsp;SetKey
</UL>

<P><STRONG><a name="[f4]"></a>EP1_IN_Callback</STRONG> (Thumb, 8 bytes, Stack size 0 bytes, usb_endp.o(i.EP1_IN_Callback))
<BR><BR>[Called By]<UL><LI><a href="#[f3]">&gt;&gt;</a>&nbsp;&nbsp;&nbsp;usbd_intf_lpst
</UL>

<P><STRONG><a name="[83]"></a>EP1_OUT_Callback</STRONG> (Thumb, 192 bytes, Stack size 104 bytes, usb_endp.o(i.EP1_OUT_Callback))
<BR><BR>[Stack]<UL><LI>Max Depth = 128<LI>Call Chain = EP1_OUT_Callback &rArr; usbd_ep_tx &rArr; usbd_ep_data_write
</UL>
<BR>[Calls]<UL><LI><a href="#[85]">&gt;&gt;</a>&nbsp;&nbsp;&nbsp;usbd_ep_tx
<LI><a href="#[84]">&gt;&gt;</a>&nbsp;&nbsp;&nbsp;CalcSum
<LI><a href="#[82]">&gt;&gt;</a>&nbsp;&nbsp;&nbsp;__aeabi_memclr4
</UL>
<BR>[Called By]<UL><LI><a href="#[d1]">&gt;&gt;</a>&nbsp;&nbsp;&nbsp;usbd_ep_rx
</UL>

<P><STRONG><a name="[22]"></a>EXTI0_1_IRQHandler</STRONG> (Thumb, 200 bytes, Stack size 16 bytes, gd32f1x0_it.o(i.EXTI0_1_IRQHandler))
<BR><BR>[Stack]<UL><LI>Max Depth = 16<LI>Call Chain = EXTI0_1_IRQHandler
</UL>
<BR>[Calls]<UL><LI><a href="#[86]">&gt;&gt;</a>&nbsp;&nbsp;&nbsp;set_tick
<LI><a href="#[88]">&gt;&gt;</a>&nbsp;&nbsp;&nbsp;exti_interrupt_flag_get
<LI><a href="#[89]">&gt;&gt;</a>&nbsp;&nbsp;&nbsp;exti_interrupt_flag_clear
<LI><a href="#[8a]">&gt;&gt;</a>&nbsp;&nbsp;&nbsp;SetF2FInputBuffer
<LI><a href="#[87]">&gt;&gt;</a>&nbsp;&nbsp;&nbsp;MSR_WaitForReady
</UL>
<BR>[Address Reference Count : 1]<UL><LI> startup_gd32f1x0.o(RESET)
</UL>
<P><STRONG><a name="[24]"></a>EXTI4_15_IRQHandler</STRONG> (Thumb, 112 bytes, Stack size 8 bytes, gd32f1x0_it.o(i.EXTI4_15_IRQHandler))
<BR><BR>[Stack]<UL><LI>Max Depth = 8<LI>Call Chain = EXTI4_15_IRQHandler
</UL>
<BR>[Calls]<UL><LI><a href="#[86]">&gt;&gt;</a>&nbsp;&nbsp;&nbsp;set_tick
<LI><a href="#[88]">&gt;&gt;</a>&nbsp;&nbsp;&nbsp;exti_interrupt_flag_get
<LI><a href="#[89]">&gt;&gt;</a>&nbsp;&nbsp;&nbsp;exti_interrupt_flag_clear
<LI><a href="#[8a]">&gt;&gt;</a>&nbsp;&nbsp;&nbsp;SetF2FInputBuffer
<LI><a href="#[87]">&gt;&gt;</a>&nbsp;&nbsp;&nbsp;MSR_WaitForReady
</UL>
<BR>[Address Reference Count : 1]<UL><LI> startup_gd32f1x0.o(RESET)
</UL>
<P><STRONG><a name="[8b]"></a>EXTI_Configuration</STRONG> (Thumb, 164 bytes, Stack size 8 bytes, main.o(i.EXTI_Configuration))
<BR><BR>[Stack]<UL><LI>Max Depth = 40<LI>Call Chain = EXTI_Configuration &rArr; gpio_mode_set
</UL>
<BR>[Calls]<UL><LI><a href="#[89]">&gt;&gt;</a>&nbsp;&nbsp;&nbsp;exti_interrupt_flag_clear
<LI><a href="#[8f]">&gt;&gt;</a>&nbsp;&nbsp;&nbsp;syscfg_exti_line_config
<LI><a href="#[8c]">&gt;&gt;</a>&nbsp;&nbsp;&nbsp;rcu_periph_clock_enable
<LI><a href="#[8e]">&gt;&gt;</a>&nbsp;&nbsp;&nbsp;nvic_irq_enable
<LI><a href="#[8d]">&gt;&gt;</a>&nbsp;&nbsp;&nbsp;gpio_mode_set
<LI><a href="#[90]">&gt;&gt;</a>&nbsp;&nbsp;&nbsp;exti_init
</UL>
<BR>[Called By]<UL><LI><a href="#[4c]">&gt;&gt;</a>&nbsp;&nbsp;&nbsp;main
</UL>

<P><STRONG><a name="[d8]"></a>E_expand</STRONG> (Thumb, 148 bytes, Stack size 16 bytes, des.o(i.E_expand))
<BR><BR>[Stack]<UL><LI>Max Depth = 16<LI>Call Chain = E_expand
</UL>
<BR>[Called By]<UL><LI><a href="#[d7]">&gt;&gt;</a>&nbsp;&nbsp;&nbsp;f_fun
<LI><a href="#[9e]">&gt;&gt;</a>&nbsp;&nbsp;&nbsp;des
</UL>

<P><STRONG><a name="[91]"></a>EarseBlockFlash</STRONG> (Thumb, 44 bytes, Stack size 8 bytes, dev_eprom.o(i.EarseBlockFlash))
<BR><BR>[Stack]<UL><LI>Max Depth = 28<LI>Call Chain = EarseBlockFlash &rArr; fmc_page_erase &rArr; fmc_ready_wait
</UL>
<BR>[Calls]<UL><LI><a href="#[93]">&gt;&gt;</a>&nbsp;&nbsp;&nbsp;fmc_unlock
<LI><a href="#[92]">&gt;&gt;</a>&nbsp;&nbsp;&nbsp;fmc_ready_wait
<LI><a href="#[94]">&gt;&gt;</a>&nbsp;&nbsp;&nbsp;fmc_page_erase
<LI><a href="#[95]">&gt;&gt;</a>&nbsp;&nbsp;&nbsp;fmc_lock
</UL>
<BR>[Called By]<UL><LI><a href="#[6d]">&gt;&gt;</a>&nbsp;&nbsp;&nbsp;WriteUpgradeFlag
<LI><a href="#[72]">&gt;&gt;</a>&nbsp;&nbsp;&nbsp;WriteENCKEY
</UL>

<P><STRONG><a name="[d9]"></a>Find_S</STRONG> (Thumb, 144 bytes, Stack size 16 bytes, des.o(i.Find_S))
<BR><BR>[Stack]<UL><LI>Max Depth = 16<LI>Call Chain = Find_S
</UL>
<BR>[Called By]<UL><LI><a href="#[d7]">&gt;&gt;</a>&nbsp;&nbsp;&nbsp;f_fun
<LI><a href="#[9e]">&gt;&gt;</a>&nbsp;&nbsp;&nbsp;des
</UL>

<P><STRONG><a name="[96]"></a>FlushBuffer_Init</STRONG> (Thumb, 14 bytes, Stack size 8 bytes, magdecode.o(i.FlushBuffer_Init))
<BR><BR>[Stack]<UL><LI>Max Depth = 16<LI>Call Chain = FlushBuffer_Init &rArr; InitMagDecode
</UL>
<BR>[Calls]<UL><LI><a href="#[97]">&gt;&gt;</a>&nbsp;&nbsp;&nbsp;InitMagDecode
</UL>
<BR>[Called By]<UL><LI><a href="#[4c]">&gt;&gt;</a>&nbsp;&nbsp;&nbsp;main
</UL>

<P><STRONG><a name="[98]"></a>GetAccount</STRONG> (Thumb, 48 bytes, Stack size 16 bytes, mylib.o(i.GetAccount))
<BR><BR>[Stack]<UL><LI>Max Depth = 28<LI>Call Chain = GetAccount &rArr; strstr
</UL>
<BR>[Calls]<UL><LI><a href="#[9a]">&gt;&gt;</a>&nbsp;&nbsp;&nbsp;strncpy
<LI><a href="#[99]">&gt;&gt;</a>&nbsp;&nbsp;&nbsp;strstr
</UL>
<BR>[Called By]<UL><LI><a href="#[ac]">&gt;&gt;</a>&nbsp;&nbsp;&nbsp;MSR_SendData
</UL>

<P><STRONG><a name="[9b]"></a>GetKeyCkeckValue</STRONG> (Thumb, 160 bytes, Stack size 24 bytes, utilities.o(i.GetKeyCkeckValue))
<BR><BR>[Stack]<UL><LI>Max Depth = 244<LI>Call Chain = GetKeyCkeckValue &rArr; tri_des &rArr; des &rArr; SetKey &rArr; DoRight
</UL>
<BR>[Calls]<UL><LI><a href="#[9e]">&gt;&gt;</a>&nbsp;&nbsp;&nbsp;des
<LI><a href="#[74]">&gt;&gt;</a>&nbsp;&nbsp;&nbsp;tri_des
<LI><a href="#[9c]">&gt;&gt;</a>&nbsp;&nbsp;&nbsp;malloc
<LI><a href="#[9d]">&gt;&gt;</a>&nbsp;&nbsp;&nbsp;free
<LI><a href="#[51]">&gt;&gt;</a>&nbsp;&nbsp;&nbsp;__aeabi_memclr
<LI><a href="#[61]">&gt;&gt;</a>&nbsp;&nbsp;&nbsp;__aeabi_memcpy
</UL>
<BR>[Called By]<UL><LI><a href="#[6b]">&gt;&gt;</a>&nbsp;&nbsp;&nbsp;send_frame
</UL>

<P><STRONG><a name="[71]"></a>GetNextKSN</STRONG> (Thumb, 104 bytes, Stack size 8 bytes, app.o(i.GetNextKSN))
<BR><BR>[Stack]<UL><LI>Max Depth = 388<LI>Call Chain = GetNextKSN &rArr; WriteENCKEY &rArr; tri_des &rArr; des &rArr; SetKey &rArr; DoRight
</UL>
<BR>[Calls]<UL><LI><a href="#[72]">&gt;&gt;</a>&nbsp;&nbsp;&nbsp;WriteENCKEY
</UL>
<BR>[Called By]<UL><LI><a href="#[68]">&gt;&gt;</a>&nbsp;&nbsp;&nbsp;DealRxData
<LI><a href="#[4c]">&gt;&gt;</a>&nbsp;&nbsp;&nbsp;main
</UL>

<P><STRONG><a name="[15]"></a>HardFault_Handler</STRONG> (Thumb, 2 bytes, Stack size 0 bytes, gd32f1x0_it.o(i.HardFault_Handler))
<BR><BR>[Calls]<UL><LI><a href="#[15]">&gt;&gt;</a>&nbsp;&nbsp;&nbsp;HardFault_Handler
</UL>
<BR>[Called By]<UL><LI><a href="#[15]">&gt;&gt;</a>&nbsp;&nbsp;&nbsp;HardFault_Handler
</UL>
<BR>[Address Reference Count : 1]<UL><LI> startup_gd32f1x0.o(RESET)
</UL>
<P><STRONG><a name="[ea]"></a>HexToAscii</STRONG> (Thumb, 62 bytes, Stack size 20 bytes, app.o(i.HexToAscii))
<BR><BR>[Stack]<UL><LI>Max Depth = 20<LI>Call Chain = HexToAscii
</UL>
<BR>[Called By]<UL><LI><a href="#[6b]">&gt;&gt;</a>&nbsp;&nbsp;&nbsp;send_frame
</UL>

<P><STRONG><a name="[a1]"></a>IDT_CalcLRC</STRONG> (Thumb, 32 bytes, Stack size 8 bytes, dukpt.o(i.IDT_CalcLRC))
<BR><BR>[Stack]<UL><LI>Max Depth = 8<LI>Call Chain = IDT_CalcLRC
</UL>
<BR>[Called By]<UL><LI><a href="#[a4]">&gt;&gt;</a>&nbsp;&nbsp;&nbsp;IDT_PropogateKeys
<LI><a href="#[66]">&gt;&gt;</a>&nbsp;&nbsp;&nbsp;IDT_EncryptPIN
</UL>

<P><STRONG><a name="[65]"></a>IDT_ChangeCounter</STRONG> (Thumb, 48 bytes, Stack size 16 bytes, dukpt.o(i.IDT_ChangeCounter))
<BR><BR>[Stack]<UL><LI>Max Depth = 16<LI>Call Chain = IDT_ChangeCounter
</UL>
<BR>[Called By]<UL><LI><a href="#[63]">&gt;&gt;</a>&nbsp;&nbsp;&nbsp;CalcCryptoKey
</UL>

<P><STRONG><a name="[66]"></a>IDT_EncryptPIN</STRONG> (Thumb, 316 bytes, Stack size 88 bytes, dukpt.o(i.IDT_EncryptPIN))
<BR><BR>[Stack]<UL><LI>Max Depth = 424<LI>Call Chain = IDT_EncryptPIN &rArr; IDT_GenNewKeys &rArr; IDT_PropogateKeys &rArr; IDT_NonReversibleKeyGen &rArr; des &rArr; SetKey &rArr; DoRight
</UL>
<BR>[Calls]<UL><LI><a href="#[a2]">&gt;&gt;</a>&nbsp;&nbsp;&nbsp;IDT_UpdateKSN
<LI><a href="#[a0]">&gt;&gt;</a>&nbsp;&nbsp;&nbsp;IDT_SetBit
<LI><a href="#[9f]">&gt;&gt;</a>&nbsp;&nbsp;&nbsp;IDT_GetSetBitPos
<LI><a href="#[a3]">&gt;&gt;</a>&nbsp;&nbsp;&nbsp;IDT_GenNewKeys
<LI><a href="#[a1]">&gt;&gt;</a>&nbsp;&nbsp;&nbsp;IDT_CalcLRC
<LI><a href="#[9e]">&gt;&gt;</a>&nbsp;&nbsp;&nbsp;des
<LI><a href="#[74]">&gt;&gt;</a>&nbsp;&nbsp;&nbsp;tri_des
<LI><a href="#[61]">&gt;&gt;</a>&nbsp;&nbsp;&nbsp;__aeabi_memcpy
</UL>
<BR>[Called By]<UL><LI><a href="#[63]">&gt;&gt;</a>&nbsp;&nbsp;&nbsp;CalcCryptoKey
</UL>

<P><STRONG><a name="[a3]"></a>IDT_GenNewKeys</STRONG> (Thumb, 118 bytes, Stack size 48 bytes, dukpt.o(i.IDT_GenNewKeys))
<BR><BR>[Stack]<UL><LI>Max Depth = 336<LI>Call Chain = IDT_GenNewKeys &rArr; IDT_PropogateKeys &rArr; IDT_NonReversibleKeyGen &rArr; des &rArr; SetKey &rArr; DoRight
</UL>
<BR>[Calls]<UL><LI><a href="#[a2]">&gt;&gt;</a>&nbsp;&nbsp;&nbsp;IDT_UpdateKSN
<LI><a href="#[a4]">&gt;&gt;</a>&nbsp;&nbsp;&nbsp;IDT_PropogateKeys
<LI><a href="#[67]">&gt;&gt;</a>&nbsp;&nbsp;&nbsp;IDT_GetNumOfOnes
<LI><a href="#[51]">&gt;&gt;</a>&nbsp;&nbsp;&nbsp;__aeabi_memclr
</UL>
<BR>[Called By]<UL><LI><a href="#[66]">&gt;&gt;</a>&nbsp;&nbsp;&nbsp;IDT_EncryptPIN
</UL>

<P><STRONG><a name="[67]"></a>IDT_GetNumOfOnes</STRONG> (Thumb, 26 bytes, Stack size 8 bytes, dukpt.o(i.IDT_GetNumOfOnes))
<BR><BR>[Stack]<UL><LI>Max Depth = 8<LI>Call Chain = IDT_GetNumOfOnes
</UL>
<BR>[Called By]<UL><LI><a href="#[a3]">&gt;&gt;</a>&nbsp;&nbsp;&nbsp;IDT_GenNewKeys
<LI><a href="#[63]">&gt;&gt;</a>&nbsp;&nbsp;&nbsp;CalcCryptoKey
</UL>

<P><STRONG><a name="[9f]"></a>IDT_GetSetBitPos</STRONG> (Thumb, 24 bytes, Stack size 0 bytes, dukpt.o(i.IDT_GetSetBitPos))
<BR><BR>[Called By]<UL><LI><a href="#[a4]">&gt;&gt;</a>&nbsp;&nbsp;&nbsp;IDT_PropogateKeys
<LI><a href="#[66]">&gt;&gt;</a>&nbsp;&nbsp;&nbsp;IDT_EncryptPIN
</UL>

<P><STRONG><a name="[a7]"></a>IDT_InitCryptoReg</STRONG> (Thumb, 62 bytes, Stack size 32 bytes, dukpt.o(i.IDT_InitCryptoReg))
<BR><BR>[Stack]<UL><LI>Max Depth = 32<LI>Call Chain = IDT_InitCryptoReg
</UL>
<BR>[Called By]<UL><LI><a href="#[a4]">&gt;&gt;</a>&nbsp;&nbsp;&nbsp;IDT_PropogateKeys
</UL>

<P><STRONG><a name="[64]"></a>IDT_LoadInitKey</STRONG> (Thumb, 140 bytes, Stack size 48 bytes, dukpt.o(i.IDT_LoadInitKey))
<BR><BR>[Stack]<UL><LI>Max Depth = 336<LI>Call Chain = IDT_LoadInitKey &rArr; IDT_PropogateKeys &rArr; IDT_NonReversibleKeyGen &rArr; des &rArr; SetKey &rArr; DoRight
</UL>
<BR>[Calls]<UL><LI><a href="#[a2]">&gt;&gt;</a>&nbsp;&nbsp;&nbsp;IDT_UpdateKSN
<LI><a href="#[a4]">&gt;&gt;</a>&nbsp;&nbsp;&nbsp;IDT_PropogateKeys
<LI><a href="#[51]">&gt;&gt;</a>&nbsp;&nbsp;&nbsp;__aeabi_memclr
<LI><a href="#[61]">&gt;&gt;</a>&nbsp;&nbsp;&nbsp;__aeabi_memcpy
</UL>
<BR>[Called By]<UL><LI><a href="#[63]">&gt;&gt;</a>&nbsp;&nbsp;&nbsp;CalcCryptoKey
</UL>

<P><STRONG><a name="[a5]"></a>IDT_NonReversibleKeyGen</STRONG> (Thumb, 114 bytes, Stack size 40 bytes, dukpt.o(i.IDT_NonReversibleKeyGen))
<BR><BR>[Stack]<UL><LI>Max Depth = 240<LI>Call Chain = IDT_NonReversibleKeyGen &rArr; des &rArr; SetKey &rArr; DoRight
</UL>
<BR>[Calls]<UL><LI><a href="#[a6]">&gt;&gt;</a>&nbsp;&nbsp;&nbsp;xor
<LI><a href="#[9e]">&gt;&gt;</a>&nbsp;&nbsp;&nbsp;des
</UL>
<BR>[Called By]<UL><LI><a href="#[a4]">&gt;&gt;</a>&nbsp;&nbsp;&nbsp;IDT_PropogateKeys
</UL>

<P><STRONG><a name="[a4]"></a>IDT_PropogateKeys</STRONG> (Thumb, 178 bytes, Stack size 48 bytes, dukpt.o(i.IDT_PropogateKeys))
<BR><BR>[Stack]<UL><LI>Max Depth = 288<LI>Call Chain = IDT_PropogateKeys &rArr; IDT_NonReversibleKeyGen &rArr; des &rArr; SetKey &rArr; DoRight
</UL>
<BR>[Calls]<UL><LI><a href="#[a5]">&gt;&gt;</a>&nbsp;&nbsp;&nbsp;IDT_NonReversibleKeyGen
<LI><a href="#[a7]">&gt;&gt;</a>&nbsp;&nbsp;&nbsp;IDT_InitCryptoReg
<LI><a href="#[9f]">&gt;&gt;</a>&nbsp;&nbsp;&nbsp;IDT_GetSetBitPos
<LI><a href="#[a1]">&gt;&gt;</a>&nbsp;&nbsp;&nbsp;IDT_CalcLRC
<LI><a href="#[61]">&gt;&gt;</a>&nbsp;&nbsp;&nbsp;__aeabi_memcpy
</UL>
<BR>[Called By]<UL><LI><a href="#[a3]">&gt;&gt;</a>&nbsp;&nbsp;&nbsp;IDT_GenNewKeys
<LI><a href="#[64]">&gt;&gt;</a>&nbsp;&nbsp;&nbsp;IDT_LoadInitKey
</UL>

<P><STRONG><a name="[a0]"></a>IDT_SetBit</STRONG> (Thumb, 12 bytes, Stack size 0 bytes, dukpt.o(i.IDT_SetBit))
<BR><BR>[Called By]<UL><LI><a href="#[66]">&gt;&gt;</a>&nbsp;&nbsp;&nbsp;IDT_EncryptPIN
</UL>

<P><STRONG><a name="[a2]"></a>IDT_UpdateKSN</STRONG> (Thumb, 22 bytes, Stack size 0 bytes, dukpt.o(i.IDT_UpdateKSN))
<BR><BR>[Called By]<UL><LI><a href="#[a3]">&gt;&gt;</a>&nbsp;&nbsp;&nbsp;IDT_GenNewKeys
<LI><a href="#[64]">&gt;&gt;</a>&nbsp;&nbsp;&nbsp;IDT_LoadInitKey
<LI><a href="#[66]">&gt;&gt;</a>&nbsp;&nbsp;&nbsp;IDT_EncryptPIN
</UL>

<P><STRONG><a name="[97]"></a>InitMagDecode</STRONG> (Thumb, 74 bytes, Stack size 8 bytes, magdecode.o(i.InitMagDecode))
<BR><BR>[Stack]<UL><LI>Max Depth = 8<LI>Call Chain = InitMagDecode
</UL>
<BR>[Calls]<UL><LI><a href="#[51]">&gt;&gt;</a>&nbsp;&nbsp;&nbsp;__aeabi_memclr
</UL>
<BR>[Called By]<UL><LI><a href="#[96]">&gt;&gt;</a>&nbsp;&nbsp;&nbsp;FlushBuffer_Init
</UL>

<P><STRONG><a name="[a8]"></a>MSR_Character_Decoder</STRONG> (Thumb, 200 bytes, Stack size 16 bytes, magdecode.o(i.MSR_Character_Decoder))
<BR><BR>[Stack]<UL><LI>Max Depth = 132<LI>Call Chain = MSR_Character_Decoder &rArr; MagDecodeTrack &rArr; DecodeTrackData &rArr; CheckLrcEvenParity
</UL>
<BR>[Calls]<UL><LI><a href="#[a9]">&gt;&gt;</a>&nbsp;&nbsp;&nbsp;DBG_S
<LI><a href="#[aa]">&gt;&gt;</a>&nbsp;&nbsp;&nbsp;getbit
<LI><a href="#[ab]">&gt;&gt;</a>&nbsp;&nbsp;&nbsp;MagDecodeTrack
</UL>
<BR>[Called By]<UL><LI><a href="#[4c]">&gt;&gt;</a>&nbsp;&nbsp;&nbsp;main
</UL>

<P><STRONG><a name="[ac]"></a>MSR_SendData</STRONG> (Thumb, 2338 bytes, Stack size 144 bytes, dev_msread.o(i.MSR_SendData))
<BR><BR>[Stack]<UL><LI>Max Depth = 592<LI>Call Chain = MSR_SendData &rArr; CalcCryptoKey &rArr; IDT_EncryptPIN &rArr; IDT_GenNewKeys &rArr; IDT_PropogateKeys &rArr; IDT_NonReversibleKeyGen &rArr; des &rArr; SetKey &rArr; DoRight
</UL>
<BR>[Calls]<UL><LI><a href="#[a6]">&gt;&gt;</a>&nbsp;&nbsp;&nbsp;xor
<LI><a href="#[74]">&gt;&gt;</a>&nbsp;&nbsp;&nbsp;tri_des
<LI><a href="#[b3]">&gt;&gt;</a>&nbsp;&nbsp;&nbsp;UsbSendBuff
<LI><a href="#[63]">&gt;&gt;</a>&nbsp;&nbsp;&nbsp;CalcCryptoKey
<LI><a href="#[b4]">&gt;&gt;</a>&nbsp;&nbsp;&nbsp;AES_set_encrypt_key
<LI><a href="#[5f]">&gt;&gt;</a>&nbsp;&nbsp;&nbsp;AES_cbc_encrypt
<LI><a href="#[54]">&gt;&gt;</a>&nbsp;&nbsp;&nbsp;__aeabi_i2d
<LI><a href="#[56]">&gt;&gt;</a>&nbsp;&nbsp;&nbsp;__aeabi_d2uiz
<LI><a href="#[ae]">&gt;&gt;</a>&nbsp;&nbsp;&nbsp;__ARM_scalbn
<LI><a href="#[98]">&gt;&gt;</a>&nbsp;&nbsp;&nbsp;GetAccount
<LI><a href="#[81]">&gt;&gt;</a>&nbsp;&nbsp;&nbsp;DeleteChars
<LI><a href="#[a9]">&gt;&gt;</a>&nbsp;&nbsp;&nbsp;DBG_S
<LI><a href="#[b1]">&gt;&gt;</a>&nbsp;&nbsp;&nbsp;SHA1Update
<LI><a href="#[b0]">&gt;&gt;</a>&nbsp;&nbsp;&nbsp;SHA1Init
<LI><a href="#[b2]">&gt;&gt;</a>&nbsp;&nbsp;&nbsp;SHA1Final
<LI><a href="#[ad]">&gt;&gt;</a>&nbsp;&nbsp;&nbsp;strlen
<LI><a href="#[82]">&gt;&gt;</a>&nbsp;&nbsp;&nbsp;__aeabi_memclr4
<LI><a href="#[52]">&gt;&gt;</a>&nbsp;&nbsp;&nbsp;__aeabi_memset
<LI><a href="#[61]">&gt;&gt;</a>&nbsp;&nbsp;&nbsp;__aeabi_memcpy
<LI><a href="#[af]">&gt;&gt;</a>&nbsp;&nbsp;&nbsp;ceil
</UL>
<BR>[Called By]<UL><LI><a href="#[4c]">&gt;&gt;</a>&nbsp;&nbsp;&nbsp;main
</UL>

<P><STRONG><a name="[87]"></a>MSR_WaitForReady</STRONG> (Thumb, 8 bytes, Stack size 0 bytes, magdecode.o(i.MSR_WaitForReady))
<BR><BR>[Called By]<UL><LI><a href="#[2d]">&gt;&gt;</a>&nbsp;&nbsp;&nbsp;TIMER2_IRQHandler
<LI><a href="#[24]">&gt;&gt;</a>&nbsp;&nbsp;&nbsp;EXTI4_15_IRQHandler
<LI><a href="#[22]">&gt;&gt;</a>&nbsp;&nbsp;&nbsp;EXTI0_1_IRQHandler
</UL>

<P><STRONG><a name="[ab]"></a>MagDecodeTrack</STRONG> (Thumb, 144 bytes, Stack size 24 bytes, magdecode.o(i.MagDecodeTrack))
<BR><BR>[Stack]<UL><LI>Max Depth = 116<LI>Call Chain = MagDecodeTrack &rArr; DecodeTrackData &rArr; CheckLrcEvenParity
</UL>
<BR>[Calls]<UL><LI><a href="#[7a]">&gt;&gt;</a>&nbsp;&nbsp;&nbsp;DecodeTrackData
<LI><a href="#[78]">&gt;&gt;</a>&nbsp;&nbsp;&nbsp;DecodeTimeToBit
</UL>
<BR>[Called By]<UL><LI><a href="#[a8]">&gt;&gt;</a>&nbsp;&nbsp;&nbsp;MSR_Character_Decoder
</UL>

<P><STRONG><a name="[16]"></a>MemManage_Handler</STRONG> (Thumb, 2 bytes, Stack size 0 bytes, gd32f1x0_it.o(i.MemManage_Handler))
<BR><BR>[Calls]<UL><LI><a href="#[16]">&gt;&gt;</a>&nbsp;&nbsp;&nbsp;MemManage_Handler
</UL>
<BR>[Called By]<UL><LI><a href="#[16]">&gt;&gt;</a>&nbsp;&nbsp;&nbsp;MemManage_Handler
</UL>
<BR>[Address Reference Count : 1]<UL><LI> startup_gd32f1x0.o(RESET)
</UL>
<P><STRONG><a name="[14]"></a>NMI_Handler</STRONG> (Thumb, 2 bytes, Stack size 0 bytes, gd32f1x0_it.o(i.NMI_Handler))
<BR>[Address Reference Count : 1]<UL><LI> startup_gd32f1x0.o(RESET)
</UL>
<P><STRONG><a name="[da]"></a>P_chang</STRONG> (Thumb, 274 bytes, Stack size 24 bytes, des.o(i.P_chang))
<BR><BR>[Stack]<UL><LI>Max Depth = 24<LI>Call Chain = P_chang
</UL>
<BR>[Called By]<UL><LI><a href="#[d7]">&gt;&gt;</a>&nbsp;&nbsp;&nbsp;f_fun
<LI><a href="#[9e]">&gt;&gt;</a>&nbsp;&nbsp;&nbsp;des
</UL>

<P><STRONG><a name="[1b]"></a>PendSV_Handler</STRONG> (Thumb, 2 bytes, Stack size 0 bytes, gd32f1x0_it.o(i.PendSV_Handler))
<BR>[Address Reference Count : 1]<UL><LI> startup_gd32f1x0.o(RESET)
</UL>
<P><STRONG><a name="[73]"></a>Random</STRONG> (Thumb, 32 bytes, Stack size 16 bytes, app.o(i.Random))
<BR><BR>[Stack]<UL><LI>Max Depth = 16<LI>Call Chain = Random
</UL>
<BR>[Calls]<UL><LI><a href="#[b5]">&gt;&gt;</a>&nbsp;&nbsp;&nbsp;rand
</UL>
<BR>[Called By]<UL><LI><a href="#[68]">&gt;&gt;</a>&nbsp;&nbsp;&nbsp;DealRxData
</UL>

<P><STRONG><a name="[b6]"></a>ReadBlockFlash</STRONG> (Thumb, 38 bytes, Stack size 16 bytes, dev_eprom.o(i.ReadBlockFlash))
<BR><BR>[Stack]<UL><LI>Max Depth = 16<LI>Call Chain = ReadBlockFlash
</UL>
<BR>[Calls]<UL><LI><a href="#[93]">&gt;&gt;</a>&nbsp;&nbsp;&nbsp;fmc_unlock
<LI><a href="#[95]">&gt;&gt;</a>&nbsp;&nbsp;&nbsp;fmc_lock
</UL>
<BR>[Called By]<UL><LI><a href="#[b7]">&gt;&gt;</a>&nbsp;&nbsp;&nbsp;ReadENCKEY
</UL>

<P><STRONG><a name="[b7]"></a>ReadENCKEY</STRONG> (Thumb, 112 bytes, Stack size 160 bytes, app.o(i.ReadENCKEY))
<BR><BR>[Stack]<UL><LI>Max Depth = 380<LI>Call Chain = ReadENCKEY &rArr; tri_des &rArr; des &rArr; SetKey &rArr; DoRight
</UL>
<BR>[Calls]<UL><LI><a href="#[74]">&gt;&gt;</a>&nbsp;&nbsp;&nbsp;tri_des
<LI><a href="#[b6]">&gt;&gt;</a>&nbsp;&nbsp;&nbsp;ReadBlockFlash
<LI><a href="#[82]">&gt;&gt;</a>&nbsp;&nbsp;&nbsp;__aeabi_memclr4
<LI><a href="#[61]">&gt;&gt;</a>&nbsp;&nbsp;&nbsp;__aeabi_memcpy
</UL>
<BR>[Called By]<UL><LI><a href="#[4c]">&gt;&gt;</a>&nbsp;&nbsp;&nbsp;main
</UL>

<P><STRONG><a name="[6e]"></a>ResetSetting</STRONG> (Thumb, 60 bytes, Stack size 16 bytes, app.o(i.ResetSetting))
<BR><BR>[Stack]<UL><LI>Max Depth = 396<LI>Call Chain = ResetSetting &rArr; WriteENCKEY &rArr; tri_des &rArr; des &rArr; SetKey &rArr; DoRight
</UL>
<BR>[Calls]<UL><LI><a href="#[72]">&gt;&gt;</a>&nbsp;&nbsp;&nbsp;WriteENCKEY
<LI><a href="#[51]">&gt;&gt;</a>&nbsp;&nbsp;&nbsp;__aeabi_memclr
</UL>
<BR>[Called By]<UL><LI><a href="#[68]">&gt;&gt;</a>&nbsp;&nbsp;&nbsp;DealRxData
</UL>

<P><STRONG><a name="[b2]"></a>SHA1Final</STRONG> (Thumb, 116 bytes, Stack size 32 bytes, sha1.o(i.SHA1Final))
<BR><BR>[Stack]<UL><LI>Max Depth = 428<LI>Call Chain = SHA1Final &rArr; SHA1Update &rArr; SHA1Guts
</UL>
<BR>[Calls]<UL><LI><a href="#[b1]">&gt;&gt;</a>&nbsp;&nbsp;&nbsp;SHA1Update
</UL>
<BR>[Called By]<UL><LI><a href="#[ac]">&gt;&gt;</a>&nbsp;&nbsp;&nbsp;MSR_SendData
</UL>

<P><STRONG><a name="[b0]"></a>SHA1Init</STRONG> (Thumb, 36 bytes, Stack size 0 bytes, sha1.o(i.SHA1Init))
<BR><BR>[Called By]<UL><LI><a href="#[ac]">&gt;&gt;</a>&nbsp;&nbsp;&nbsp;MSR_SendData
</UL>

<P><STRONG><a name="[b1]"></a>SHA1Update</STRONG> (Thumb, 116 bytes, Stack size 32 bytes, sha1.o(i.SHA1Update))
<BR><BR>[Stack]<UL><LI>Max Depth = 396<LI>Call Chain = SHA1Update &rArr; SHA1Guts
</UL>
<BR>[Calls]<UL><LI><a href="#[b9]">&gt;&gt;</a>&nbsp;&nbsp;&nbsp;burnStack
<LI><a href="#[b8]">&gt;&gt;</a>&nbsp;&nbsp;&nbsp;SHA1Guts
<LI><a href="#[61]">&gt;&gt;</a>&nbsp;&nbsp;&nbsp;__aeabi_memcpy
</UL>
<BR>[Called By]<UL><LI><a href="#[b2]">&gt;&gt;</a>&nbsp;&nbsp;&nbsp;SHA1Final
<LI><a href="#[ac]">&gt;&gt;</a>&nbsp;&nbsp;&nbsp;MSR_SendData
</UL>

<P><STRONG><a name="[19]"></a>SVC_Handler</STRONG> (Thumb, 2 bytes, Stack size 0 bytes, gd32f1x0_it.o(i.SVC_Handler))
<BR>[Address Reference Count : 1]<UL><LI> startup_gd32f1x0.o(RESET)
</UL>
<P><STRONG><a name="[8a]"></a>SetF2FInputBuffer</STRONG> (Thumb, 70 bytes, Stack size 0 bytes, magdecode.o(i.SetF2FInputBuffer))
<BR><BR>[Called By]<UL><LI><a href="#[24]">&gt;&gt;</a>&nbsp;&nbsp;&nbsp;EXTI4_15_IRQHandler
<LI><a href="#[22]">&gt;&gt;</a>&nbsp;&nbsp;&nbsp;EXTI0_1_IRQHandler
</UL>

<P><STRONG><a name="[ba]"></a>SetKey</STRONG> (Thumb, 518 bytes, Stack size 52 bytes, des.o(i.SetKey))
<BR><BR>[Stack]<UL><LI>Max Depth = 68<LI>Call Chain = SetKey &rArr; DoRight
</UL>
<BR>[Calls]<UL><LI><a href="#[bc]">&gt;&gt;</a>&nbsp;&nbsp;&nbsp;DoRight
<LI><a href="#[bb]">&gt;&gt;</a>&nbsp;&nbsp;&nbsp;DoLeft
</UL>
<BR>[Called By]<UL><LI><a href="#[9e]">&gt;&gt;</a>&nbsp;&nbsp;&nbsp;des
</UL>

<P><STRONG><a name="[1c]"></a>SysTick_Handler</STRONG> (Thumb, 4 bytes, Stack size 0 bytes, gd32f1x0_it.o(i.SysTick_Handler))
<BR><BR>[Calls]<UL><LI><a href="#[bd]">&gt;&gt;</a>&nbsp;&nbsp;&nbsp;delay_decrement
</UL>
<BR>[Address Reference Count : 1]<UL><LI> startup_gd32f1x0.o(RESET)
</UL>
<P><STRONG><a name="[4d]"></a>SystemInit</STRONG> (Thumb, 82 bytes, Stack size 0 bytes, system_gd32f1x0.o(i.SystemInit))
<BR><BR>[Calls]<UL><LI><a href="#[be]">&gt;&gt;</a>&nbsp;&nbsp;&nbsp;system_clock_72m_hxtal
</UL>
<BR>[Address Reference Count : 1]<UL><LI> startup_gd32f1x0.o(.text)
</UL>
<P><STRONG><a name="[bf]"></a>TIM1_Cap_Init</STRONG> (Thumb, 74 bytes, Stack size 32 bytes, dev_timer.o(i.TIM1_Cap_Init))
<BR><BR>[Stack]<UL><LI>Max Depth = 40<LI>Call Chain = TIM1_Cap_Init &rArr; timer_init
</UL>
<BR>[Calls]<UL><LI><a href="#[c2]">&gt;&gt;</a>&nbsp;&nbsp;&nbsp;timer_interrupt_flag_clear
<LI><a href="#[c1]">&gt;&gt;</a>&nbsp;&nbsp;&nbsp;timer_init
<LI><a href="#[c3]">&gt;&gt;</a>&nbsp;&nbsp;&nbsp;timer_enable
<LI><a href="#[c0]">&gt;&gt;</a>&nbsp;&nbsp;&nbsp;timer_deinit
<LI><a href="#[8c]">&gt;&gt;</a>&nbsp;&nbsp;&nbsp;rcu_periph_clock_enable
</UL>
<BR>[Called By]<UL><LI><a href="#[4c]">&gt;&gt;</a>&nbsp;&nbsp;&nbsp;main
</UL>

<P><STRONG><a name="[c4]"></a>TIM2_Cnt_Init</STRONG> (Thumb, 106 bytes, Stack size 24 bytes, dev_timer.o(i.TIM2_Cnt_Init))
<BR><BR>[Stack]<UL><LI>Max Depth = 40<LI>Call Chain = TIM2_Cnt_Init &rArr; nvic_irq_enable
</UL>
<BR>[Calls]<UL><LI><a href="#[c2]">&gt;&gt;</a>&nbsp;&nbsp;&nbsp;timer_interrupt_flag_clear
<LI><a href="#[c8]">&gt;&gt;</a>&nbsp;&nbsp;&nbsp;timer_disable
<LI><a href="#[c7]">&gt;&gt;</a>&nbsp;&nbsp;&nbsp;timer_interrupt_enable
<LI><a href="#[c1]">&gt;&gt;</a>&nbsp;&nbsp;&nbsp;timer_init
<LI><a href="#[c0]">&gt;&gt;</a>&nbsp;&nbsp;&nbsp;timer_deinit
<LI><a href="#[c5]">&gt;&gt;</a>&nbsp;&nbsp;&nbsp;timer_auto_reload_shadow_enable
<LI><a href="#[8c]">&gt;&gt;</a>&nbsp;&nbsp;&nbsp;rcu_periph_clock_enable
<LI><a href="#[c6]">&gt;&gt;</a>&nbsp;&nbsp;&nbsp;nvic_priority_group_set
<LI><a href="#[8e]">&gt;&gt;</a>&nbsp;&nbsp;&nbsp;nvic_irq_enable
</UL>
<BR>[Called By]<UL><LI><a href="#[4c]">&gt;&gt;</a>&nbsp;&nbsp;&nbsp;main
</UL>

<P><STRONG><a name="[2c]"></a>TIMER1_IRQHandler</STRONG> (Thumb, 2 bytes, Stack size 0 bytes, gd32f1x0_it.o(i.TIMER1_IRQHandler))
<BR>[Address Reference Count : 1]<UL><LI> startup_gd32f1x0.o(RESET)
</UL>
<P><STRONG><a name="[2d]"></a>TIMER2_IRQHandler</STRONG> (Thumb, 40 bytes, Stack size 8 bytes, gd32f1x0_it.o(i.TIMER2_IRQHandler))
<BR><BR>[Stack]<UL><LI>Max Depth = 8<LI>Call Chain = TIMER2_IRQHandler
</UL>
<BR>[Calls]<UL><LI><a href="#[c9]">&gt;&gt;</a>&nbsp;&nbsp;&nbsp;timer_interrupt_flag_get
<LI><a href="#[c2]">&gt;&gt;</a>&nbsp;&nbsp;&nbsp;timer_interrupt_flag_clear
<LI><a href="#[c8]">&gt;&gt;</a>&nbsp;&nbsp;&nbsp;timer_disable
<LI><a href="#[87]">&gt;&gt;</a>&nbsp;&nbsp;&nbsp;MSR_WaitForReady
</UL>
<BR>[Address Reference Count : 1]<UL><LI> startup_gd32f1x0.o(RESET)
</UL>
<P><STRONG><a name="[37]"></a>USART0_IRQHandler</STRONG> (Thumb, 52 bytes, Stack size 8 bytes, gd32f1x0_it.o(i.USART0_IRQHandler))
<BR><BR>[Stack]<UL><LI>Max Depth = 16<LI>Call Chain = USART0_IRQHandler &rArr; usart_interrupt_flag_get
</UL>
<BR>[Calls]<UL><LI><a href="#[ca]">&gt;&gt;</a>&nbsp;&nbsp;&nbsp;usart_interrupt_flag_get
<LI><a href="#[cb]">&gt;&gt;</a>&nbsp;&nbsp;&nbsp;usart_data_receive
</UL>
<BR>[Address Reference Count : 1]<UL><LI> startup_gd32f1x0.o(RESET)
</UL>
<P><STRONG><a name="[3e]"></a>USBD_LP_IRQHandler</STRONG> (Thumb, 4 bytes, Stack size 0 bytes, gd32f1x0_it.o(i.USBD_LP_IRQHandler))
<BR><BR>[Stack]<UL><LI>Max Depth = 224<LI>Call Chain = USBD_LP_IRQHandler &rArr; usbd_isr &rArr; usbd_intf_lpst &rArr; usbd_out_transaction &rArr; usbd_ep_rx &rArr; EP1_OUT_Callback &rArr; usbd_ep_tx &rArr; usbd_ep_data_write
</UL>
<BR>[Calls]<UL><LI><a href="#[cc]">&gt;&gt;</a>&nbsp;&nbsp;&nbsp;usbd_isr
</UL>
<BR>[Address Reference Count : 1]<UL><LI> startup_gd32f1x0.o(RESET)
</UL>
<P><STRONG><a name="[18]"></a>UsageFault_Handler</STRONG> (Thumb, 2 bytes, Stack size 0 bytes, gd32f1x0_it.o(i.UsageFault_Handler))
<BR><BR>[Calls]<UL><LI><a href="#[18]">&gt;&gt;</a>&nbsp;&nbsp;&nbsp;UsageFault_Handler
</UL>
<BR>[Called By]<UL><LI><a href="#[18]">&gt;&gt;</a>&nbsp;&nbsp;&nbsp;UsageFault_Handler
</UL>
<BR>[Address Reference Count : 1]<UL><LI> startup_gd32f1x0.o(RESET)
</UL>
<P><STRONG><a name="[77]"></a>UsbRecvOne</STRONG> (Thumb, 44 bytes, Stack size 0 bytes, usb_endp.o(i.UsbRecvOne))
<BR><BR>[Called By]<UL><LI><a href="#[76]">&gt;&gt;</a>&nbsp;&nbsp;&nbsp;DealSerialParse
</UL>

<P><STRONG><a name="[cd]"></a>UsbRecvReset</STRONG> (Thumb, 18 bytes, Stack size 0 bytes, usb_endp.o(i.UsbRecvReset))
<BR><BR>[Calls]<UL><LI><a href="#[51]">&gt;&gt;</a>&nbsp;&nbsp;&nbsp;__aeabi_memclr
</UL>
<BR>[Called By]<UL><LI><a href="#[4c]">&gt;&gt;</a>&nbsp;&nbsp;&nbsp;main
</UL>

<P><STRONG><a name="[b3]"></a>UsbSendBuff</STRONG> (Thumb, 120 bytes, Stack size 96 bytes, usb_endp.o(i.UsbSendBuff))
<BR><BR>[Stack]<UL><LI>Max Depth = 120<LI>Call Chain = UsbSendBuff &rArr; usbd_ep_tx &rArr; usbd_ep_data_write
</UL>
<BR>[Calls]<UL><LI><a href="#[85]">&gt;&gt;</a>&nbsp;&nbsp;&nbsp;usbd_ep_tx
<LI><a href="#[84]">&gt;&gt;</a>&nbsp;&nbsp;&nbsp;CalcSum
<LI><a href="#[82]">&gt;&gt;</a>&nbsp;&nbsp;&nbsp;__aeabi_memclr4
<LI><a href="#[61]">&gt;&gt;</a>&nbsp;&nbsp;&nbsp;__aeabi_memcpy
</UL>
<BR>[Called By]<UL><LI><a href="#[6b]">&gt;&gt;</a>&nbsp;&nbsp;&nbsp;send_frame
<LI><a href="#[ac]">&gt;&gt;</a>&nbsp;&nbsp;&nbsp;MSR_SendData
</UL>

<P><STRONG><a name="[ce]"></a>WriteBlockFlash</STRONG> (Thumb, 84 bytes, Stack size 24 bytes, dev_eprom.o(i.WriteBlockFlash))
<BR><BR>[Stack]<UL><LI>Max Depth = 48<LI>Call Chain = WriteBlockFlash &rArr; fmc_word_program &rArr; fmc_ready_wait
</UL>
<BR>[Calls]<UL><LI><a href="#[cf]">&gt;&gt;</a>&nbsp;&nbsp;&nbsp;fmc_word_program
<LI><a href="#[93]">&gt;&gt;</a>&nbsp;&nbsp;&nbsp;fmc_unlock
<LI><a href="#[95]">&gt;&gt;</a>&nbsp;&nbsp;&nbsp;fmc_lock
</UL>
<BR>[Called By]<UL><LI><a href="#[6d]">&gt;&gt;</a>&nbsp;&nbsp;&nbsp;WriteUpgradeFlag
<LI><a href="#[72]">&gt;&gt;</a>&nbsp;&nbsp;&nbsp;WriteENCKEY
</UL>

<P><STRONG><a name="[72]"></a>WriteENCKEY</STRONG> (Thumb, 128 bytes, Stack size 160 bytes, app.o(i.WriteENCKEY))
<BR><BR>[Stack]<UL><LI>Max Depth = 380<LI>Call Chain = WriteENCKEY &rArr; tri_des &rArr; des &rArr; SetKey &rArr; DoRight
</UL>
<BR>[Calls]<UL><LI><a href="#[74]">&gt;&gt;</a>&nbsp;&nbsp;&nbsp;tri_des
<LI><a href="#[ce]">&gt;&gt;</a>&nbsp;&nbsp;&nbsp;WriteBlockFlash
<LI><a href="#[91]">&gt;&gt;</a>&nbsp;&nbsp;&nbsp;EarseBlockFlash
<LI><a href="#[82]">&gt;&gt;</a>&nbsp;&nbsp;&nbsp;__aeabi_memclr4
<LI><a href="#[61]">&gt;&gt;</a>&nbsp;&nbsp;&nbsp;__aeabi_memcpy
</UL>
<BR>[Called By]<UL><LI><a href="#[6e]">&gt;&gt;</a>&nbsp;&nbsp;&nbsp;ResetSetting
<LI><a href="#[71]">&gt;&gt;</a>&nbsp;&nbsp;&nbsp;GetNextKSN
<LI><a href="#[68]">&gt;&gt;</a>&nbsp;&nbsp;&nbsp;DealRxData
</UL>

<P><STRONG><a name="[6d]"></a>WriteUpgradeFlag</STRONG> (Thumb, 32 bytes, Stack size 16 bytes, ini.o(i.WriteUpgradeFlag))
<BR><BR>[Stack]<UL><LI>Max Depth = 64<LI>Call Chain = WriteUpgradeFlag &rArr; WriteBlockFlash &rArr; fmc_word_program &rArr; fmc_ready_wait
</UL>
<BR>[Calls]<UL><LI><a href="#[ce]">&gt;&gt;</a>&nbsp;&nbsp;&nbsp;WriteBlockFlash
<LI><a href="#[91]">&gt;&gt;</a>&nbsp;&nbsp;&nbsp;EarseBlockFlash
</UL>
<BR>[Called By]<UL><LI><a href="#[68]">&gt;&gt;</a>&nbsp;&nbsp;&nbsp;DealRxData
</UL>

<P><STRONG><a name="[111]"></a>__scatterload_copy</STRONG> (Thumb, 14 bytes, Stack size unknown bytes, handlers.o(i.__scatterload_copy), UNUSED)

<P><STRONG><a name="[112]"></a>__scatterload_null</STRONG> (Thumb, 2 bytes, Stack size unknown bytes, handlers.o(i.__scatterload_null), UNUSED)

<P><STRONG><a name="[113]"></a>__scatterload_zeroinit</STRONG> (Thumb, 14 bytes, Stack size unknown bytes, handlers.o(i.__scatterload_zeroinit), UNUSED)

<P><STRONG><a name="[af]"></a>ceil</STRONG> (Thumb, 204 bytes, Stack size 24 bytes, ceil.o(i.ceil))
<BR><BR>[Stack]<UL><LI>Max Depth = 112<LI>Call Chain = ceil &rArr; __aeabi_drsub &rArr; __aeabi_dadd &rArr; _double_epilogue &rArr; _double_round
</UL>
<BR>[Calls]<UL><LI><a href="#[5d]">&gt;&gt;</a>&nbsp;&nbsp;&nbsp;__aeabi_drsub
<LI><a href="#[5a]">&gt;&gt;</a>&nbsp;&nbsp;&nbsp;__aeabi_dadd
<LI><a href="#[d0]">&gt;&gt;</a>&nbsp;&nbsp;&nbsp;__aeabi_cdrcmple
</UL>
<BR>[Called By]<UL><LI><a href="#[ac]">&gt;&gt;</a>&nbsp;&nbsp;&nbsp;MSR_SendData
</UL>

<P><STRONG><a name="[3]"></a>custom_hid_data_handler</STRONG> (Thumb, 38 bytes, Stack size 8 bytes, custom_hid_core.o(i.custom_hid_data_handler))
<BR><BR>[Stack]<UL><LI>Max Depth = 144<LI>Call Chain = custom_hid_data_handler &rArr; usbd_ep_rx &rArr; EP1_OUT_Callback &rArr; usbd_ep_tx &rArr; usbd_ep_data_write
</UL>
<BR>[Calls]<UL><LI><a href="#[d1]">&gt;&gt;</a>&nbsp;&nbsp;&nbsp;usbd_ep_rx
</UL>
<BR>[Address Reference Count : 1]<UL><LI> custom_hid_core.o(.data)
</UL>
<P><STRONG><a name="[1]"></a>custom_hid_deinit</STRONG> (Thumb, 22 bytes, Stack size 8 bytes, custom_hid_core.o(i.custom_hid_deinit))
<BR><BR>[Stack]<UL><LI>Max Depth = 8<LI>Call Chain = custom_hid_deinit
</UL>
<BR>[Calls]<UL><LI><a href="#[d2]">&gt;&gt;</a>&nbsp;&nbsp;&nbsp;usbd_ep_deinit
</UL>
<BR>[Address Reference Count : 1]<UL><LI> custom_hid_core.o(.data)
</UL>
<P><STRONG><a name="[0]"></a>custom_hid_init</STRONG> (Thumb, 36 bytes, Stack size 8 bytes, custom_hid_core.o(i.custom_hid_init))
<BR><BR>[Stack]<UL><LI>Max Depth = 144<LI>Call Chain = custom_hid_init &rArr; usbd_ep_rx &rArr; EP1_OUT_Callback &rArr; usbd_ep_tx &rArr; usbd_ep_data_write
</UL>
<BR>[Calls]<UL><LI><a href="#[d1]">&gt;&gt;</a>&nbsp;&nbsp;&nbsp;usbd_ep_rx
<LI><a href="#[d3]">&gt;&gt;</a>&nbsp;&nbsp;&nbsp;usbd_ep_init
</UL>
<BR>[Address Reference Count : 1]<UL><LI> custom_hid_core.o(.data)
</UL>
<P><STRONG><a name="[2]"></a>custom_hid_req_handler</STRONG> (Thumb, 176 bytes, Stack size 16 bytes, custom_hid_core.o(i.custom_hid_req_handler))
<BR><BR>[Stack]<UL><LI>Max Depth = 152<LI>Call Chain = custom_hid_req_handler &rArr; usbd_ep_rx &rArr; EP1_OUT_Callback &rArr; usbd_ep_tx &rArr; usbd_ep_data_write
</UL>
<BR>[Calls]<UL><LI><a href="#[85]">&gt;&gt;</a>&nbsp;&nbsp;&nbsp;usbd_ep_tx
<LI><a href="#[d1]">&gt;&gt;</a>&nbsp;&nbsp;&nbsp;usbd_ep_rx
<LI><a href="#[d4]">&gt;&gt;</a>&nbsp;&nbsp;&nbsp;usbd_enum_error
</UL>
<BR>[Address Reference Count : 1]<UL><LI> custom_hid_core.o(.data)
</UL>
<P><STRONG><a name="[bd]"></a>delay_decrement</STRONG> (Thumb, 24 bytes, Stack size 0 bytes, systick.o(i.delay_decrement))
<BR><BR>[Called By]<UL><LI><a href="#[1c]">&gt;&gt;</a>&nbsp;&nbsp;&nbsp;SysTick_Handler
</UL>

<P><STRONG><a name="[9e]"></a>des</STRONG> (Thumb, 458 bytes, Stack size 132 bytes, des.o(i.des))
<BR><BR>[Stack]<UL><LI>Max Depth = 200<LI>Call Chain = des &rArr; SetKey &rArr; DoRight
</UL>
<BR>[Calls]<UL><LI><a href="#[d7]">&gt;&gt;</a>&nbsp;&nbsp;&nbsp;f_fun
<LI><a href="#[ba]">&gt;&gt;</a>&nbsp;&nbsp;&nbsp;SetKey
<LI><a href="#[da]">&gt;&gt;</a>&nbsp;&nbsp;&nbsp;P_chang
<LI><a href="#[d9]">&gt;&gt;</a>&nbsp;&nbsp;&nbsp;Find_S
<LI><a href="#[d8]">&gt;&gt;</a>&nbsp;&nbsp;&nbsp;E_expand
<LI><a href="#[d6]">&gt;&gt;</a>&nbsp;&nbsp;&nbsp;DoKey
<LI><a href="#[d5]">&gt;&gt;</a>&nbsp;&nbsp;&nbsp;DoFirstChange
</UL>
<BR>[Called By]<UL><LI><a href="#[a5]">&gt;&gt;</a>&nbsp;&nbsp;&nbsp;IDT_NonReversibleKeyGen
<LI><a href="#[74]">&gt;&gt;</a>&nbsp;&nbsp;&nbsp;tri_des
<LI><a href="#[66]">&gt;&gt;</a>&nbsp;&nbsp;&nbsp;IDT_EncryptPIN
<LI><a href="#[9b]">&gt;&gt;</a>&nbsp;&nbsp;&nbsp;GetKeyCkeckValue
</UL>

<P><STRONG><a name="[90]"></a>exti_init</STRONG> (Thumb, 98 bytes, Stack size 20 bytes, gd32f1x0_exti.o(i.exti_init))
<BR><BR>[Stack]<UL><LI>Max Depth = 20<LI>Call Chain = exti_init
</UL>
<BR>[Called By]<UL><LI><a href="#[8b]">&gt;&gt;</a>&nbsp;&nbsp;&nbsp;EXTI_Configuration
</UL>

<P><STRONG><a name="[89]"></a>exti_interrupt_flag_clear</STRONG> (Thumb, 6 bytes, Stack size 0 bytes, gd32f1x0_exti.o(i.exti_interrupt_flag_clear))
<BR><BR>[Called By]<UL><LI><a href="#[24]">&gt;&gt;</a>&nbsp;&nbsp;&nbsp;EXTI4_15_IRQHandler
<LI><a href="#[22]">&gt;&gt;</a>&nbsp;&nbsp;&nbsp;EXTI0_1_IRQHandler
<LI><a href="#[8b]">&gt;&gt;</a>&nbsp;&nbsp;&nbsp;EXTI_Configuration
</UL>

<P><STRONG><a name="[88]"></a>exti_interrupt_flag_get</STRONG> (Thumb, 26 bytes, Stack size 0 bytes, gd32f1x0_exti.o(i.exti_interrupt_flag_get))
<BR><BR>[Called By]<UL><LI><a href="#[24]">&gt;&gt;</a>&nbsp;&nbsp;&nbsp;EXTI4_15_IRQHandler
<LI><a href="#[22]">&gt;&gt;</a>&nbsp;&nbsp;&nbsp;EXTI0_1_IRQHandler
</UL>

<P><STRONG><a name="[d7]"></a>f_fun</STRONG> (Thumb, 136 bytes, Stack size 24 bytes, des.o(i.f_fun))
<BR><BR>[Stack]<UL><LI>Max Depth = 48<LI>Call Chain = f_fun &rArr; P_chang
</UL>
<BR>[Calls]<UL><LI><a href="#[da]">&gt;&gt;</a>&nbsp;&nbsp;&nbsp;P_chang
<LI><a href="#[d9]">&gt;&gt;</a>&nbsp;&nbsp;&nbsp;Find_S
<LI><a href="#[d8]">&gt;&gt;</a>&nbsp;&nbsp;&nbsp;E_expand
</UL>
<BR>[Called By]<UL><LI><a href="#[9e]">&gt;&gt;</a>&nbsp;&nbsp;&nbsp;des
</UL>

<P><STRONG><a name="[95]"></a>fmc_lock</STRONG> (Thumb, 12 bytes, Stack size 0 bytes, gd32f1x0_fmc.o(i.fmc_lock))
<BR><BR>[Called By]<UL><LI><a href="#[ce]">&gt;&gt;</a>&nbsp;&nbsp;&nbsp;WriteBlockFlash
<LI><a href="#[b6]">&gt;&gt;</a>&nbsp;&nbsp;&nbsp;ReadBlockFlash
<LI><a href="#[91]">&gt;&gt;</a>&nbsp;&nbsp;&nbsp;EarseBlockFlash
</UL>

<P><STRONG><a name="[94]"></a>fmc_page_erase</STRONG> (Thumb, 54 bytes, Stack size 16 bytes, gd32f1x0_fmc.o(i.fmc_page_erase))
<BR><BR>[Stack]<UL><LI>Max Depth = 20<LI>Call Chain = fmc_page_erase &rArr; fmc_ready_wait
</UL>
<BR>[Calls]<UL><LI><a href="#[92]">&gt;&gt;</a>&nbsp;&nbsp;&nbsp;fmc_ready_wait
</UL>
<BR>[Called By]<UL><LI><a href="#[91]">&gt;&gt;</a>&nbsp;&nbsp;&nbsp;EarseBlockFlash
</UL>

<P><STRONG><a name="[92]"></a>fmc_ready_wait</STRONG> (Thumb, 22 bytes, Stack size 4 bytes, gd32f1x0_fmc.o(i.fmc_ready_wait))
<BR><BR>[Stack]<UL><LI>Max Depth = 4<LI>Call Chain = fmc_ready_wait
</UL>
<BR>[Calls]<UL><LI><a href="#[db]">&gt;&gt;</a>&nbsp;&nbsp;&nbsp;fmc_state_get
</UL>
<BR>[Called By]<UL><LI><a href="#[91]">&gt;&gt;</a>&nbsp;&nbsp;&nbsp;EarseBlockFlash
<LI><a href="#[cf]">&gt;&gt;</a>&nbsp;&nbsp;&nbsp;fmc_word_program
<LI><a href="#[94]">&gt;&gt;</a>&nbsp;&nbsp;&nbsp;fmc_page_erase
</UL>

<P><STRONG><a name="[db]"></a>fmc_state_get</STRONG> (Thumb, 34 bytes, Stack size 0 bytes, gd32f1x0_fmc.o(i.fmc_state_get))
<BR><BR>[Called By]<UL><LI><a href="#[92]">&gt;&gt;</a>&nbsp;&nbsp;&nbsp;fmc_ready_wait
</UL>

<P><STRONG><a name="[93]"></a>fmc_unlock</STRONG> (Thumb, 18 bytes, Stack size 0 bytes, gd32f1x0_fmc.o(i.fmc_unlock))
<BR><BR>[Called By]<UL><LI><a href="#[ce]">&gt;&gt;</a>&nbsp;&nbsp;&nbsp;WriteBlockFlash
<LI><a href="#[b6]">&gt;&gt;</a>&nbsp;&nbsp;&nbsp;ReadBlockFlash
<LI><a href="#[91]">&gt;&gt;</a>&nbsp;&nbsp;&nbsp;EarseBlockFlash
</UL>

<P><STRONG><a name="[cf]"></a>fmc_word_program</STRONG> (Thumb, 48 bytes, Stack size 20 bytes, gd32f1x0_fmc.o(i.fmc_word_program))
<BR><BR>[Stack]<UL><LI>Max Depth = 24<LI>Call Chain = fmc_word_program &rArr; fmc_ready_wait
</UL>
<BR>[Calls]<UL><LI><a href="#[92]">&gt;&gt;</a>&nbsp;&nbsp;&nbsp;fmc_ready_wait
</UL>
<BR>[Called By]<UL><LI><a href="#[ce]">&gt;&gt;</a>&nbsp;&nbsp;&nbsp;WriteBlockFlash
</UL>

<P><STRONG><a name="[9d]"></a>free</STRONG> (Thumb, 76 bytes, Stack size 8 bytes, malloc.o(i.free))
<BR><BR>[Stack]<UL><LI>Max Depth = 8<LI>Call Chain = free
</UL>
<BR>[Called By]<UL><LI><a href="#[9b]">&gt;&gt;</a>&nbsp;&nbsp;&nbsp;GetKeyCkeckValue
</UL>

<P><STRONG><a name="[6f]"></a>from64tobits</STRONG> (Thumb, 230 bytes, Stack size 32 bytes, utilities.o(i.from64tobits))
<BR><BR>[Stack]<UL><LI>Max Depth = 32<LI>Call Chain = from64tobits
</UL>
<BR>[Called By]<UL><LI><a href="#[68]">&gt;&gt;</a>&nbsp;&nbsp;&nbsp;DealRxData
</UL>

<P><STRONG><a name="[e6]"></a>get_tick</STRONG> (Thumb, 6 bytes, Stack size 0 bytes, systick.o(i.get_tick))
<BR><BR>[Called By]<UL><LI><a href="#[4c]">&gt;&gt;</a>&nbsp;&nbsp;&nbsp;main
</UL>

<P><STRONG><a name="[aa]"></a>getbit</STRONG> (Thumb, 10 bytes, Stack size 0 bytes, magdecode.o(i.getbit))
<BR><BR>[Called By]<UL><LI><a href="#[a8]">&gt;&gt;</a>&nbsp;&nbsp;&nbsp;MSR_Character_Decoder
</UL>

<P><STRONG><a name="[de]"></a>gpio_af_set</STRONG> (Thumb, 86 bytes, Stack size 20 bytes, gd32f1x0_gpio.o(i.gpio_af_set))
<BR><BR>[Stack]<UL><LI>Max Depth = 20<LI>Call Chain = gpio_af_set
</UL>
<BR>[Called By]<UL><LI><a href="#[dc]">&gt;&gt;</a>&nbsp;&nbsp;&nbsp;gpio_configuration
</UL>

<P><STRONG><a name="[e5]"></a>gpio_bit_set</STRONG> (Thumb, 4 bytes, Stack size 0 bytes, gd32f1x0_gpio.o(i.gpio_bit_set))
<BR><BR>[Called By]<UL><LI><a href="#[4c]">&gt;&gt;</a>&nbsp;&nbsp;&nbsp;main
</UL>

<P><STRONG><a name="[dc]"></a>gpio_configuration</STRONG> (Thumb, 146 bytes, Stack size 16 bytes, main.o(i.gpio_configuration))
<BR><BR>[Stack]<UL><LI>Max Depth = 48<LI>Call Chain = gpio_configuration &rArr; gpio_mode_set
</UL>
<BR>[Calls]<UL><LI><a href="#[8c]">&gt;&gt;</a>&nbsp;&nbsp;&nbsp;rcu_periph_clock_enable
<LI><a href="#[dd]">&gt;&gt;</a>&nbsp;&nbsp;&nbsp;gpio_output_options_set
<LI><a href="#[8d]">&gt;&gt;</a>&nbsp;&nbsp;&nbsp;gpio_mode_set
<LI><a href="#[de]">&gt;&gt;</a>&nbsp;&nbsp;&nbsp;gpio_af_set
</UL>
<BR>[Called By]<UL><LI><a href="#[4c]">&gt;&gt;</a>&nbsp;&nbsp;&nbsp;main
</UL>

<P><STRONG><a name="[8d]"></a>gpio_mode_set</STRONG> (Thumb, 72 bytes, Stack size 32 bytes, gd32f1x0_gpio.o(i.gpio_mode_set))
<BR><BR>[Stack]<UL><LI>Max Depth = 32<LI>Call Chain = gpio_mode_set
</UL>
<BR>[Called By]<UL><LI><a href="#[dc]">&gt;&gt;</a>&nbsp;&nbsp;&nbsp;gpio_configuration
<LI><a href="#[8b]">&gt;&gt;</a>&nbsp;&nbsp;&nbsp;EXTI_Configuration
</UL>

<P><STRONG><a name="[dd]"></a>gpio_output_options_set</STRONG> (Thumb, 62 bytes, Stack size 20 bytes, gd32f1x0_gpio.o(i.gpio_output_options_set))
<BR><BR>[Stack]<UL><LI>Max Depth = 20<LI>Call Chain = gpio_output_options_set
</UL>
<BR>[Called By]<UL><LI><a href="#[dc]">&gt;&gt;</a>&nbsp;&nbsp;&nbsp;gpio_configuration
</UL>

<P><STRONG><a name="[6c]"></a>init_serial_boot</STRONG> (Thumb, 12 bytes, Stack size 0 bytes, app.o(i.init_serial_boot))
<BR><BR>[Called By]<UL><LI><a href="#[6b]">&gt;&gt;</a>&nbsp;&nbsp;&nbsp;send_frame
<LI><a href="#[68]">&gt;&gt;</a>&nbsp;&nbsp;&nbsp;DealRxData
</UL>

<P><STRONG><a name="[4c]"></a>main</STRONG> (Thumb, 178 bytes, Stack size 0 bytes, main.o(i.main))
<BR><BR>[Stack]<UL><LI>Max Depth = 592<LI>Call Chain = main &rArr; MSR_SendData &rArr; CalcCryptoKey &rArr; IDT_EncryptPIN &rArr; IDT_GenNewKeys &rArr; IDT_PropogateKeys &rArr; IDT_NonReversibleKeyGen &rArr; des &rArr; SetKey &rArr; DoRight
</UL>
<BR>[Calls]<UL><LI><a href="#[b7]">&gt;&gt;</a>&nbsp;&nbsp;&nbsp;ReadENCKEY
<LI><a href="#[71]">&gt;&gt;</a>&nbsp;&nbsp;&nbsp;GetNextKSN
<LI><a href="#[76]">&gt;&gt;</a>&nbsp;&nbsp;&nbsp;DealSerialParse
<LI><a href="#[68]">&gt;&gt;</a>&nbsp;&nbsp;&nbsp;DealRxData
<LI><a href="#[e2]">&gt;&gt;</a>&nbsp;&nbsp;&nbsp;usbd_core_init
<LI><a href="#[e3]">&gt;&gt;</a>&nbsp;&nbsp;&nbsp;uart_puts
<LI><a href="#[df]">&gt;&gt;</a>&nbsp;&nbsp;&nbsp;systick_config
<LI><a href="#[e1]">&gt;&gt;</a>&nbsp;&nbsp;&nbsp;nvic_vector_table_set
<LI><a href="#[e5]">&gt;&gt;</a>&nbsp;&nbsp;&nbsp;gpio_bit_set
<LI><a href="#[e6]">&gt;&gt;</a>&nbsp;&nbsp;&nbsp;get_tick
<LI><a href="#[cd]">&gt;&gt;</a>&nbsp;&nbsp;&nbsp;UsbRecvReset
<LI><a href="#[c4]">&gt;&gt;</a>&nbsp;&nbsp;&nbsp;TIM2_Cnt_Init
<LI><a href="#[bf]">&gt;&gt;</a>&nbsp;&nbsp;&nbsp;TIM1_Cap_Init
<LI><a href="#[ac]">&gt;&gt;</a>&nbsp;&nbsp;&nbsp;MSR_SendData
<LI><a href="#[a8]">&gt;&gt;</a>&nbsp;&nbsp;&nbsp;MSR_Character_Decoder
<LI><a href="#[96]">&gt;&gt;</a>&nbsp;&nbsp;&nbsp;FlushBuffer_Init
<LI><a href="#[e0]">&gt;&gt;</a>&nbsp;&nbsp;&nbsp;rcu_config
<LI><a href="#[e4]">&gt;&gt;</a>&nbsp;&nbsp;&nbsp;nvic_config
<LI><a href="#[dc]">&gt;&gt;</a>&nbsp;&nbsp;&nbsp;gpio_configuration
<LI><a href="#[8b]">&gt;&gt;</a>&nbsp;&nbsp;&nbsp;EXTI_Configuration
</UL>
[...]
<BR><BR>[Called By]<UL><LI><a href="#[2d]">&gt;&gt;</a>&nbsp;&nbsp;&nbsp;TIMER2_IRQHandler
</UL>

<P><STRONG><a name="[e8]"></a>to64frombits</STRONG> (Thumb, 140 bytes, Stack size 20 bytes, utilities.o(i.to64frombits))
<BR><BR>[Stack]<UL><LI>Max Depth = 20<LI>Call Chain = to64frombits
</UL>
<BR>[Called By]<UL><LI><a href="#[6b]">&gt;&gt;</a>&nbsp;&nbsp;&nbsp;send_frame
</UL>

<P><STRONG><a name="[74]"></a>tri_des</STRONG> (Thumb, 44 bytes, Stack size 20 bytes, des.o(i.tri_des))
<BR><BR>[Stack]<UL><LI>Max Depth = 220<LI>Call Chain = tri_des &rArr; des &rArr; SetKey &rArr; DoRight
</UL>
<BR>[Calls]<UL><LI><a href="#[9e]">&gt;&gt;</a>&nbsp;&nbsp;&nbsp;des
</UL>
<BR>[Called By]<UL><LI><a href="#[66]">&gt;&gt;</a>&nbsp;&nbsp;&nbsp;IDT_EncryptPIN
<LI><a href="#[9b]">&gt;&gt;</a>&nbsp;&nbsp;&nbsp;GetKeyCkeckValue
<LI><a href="#[72]">&gt;&gt;</a>&nbsp;&nbsp;&nbsp;WriteENCKEY
<LI><a href="#[b7]">&gt;&gt;</a>&nbsp;&nbsp;&nbsp;ReadENCKEY
<LI><a href="#[68]">&gt;&gt;</a>&nbsp;&nbsp;&nbsp;DealRxData
<LI><a href="#[ac]">&gt;&gt;</a>&nbsp;&nbsp;&nbsp;MSR_SendData
</UL>

<P><STRONG><a name="[e3]"></a>uart_puts</STRONG> (Thumb, 2 bytes, Stack size 0 bytes, dev_uart.o(i.uart_puts))
<BR><BR>[Called By]<UL><LI><a href="#[4c]">&gt;&gt;</a>&nbsp;&nbsp;&nbsp;main
</UL>

<P><STRONG><a name="[cb]"></a>usart_data_receive</STRONG> (Thumb, 8 bytes, Stack size 0 bytes, gd32f1x0_usart.o(i.usart_data_receive))
<BR><BR>[Called By]<UL><LI><a href="#[37]">&gt;&gt;</a>&nbsp;&nbsp;&nbsp;USART0_IRQHandler
</UL>

<P><STRONG><a name="[ca]"></a>usart_interrupt_flag_get</STRONG> (Thumb, 54 bytes, Stack size 8 bytes, gd32f1x0_usart.o(i.usart_interrupt_flag_get))
<BR><BR>[Stack]<UL><LI>Max Depth = 8<LI>Call Chain = usart_interrupt_flag_get
</UL>
<BR>[Called By]<UL><LI><a href="#[37]">&gt;&gt;</a>&nbsp;&nbsp;&nbsp;USART0_IRQHandler
</UL>

<P><STRONG><a name="[e2]"></a>usbd_core_init</STRONG> (Thumb, 34 bytes, Stack size 0 bytes, usbd_core.o(i.usbd_core_init))
<BR><BR>[Called By]<UL><LI><a href="#[4c]">&gt;&gt;</a>&nbsp;&nbsp;&nbsp;main
</UL>

<P><STRONG><a name="[f0]"></a>usbd_device_class_request</STRONG> (Thumb, 64 bytes, Stack size 8 bytes, usbd_std.o(i.usbd_device_class_request))
<BR><BR>[Stack]<UL><LI>Max Depth = 20<LI>Call Chain = usbd_device_class_request &rArr; usbd_ep_stall
</UL>
<BR>[Calls]<UL><LI><a href="#[ee]">&gt;&gt;</a>&nbsp;&nbsp;&nbsp;usbd_ep_stall
</UL>
<BR>[Called By]<UL><LI><a href="#[f6]">&gt;&gt;</a>&nbsp;&nbsp;&nbsp;usbd_setup_transaction
</UL>

<P><STRONG><a name="[d4]"></a>usbd_enum_error</STRONG> (Thumb, 6 bytes, Stack size 0 bytes, usbd_std.o(i.usbd_enum_error))
<BR><BR>[Stack]<UL><LI>Max Depth = 12<LI>Call Chain = usbd_enum_error &rArr; usbd_ep_stall
</UL>
<BR>[Calls]<UL><LI><a href="#[ee]">&gt;&gt;</a>&nbsp;&nbsp;&nbsp;usbd_ep_stall
</UL>
<BR>[Called By]<UL><LI><a href="#[2]">&gt;&gt;</a>&nbsp;&nbsp;&nbsp;custom_hid_req_handler
</UL>

<P><STRONG><a name="[ef]"></a>usbd_ep_clear_stall</STRONG> (Thumb, 102 bytes, Stack size 8 bytes, usbd_core.o(i.usbd_ep_clear_stall))
<BR><BR>[Stack]<UL><LI>Max Depth = 8<LI>Call Chain = usbd_ep_clear_stall
</UL>
<BR>[Called By]<UL><LI><a href="#[5]">&gt;&gt;</a>&nbsp;&nbsp;&nbsp;usbd_clearfeature
</UL>

<P><STRONG><a name="[f5]"></a>usbd_ep_data_read</STRONG> (Thumb, 32 bytes, Stack size 8 bytes, usbd_core.o(i.usbd_ep_data_read))
<BR><BR>[Stack]<UL><LI>Max Depth = 8<LI>Call Chain = usbd_ep_data_read
</UL>
<BR>[Called By]<UL><LI><a href="#[f3]">&gt;&gt;</a>&nbsp;&nbsp;&nbsp;usbd_intf_lpst
</UL>

<P><STRONG><a name="[f1]"></a>usbd_ep_data_write</STRONG> (Thumb, 30 bytes, Stack size 8 bytes, usbd_core.o(i.usbd_ep_data_write))
<BR><BR>[Stack]<UL><LI>Max Depth = 8<LI>Call Chain = usbd_ep_data_write
</UL>
<BR>[Called By]<UL><LI><a href="#[85]">&gt;&gt;</a>&nbsp;&nbsp;&nbsp;usbd_ep_tx
</UL>

<P><STRONG><a name="[d2]"></a>usbd_ep_deinit</STRONG> (Thumb, 68 bytes, Stack size 0 bytes, usbd_core.o(i.usbd_ep_deinit))
<BR><BR>[Called By]<UL><LI><a href="#[1]">&gt;&gt;</a>&nbsp;&nbsp;&nbsp;custom_hid_deinit
</UL>

<P><STRONG><a name="[d3]"></a>usbd_ep_init</STRONG> (Thumb, 160 bytes, Stack size 20 bytes, usbd_core.o(i.usbd_ep_init))
<BR><BR>[Stack]<UL><LI>Max Depth = 20<LI>Call Chain = usbd_ep_init
</UL>
<BR>[Called By]<UL><LI><a href="#[0]">&gt;&gt;</a>&nbsp;&nbsp;&nbsp;custom_hid_init
</UL>

<P><STRONG><a name="[d1]"></a>usbd_ep_rx</STRONG> (Thumb, 98 bytes, Stack size 8 bytes, usbd_core.o(i.usbd_ep_rx))
<BR><BR>[Stack]<UL><LI>Max Depth = 136<LI>Call Chain = usbd_ep_rx &rArr; EP1_OUT_Callback &rArr; usbd_ep_tx &rArr; usbd_ep_data_write
</UL>
<BR>[Calls]<UL><LI><a href="#[83]">&gt;&gt;</a>&nbsp;&nbsp;&nbsp;EP1_OUT_Callback
</UL>
<BR>[Called By]<UL><LI><a href="#[2]">&gt;&gt;</a>&nbsp;&nbsp;&nbsp;custom_hid_req_handler
<LI><a href="#[0]">&gt;&gt;</a>&nbsp;&nbsp;&nbsp;custom_hid_init
<LI><a href="#[3]">&gt;&gt;</a>&nbsp;&nbsp;&nbsp;custom_hid_data_handler
<LI><a href="#[f7]">&gt;&gt;</a>&nbsp;&nbsp;&nbsp;usbd_out_transaction
<LI><a href="#[f2]">&gt;&gt;</a>&nbsp;&nbsp;&nbsp;usbd_in_transaction
<LI><a href="#[f3]">&gt;&gt;</a>&nbsp;&nbsp;&nbsp;usbd_intf_lpst
</UL>

<P><STRONG><a name="[ee]"></a>usbd_ep_stall</STRONG> (Thumb, 86 bytes, Stack size 12 bytes, usbd_core.o(i.usbd_ep_stall))
<BR><BR>[Stack]<UL><LI>Max Depth = 12<LI>Call Chain = usbd_ep_stall
</UL>
<BR>[Called By]<UL><LI><a href="#[d4]">&gt;&gt;</a>&nbsp;&nbsp;&nbsp;usbd_enum_error
<LI><a href="#[f0]">&gt;&gt;</a>&nbsp;&nbsp;&nbsp;usbd_device_class_request
<LI><a href="#[e]">&gt;&gt;</a>&nbsp;&nbsp;&nbsp;usbd_setinterface
<LI><a href="#[7]">&gt;&gt;</a>&nbsp;&nbsp;&nbsp;usbd_setfeature
<LI><a href="#[c]">&gt;&gt;</a>&nbsp;&nbsp;&nbsp;usbd_setconfiguration
<LI><a href="#[8]">&gt;&gt;</a>&nbsp;&nbsp;&nbsp;usbd_setaddress
<LI><a href="#[4]">&gt;&gt;</a>&nbsp;&nbsp;&nbsp;usbd_getstatus
<LI><a href="#[d]">&gt;&gt;</a>&nbsp;&nbsp;&nbsp;usbd_getinterface
<LI><a href="#[9]">&gt;&gt;</a>&nbsp;&nbsp;&nbsp;usbd_getdescriptor
<LI><a href="#[b]">&gt;&gt;</a>&nbsp;&nbsp;&nbsp;usbd_getconfiguration
<LI><a href="#[5]">&gt;&gt;</a>&nbsp;&nbsp;&nbsp;usbd_clearfeature
<LI><a href="#[f6]">&gt;&gt;</a>&nbsp;&nbsp;&nbsp;usbd_setup_transaction
</UL>

<P><STRONG><a name="[85]"></a>usbd_ep_tx</STRONG> (Thumb, 94 bytes, Stack size 16 bytes, usbd_core.o(i.usbd_ep_tx))
<BR><BR>[Stack]<UL><LI>Max Depth = 24<LI>Call Chain = usbd_ep_tx &rArr; usbd_ep_data_write
</UL>
<BR>[Calls]<UL><LI><a href="#[f1]">&gt;&gt;</a>&nbsp;&nbsp;&nbsp;usbd_ep_data_write
</UL>
<BR>[Called By]<UL><LI><a href="#[2]">&gt;&gt;</a>&nbsp;&nbsp;&nbsp;custom_hid_req_handler
<LI><a href="#[b3]">&gt;&gt;</a>&nbsp;&nbsp;&nbsp;UsbSendBuff
<LI><a href="#[83]">&gt;&gt;</a>&nbsp;&nbsp;&nbsp;EP1_OUT_Callback
<LI><a href="#[4]">&gt;&gt;</a>&nbsp;&nbsp;&nbsp;usbd_getstatus
<LI><a href="#[9]">&gt;&gt;</a>&nbsp;&nbsp;&nbsp;usbd_getdescriptor
<LI><a href="#[b]">&gt;&gt;</a>&nbsp;&nbsp;&nbsp;usbd_getconfiguration
<LI><a href="#[f2]">&gt;&gt;</a>&nbsp;&nbsp;&nbsp;usbd_in_transaction
</UL>

<P><STRONG><a name="[f2]"></a>usbd_in_transaction</STRONG> (Thumb, 208 bytes, Stack size 16 bytes, usbd_std.o(i.usbd_in_transaction))
<BR><BR>[Stack]<UL><LI>Max Depth = 152<LI>Call Chain = usbd_in_transaction &rArr; usbd_ep_rx &rArr; EP1_OUT_Callback &rArr; usbd_ep_tx &rArr; usbd_ep_data_write
</UL>
<BR>[Calls]<UL><LI><a href="#[85]">&gt;&gt;</a>&nbsp;&nbsp;&nbsp;usbd_ep_tx
<LI><a href="#[d1]">&gt;&gt;</a>&nbsp;&nbsp;&nbsp;usbd_ep_rx
</UL>
<BR>[Called By]<UL><LI><a href="#[f3]">&gt;&gt;</a>&nbsp;&nbsp;&nbsp;usbd_intf_lpst
</UL>

<P><STRONG><a name="[cc]"></a>usbd_isr</STRONG> (Thumb, 212 bytes, Stack size 24 bytes, usbd_int.o(i.usbd_isr))
<BR><BR>[Stack]<UL><LI>Max Depth = 224<LI>Call Chain = usbd_isr &rArr; usbd_intf_lpst &rArr; usbd_out_transaction &rArr; usbd_ep_rx &rArr; EP1_OUT_Callback &rArr; usbd_ep_tx &rArr; usbd_ep_data_write
</UL>
<BR>[Calls]<UL><LI><a href="#[f9]">&gt;&gt;</a>&nbsp;&nbsp;&nbsp;usbd_suspend
<LI><a href="#[f8]">&gt;&gt;</a>&nbsp;&nbsp;&nbsp;resume_mcu
<LI><a href="#[fb]">&gt;&gt;</a>&nbsp;&nbsp;&nbsp;usbd_intf_reset
<LI><a href="#[f3]">&gt;&gt;</a>&nbsp;&nbsp;&nbsp;usbd_intf_lpst
<LI><a href="#[fa]">&gt;&gt;</a>&nbsp;&nbsp;&nbsp;usbd_intf_esof
</UL>
<BR>[Called By]<UL><LI><a href="#[3e]">&gt;&gt;</a>&nbsp;&nbsp;&nbsp;USBD_LP_IRQHandler
</UL>

<P><STRONG><a name="[f7]"></a>usbd_out_transaction</STRONG> (Thumb, 124 bytes, Stack size 16 bytes, usbd_std.o(i.usbd_out_transaction))
<BR><BR>[Stack]<UL><LI>Max Depth = 152<LI>Call Chain = usbd_out_transaction &rArr; usbd_ep_rx &rArr; EP1_OUT_Callback &rArr; usbd_ep_tx &rArr; usbd_ep_data_write
</UL>
<BR>[Calls]<UL><LI><a href="#[d1]">&gt;&gt;</a>&nbsp;&nbsp;&nbsp;usbd_ep_rx
</UL>
<BR>[Called By]<UL><LI><a href="#[f3]">&gt;&gt;</a>&nbsp;&nbsp;&nbsp;usbd_intf_lpst
</UL>

<P><STRONG><a name="[fc]"></a>usbd_setup_request_parse</STRONG> (Thumb, 46 bytes, Stack size 8 bytes, usbd_std.o(i.usbd_setup_request_parse))
<BR><BR>[Stack]<UL><LI>Max Depth = 8<LI>Call Chain = usbd_setup_request_parse
</UL>
<BR>[Called By]<UL><LI><a href="#[f6]">&gt;&gt;</a>&nbsp;&nbsp;&nbsp;usbd_setup_transaction
</UL>

<P><STRONG><a name="[f6]"></a>usbd_setup_transaction</STRONG> (Thumb, 60 bytes, Stack size 16 bytes, usbd_std.o(i.usbd_setup_transaction))
<BR><BR>[Stack]<UL><LI>Max Depth = 36<LI>Call Chain = usbd_setup_transaction &rArr; usbd_device_class_request &rArr; usbd_ep_stall
</UL>
<BR>[Calls]<UL><LI><a href="#[fd]">&gt;&gt;</a>&nbsp;&nbsp;&nbsp;usbd_standard_request
<LI><a href="#[fc]">&gt;&gt;</a>&nbsp;&nbsp;&nbsp;usbd_setup_request_parse
<LI><a href="#[f0]">&gt;&gt;</a>&nbsp;&nbsp;&nbsp;usbd_device_class_request
<LI><a href="#[ee]">&gt;&gt;</a>&nbsp;&nbsp;&nbsp;usbd_ep_stall
</UL>
<BR>[Called By]<UL><LI><a href="#[f3]">&gt;&gt;</a>&nbsp;&nbsp;&nbsp;usbd_intf_lpst
</UL>

<P><STRONG><a name="[fd]"></a>usbd_standard_request</STRONG> (Thumb, 16 bytes, Stack size 8 bytes, usbd_std.o(i.usbd_standard_request))
<BR><BR>[Stack]<UL><LI>Max Depth = 8<LI>Call Chain = usbd_standard_request
</UL>
<BR>[Called By]<UL><LI><a href="#[f6]">&gt;&gt;</a>&nbsp;&nbsp;&nbsp;usbd_setup_transaction
</UL>

<P><STRONG><a name="[f9]"></a>usbd_suspend</STRONG> (Thumb, 14 bytes, Stack size 0 bytes, usbd_pwr.o(i.usbd_suspend))
<BR><BR>[Called By]<UL><LI><a href="#[cc]">&gt;&gt;</a>&nbsp;&nbsp;&nbsp;usbd_isr
</UL>

<P><STRONG><a name="[6a]"></a>wwdgt_counter_update</STRONG> (Thumb, 18 bytes, Stack size 0 bytes, gd32f1x0_wwdgt.o(i.wwdgt_counter_update))
<BR><BR>[Called By]<UL><LI><a href="#[68]">&gt;&gt;</a>&nbsp;&nbsp;&nbsp;DealRxData
</UL>

<P><STRONG><a name="[a6]"></a>xor</STRONG> (Thumb, 22 bytes, Stack size 12 bytes, des.o(i.xor))
<BR><BR>[Stack]<UL><LI>Max Depth = 12<LI>Call Chain = xor
</UL>
<BR>[Called By]<UL><LI><a href="#[a5]">&gt;&gt;</a>&nbsp;&nbsp;&nbsp;IDT_NonReversibleKeyGen
<LI><a href="#[ac]">&gt;&gt;</a>&nbsp;&nbsp;&nbsp;MSR_SendData
</UL>
<P>
<H3>
Local Symbols
</H3>
<P><STRONG><a name="[b8]"></a>SHA1Guts</STRONG> (Thumb, 2464 bytes, Stack size 364 bytes, sha1.o(i.SHA1Guts))
<BR><BR>[Stack]<UL><LI>Max Depth = 364<LI>Call Chain = SHA1Guts
</UL>
<BR>[Called By]<UL><LI><a href="#[b1]">&gt;&gt;</a>&nbsp;&nbsp;&nbsp;SHA1Update
</UL>

<P><STRONG><a name="[b9]"></a>burnStack</STRONG> (Thumb, 30 bytes, Stack size 136 bytes, sha1.o(i.burnStack))
<BR><BR>[Stack]<UL><LI>Max Depth = 136 + In Cycle
<LI>Call Chain = burnStack &rArr;  burnStack (Cycle)
</UL>
<BR>[Calls]<UL><LI><a href="#[b9]">&gt;&gt;</a>&nbsp;&nbsp;&nbsp;burnStack
<LI><a href="#[82]">&gt;&gt;</a>&nbsp;&nbsp;&nbsp;__aeabi_memclr4
</UL>
<BR>[Called By]<UL><LI><a href="#[b1]">&gt;&gt;</a>&nbsp;&nbsp;&nbsp;SHA1Update
<LI><a href="#[b9]">&gt;&gt;</a>&nbsp;&nbsp;&nbsp;burnStack
</UL>

<P><STRONG><a name="[eb]"></a>NVIC_SetPriority</STRONG> (Thumb, 22 bytes, Stack size 0 bytes, systick.o(i.NVIC_SetPriority))
<BR><BR>[Called By]<UL><LI><a href="#[df]">&gt;&gt;</a>&nbsp;&nbsp;&nbsp;systick_config
</UL>

<P><STRONG><a name="[7e]"></a>CheckDirtOnlyOne</STRONG> (Thumb, 34 bytes, Stack size 0 bytes, magdecode.o(i.CheckDirtOnlyOne))
<BR><BR>[Called By]<UL><LI><a href="#[7a]">&gt;&gt;</a>&nbsp;&nbsp;&nbsp;DecodeTrackData
</UL>

<P><STRONG><a name="[7f]"></a>CheckLrcEvenParity</STRONG> (Thumb, 40 bytes, Stack size 12 bytes, magdecode.o(i.CheckLrcEvenParity))
<BR><BR>[Stack]<UL><LI>Max Depth = 12<LI>Call Chain = CheckLrcEvenParity
</UL>
<BR>[Called By]<UL><LI><a href="#[7a]">&gt;&gt;</a>&nbsp;&nbsp;&nbsp;DecodeTrackData
</UL>

<P><STRONG><a name="[7d]"></a>CheckOddParity</STRONG> (Thumb, 22 bytes, Stack size 0 bytes, magdecode.o(i.CheckOddParity))
<BR><BR>[Called By]<UL><LI><a href="#[7a]">&gt;&gt;</a>&nbsp;&nbsp;&nbsp;DecodeTrackData
</UL>

<P><STRONG><a name="[7b]"></a>ClearBit</STRONG> (Thumb, 12 bytes, Stack size 0 bytes, magdecode.o(i.ClearBit))
<BR><BR>[Called By]<UL><LI><a href="#[7a]">&gt;&gt;</a>&nbsp;&nbsp;&nbsp;DecodeTrackData
</UL>

<P><STRONG><a name="[80]"></a>CplBit</STRONG> (Thumb, 12 bytes, Stack size 0 bytes, magdecode.o(i.CplBit))
<BR><BR>[Called By]<UL><LI><a href="#[7a]">&gt;&gt;</a>&nbsp;&nbsp;&nbsp;DecodeTrackData
</UL>

<P><STRONG><a name="[79]"></a>PllSmooth</STRONG> (Thumb, 52 bytes, Stack size 8 bytes, magdecode.o(i.PllSmooth))
<BR><BR>[Stack]<UL><LI>Max Depth = 8<LI>Call Chain = PllSmooth
</UL>
<BR>[Called By]<UL><LI><a href="#[78]">&gt;&gt;</a>&nbsp;&nbsp;&nbsp;DecodeTimeToBit
</UL>

<P><STRONG><a name="[7c]"></a>SetBit</STRONG> (Thumb, 12 bytes, Stack size 0 bytes, magdecode.o(i.SetBit))
<BR><BR>[Called By]<UL><LI><a href="#[7a]">&gt;&gt;</a>&nbsp;&nbsp;&nbsp;DecodeTrackData
</UL>

<P><STRONG><a name="[fa]"></a>usbd_intf_esof</STRONG> (Thumb, 62 bytes, Stack size 0 bytes, usbd_int.o(i.usbd_intf_esof))
<BR><BR>[Called By]<UL><LI><a href="#[cc]">&gt;&gt;</a>&nbsp;&nbsp;&nbsp;usbd_isr
</UL>

<P><STRONG><a name="[f3]"></a>usbd_intf_lpst</STRONG> (Thumb, 278 bytes, Stack size 48 bytes, usbd_int.o(i.usbd_intf_lpst))
<BR><BR>[Stack]<UL><LI>Max Depth = 200<LI>Call Chain = usbd_intf_lpst &rArr; usbd_out_transaction &rArr; usbd_ep_rx &rArr; EP1_OUT_Callback &rArr; usbd_ep_tx &rArr; usbd_ep_data_write
</UL>
<BR>[Calls]<UL><LI><a href="#[d1]">&gt;&gt;</a>&nbsp;&nbsp;&nbsp;usbd_ep_rx
<LI><a href="#[f4]">&gt;&gt;</a>&nbsp;&nbsp;&nbsp;EP1_IN_Callback
<LI><a href="#[f6]">&gt;&gt;</a>&nbsp;&nbsp;&nbsp;usbd_setup_transaction
<LI><a href="#[f7]">&gt;&gt;</a>&nbsp;&nbsp;&nbsp;usbd_out_transaction
<LI><a href="#[f2]">&gt;&gt;</a>&nbsp;&nbsp;&nbsp;usbd_in_transaction
<LI><a href="#[f5]">&gt;&gt;</a>&nbsp;&nbsp;&nbsp;usbd_ep_data_read
</UL>
<BR>[Called By]<UL><LI><a href="#[cc]">&gt;&gt;</a>&nbsp;&nbsp;&nbsp;usbd_isr
</UL>

<P><STRONG><a name="[fb]"></a>usbd_intf_reset</STRONG> (Thumb, 86 bytes, Stack size 12 bytes, usbd_int.o(i.usbd_intf_reset))
<BR><BR>[Stack]<UL><LI>Max Depth = 12<LI>Call Chain = usbd_intf_reset
</UL>
<BR>[Called By]<UL><LI><a href="#[cc]">&gt;&gt;</a>&nbsp;&nbsp;&nbsp;usbd_isr
</UL>

<P><STRONG><a name="[5]"></a>usbd_clearfeature</STRONG> (Thumb, 166 bytes, Stack size 32 bytes, usbd_std.o(i.usbd_clearfeature))
<BR><BR>[Stack]<UL><LI>Max Depth = 44<LI>Call Chain = usbd_clearfeature &rArr; usbd_ep_stall
</UL>
<BR>[Calls]<UL><LI><a href="#[ee]">&gt;&gt;</a>&nbsp;&nbsp;&nbsp;usbd_ep_stall
<LI><a href="#[ef]">&gt;&gt;</a>&nbsp;&nbsp;&nbsp;usbd_ep_clear_stall
</UL>
<BR>[Address Reference Count : 1]<UL><LI> usbd_std.o(.data)
</UL>
<P><STRONG><a name="[11]"></a>usbd_configuration_descriptor_get</STRONG> (Thumb, 10 bytes, Stack size 0 bytes, usbd_std.o(i.usbd_configuration_descriptor_get))
<BR>[Address Reference Count : 1]<UL><LI> usbd_std.o(.data)
</UL>
<P><STRONG><a name="[10]"></a>usbd_device_descriptor_get</STRONG> (Thumb, 10 bytes, Stack size 0 bytes, usbd_std.o(i.usbd_device_descriptor_get))
<BR>[Address Reference Count : 1]<UL><LI> usbd_std.o(.data)
</UL>
<P><STRONG><a name="[b]"></a>usbd_getconfiguration</STRONG> (Thumb, 48 bytes, Stack size 8 bytes, usbd_std.o(i.usbd_getconfiguration))
<BR><BR>[Stack]<UL><LI>Max Depth = 32<LI>Call Chain = usbd_getconfiguration &rArr; usbd_ep_tx &rArr; usbd_ep_data_write
</UL>
<BR>[Calls]<UL><LI><a href="#[85]">&gt;&gt;</a>&nbsp;&nbsp;&nbsp;usbd_ep_tx
<LI><a href="#[ee]">&gt;&gt;</a>&nbsp;&nbsp;&nbsp;usbd_ep_stall
</UL>
<BR>[Address Reference Count : 1]<UL><LI> usbd_std.o(.data)
</UL>
<P><STRONG><a name="[9]"></a>usbd_getdescriptor</STRONG> (Thumb, 118 bytes, Stack size 16 bytes, usbd_std.o(i.usbd_getdescriptor))
<BR><BR>[Stack]<UL><LI>Max Depth = 40<LI>Call Chain = usbd_getdescriptor &rArr; usbd_ep_tx &rArr; usbd_ep_data_write
</UL>
<BR>[Calls]<UL><LI><a href="#[85]">&gt;&gt;</a>&nbsp;&nbsp;&nbsp;usbd_ep_tx
<LI><a href="#[ee]">&gt;&gt;</a>&nbsp;&nbsp;&nbsp;usbd_ep_stall
</UL>
<BR>[Address Reference Count : 1]<UL><LI> usbd_std.o(.data)
</UL>
<P><STRONG><a name="[d]"></a>usbd_getinterface</STRONG> (Thumb, 32 bytes, Stack size 0 bytes, usbd_std.o(i.usbd_getinterface))
<BR><BR>[Stack]<UL><LI>Max Depth = 12<LI>Call Chain = usbd_getinterface &rArr; usbd_ep_stall
</UL>
<BR>[Calls]<UL><LI><a href="#[ee]">&gt;&gt;</a>&nbsp;&nbsp;&nbsp;usbd_ep_stall
</UL>
<BR>[Address Reference Count : 1]<UL><LI> usbd_std.o(.data)
</UL>
<P><STRONG><a name="[4]"></a>usbd_getstatus</STRONG> (Thumb, 156 bytes, Stack size 16 bytes, usbd_std.o(i.usbd_getstatus))
<BR><BR>[Stack]<UL><LI>Max Depth = 40<LI>Call Chain = usbd_getstatus &rArr; usbd_ep_tx &rArr; usbd_ep_data_write
</UL>
<BR>[Calls]<UL><LI><a href="#[85]">&gt;&gt;</a>&nbsp;&nbsp;&nbsp;usbd_ep_tx
<LI><a href="#[ee]">&gt;&gt;</a>&nbsp;&nbsp;&nbsp;usbd_ep_stall
</UL>
<BR>[Address Reference Count : 1]<UL><LI> usbd_std.o(.data)
</UL>
<P><STRONG><a name="[6]"></a>usbd_reserved</STRONG> (Thumb, 2 bytes, Stack size 0 bytes, usbd_std.o(i.usbd_reserved))
<BR>[Address Reference Count : 1]<UL><LI> usbd_std.o(.data)
</UL>
<P><STRONG><a name="[8]"></a>usbd_setaddress</STRONG> (Thumb, 72 bytes, Stack size 8 bytes, usbd_std.o(i.usbd_setaddress))
<BR><BR>[Stack]<UL><LI>Max Depth = 20<LI>Call Chain = usbd_setaddress &rArr; usbd_ep_stall
</UL>
<BR>[Calls]<UL><LI><a href="#[ee]">&gt;&gt;</a>&nbsp;&nbsp;&nbsp;usbd_ep_stall
</UL>
<BR>[Address Reference Count : 1]<UL><LI> usbd_std.o(.data)
</UL>
<P><STRONG><a name="[c]"></a>usbd_setconfiguration</STRONG> (Thumb, 124 bytes, Stack size 32 bytes, usbd_std.o(i.usbd_setconfiguration))
<BR><BR>[Stack]<UL><LI>Max Depth = 44<LI>Call Chain = usbd_setconfiguration &rArr; usbd_ep_stall
</UL>
<BR>[Calls]<UL><LI><a href="#[ee]">&gt;&gt;</a>&nbsp;&nbsp;&nbsp;usbd_ep_stall
</UL>
<BR>[Address Reference Count : 1]<UL><LI> usbd_std.o(.data)
</UL>
<P><STRONG><a name="[a]"></a>usbd_setdescriptor</STRONG> (Thumb, 2 bytes, Stack size 0 bytes, usbd_std.o(i.usbd_setdescriptor))
<BR>[Address Reference Count : 1]<UL><LI> usbd_std.o(.data)
</UL>
<P><STRONG><a name="[7]"></a>usbd_setfeature</STRONG> (Thumb, 138 bytes, Stack size 24 bytes, usbd_std.o(i.usbd_setfeature))
<BR><BR>[Stack]<UL><LI>Max Depth = 36<LI>Call Chain = usbd_setfeature &rArr; usbd_ep_stall
</UL>
<BR>[Calls]<UL><LI><a href="#[ee]">&gt;&gt;</a>&nbsp;&nbsp;&nbsp;usbd_ep_stall
</UL>
<BR>[Address Reference Count : 1]<UL><LI> usbd_std.o(.data)
</UL>
<P><STRONG><a name="[e]"></a>usbd_setinterface</STRONG> (Thumb, 60 bytes, Stack size 8 bytes, usbd_std.o(i.usbd_setinterface))
<BR><BR>[Stack]<UL><LI>Max Depth = 20<LI>Call Chain = usbd_setinterface &rArr; usbd_ep_stall
</UL>
<BR>[Calls]<UL><LI><a href="#[ee]">&gt;&gt;</a>&nbsp;&nbsp;&nbsp;usbd_ep_stall
</UL>
<BR>[Address Reference Count : 1]<UL><LI> usbd_std.o(.data)
</UL>
<P><STRONG><a name="[12]"></a>usbd_string_descriptor_get</STRONG> (Thumb, 12 bytes, Stack size 0 bytes, usbd_std.o(i.usbd_string_descriptor_get))
<BR>[Address Reference Count : 1]<UL><LI> usbd_std.o(.data)
</UL>
<P><STRONG><a name="[f]"></a>usbd_synchframe</STRONG> (Thumb, 2 bytes, Stack size 0 bytes, usbd_std.o(i.usbd_synchframe))
<BR>[Address Reference Count : 1]<UL><LI> usbd_std.o(.data)
</UL>
<P><STRONG><a name="[be]"></a>system_clock_72m_hxtal</STRONG> (Thumb, 100 bytes, Stack size 0 bytes, system_gd32f1x0.o(i.system_clock_72m_hxtal))
<BR><BR>[Called By]<UL><LI><a href="#[4d]">&gt;&gt;</a>&nbsp;&nbsp;&nbsp;SystemInit
</UL>
<P>
<H3>
Undefined Global Symbols
</H3><HR></body></html>
