<html>
<body>
<pre>
<h1>µVision Build Log</h1>
<h2>Project:</h2>
E:\PFProject\0.SecureHead\3 sourcecode\HID\GD32APP0320\MDK\EncryptMagcardApp.uvproj
Project File Date:  03/23/2018

<h2>Output:</h2>
Build target 'EncryptMagcardApp'
linking...
Program Size: Code=27508 RO-data=11548 RW-data=508 ZI-data=7532  
FromELF: creating hex file...
After Build - User command #1: fromelf.exe --bin -o Objects\BinaryOutput\EncryptMagcardApp.bin Objects\EncryptMagcardApp.axf
".\Objects\EncryptMagcardApp.axf" - 0 Error(s), 0 Warning(s).
Load "E:\\PFProject\\0.SecureHead\\3 sourcecode\\HID\\GD32APP0320\\MDK\\Objects\\EncryptMagcardApp.axf" 
Erase Done.
Programming Done.
Verify OK.
Application running ...
</pre>
</body>
</html>
