ARM Linker, 5.03 [Build 76] [MDK-ARM Standard]

==============================================================================

Section Cross References

    aes.o(i.AES_cbc_encrypt) refers to aes.o(i.AES_encrypt) for AES_encrypt
    aes.o(i.AES_cbc_encrypt) refers to memcpya.o(.text) for __aeabi_memcpy
    aes.o(i.AES_cbc_encrypt) refers to aes.o(i.AES_decrypt) for AES_decrypt
    aes.o(i.AES_decrypt) refers to aes.o(.constdata) for .constdata
    aes.o(i.AES_encrypt) refers to aes.o(.constdata) for .constdata
    aes.o(i.AES_set_decrypt_key) refers to aes.o(i.AES_set_encrypt_key) for AES_set_encrypt_key
    aes.o(i.AES_set_decrypt_key) refers to aes.o(.constdata) for .constdata
    aes.o(i.AES_set_encrypt_key) refers to aes.o(.constdata) for .constdata
    app.o(i.CalcCryptoKey) refers to dukpt.o(i.IDT_LoadInitKey) for IDT_LoadInitKey
    app.o(i.CalcCryptoKey) refers to dukpt.o(i.IDT_ChangeCounter) for IDT_ChangeCounter
    app.o(i.CalcCryptoKey) refers to dukpt.o(i.IDT_EncryptPIN) for IDT_EncryptPIN
    app.o(i.CalcCryptoKey) refers to dukpt.o(i.IDT_GetNumOfOnes) for IDT_GetNumOfOnes
    app.o(i.CalcCryptoKey) refers to app.o(.data) for .data
    app.o(i.CalcCryptoKey) refers to app.o(.bss) for .bss
    app.o(i.DealRxData) refers to dev_uart.o(i.DBG_H) for DBG_H
    app.o(i.DealRxData) refers to gd32f1x0_wwdgt.o(i.wwdgt_counter_update) for wwdgt_counter_update
    app.o(i.DealRxData) refers to app.o(i.send_frame) for send_frame
    app.o(i.DealRxData) refers to app.o(i.init_serial_boot) for init_serial_boot
    app.o(i.DealRxData) refers to ini.o(i.WriteUpgradeFlag) for WriteUpgradeFlag
    app.o(i.DealRxData) refers to app.o(i.ResetSetting) for ResetSetting
    app.o(i.DealRxData) refers to utilities.o(i.from64tobits) for from64tobits
    app.o(i.DealRxData) refers to app.o(i.AsciiToHex) for AsciiToHex
    app.o(i.DealRxData) refers to app.o(i.GetNextKSN) for GetNextKSN
    app.o(i.DealRxData) refers to app.o(i.WriteENCKEY) for WriteENCKEY
    app.o(i.DealRxData) refers to app.o(i.Random) for Random
    app.o(i.DealRxData) refers to des.o(i.tri_des) for tri_des
    app.o(i.DealRxData) refers to memcmp.o(.text) for memcmp
    app.o(i.DealRxData) refers to memcpya.o(.text) for __aeabi_memcpy
    app.o(i.DealRxData) refers to memseta.o(.text) for __aeabi_memclr
    app.o(i.DealRxData) refers to app.o(.data) for .data
    app.o(i.DealRxData) refers to magdecode.o(.bss) for TempTrackDirtData
    app.o(i.DealRxData) refers to app.o(.bss) for .bss
    app.o(i.DealSerialParse) refers to usb_endp.o(i.UsbRecvOne) for UsbRecvOne
    app.o(i.DealSerialParse) refers to magdecode.o(.bss) for TempTrackDirtData
    app.o(i.DealSerialParse) refers to app.o(.data) for .data
    app.o(i.GetNextKSN) refers to app.o(i.WriteENCKEY) for WriteENCKEY
    app.o(i.GetNextKSN) refers to app.o(.bss) for .bss
    app.o(i.GetNextKSN) refers to app.o(.data) for .data
    app.o(i.Random) refers to rand.o(.text) for rand
    app.o(i.Random) refers to app.o(.data) for .data
    app.o(i.ReadENCKEY) refers to memseta.o(.text) for __aeabi_memclr4
    app.o(i.ReadENCKEY) refers to dev_eprom.o(i.ReadBlockFlash) for ReadBlockFlash
    app.o(i.ReadENCKEY) refers to des.o(i.tri_des) for tri_des
    app.o(i.ReadENCKEY) refers to memcpya.o(.text) for __aeabi_memcpy
    app.o(i.ReadENCKEY) refers to app.o(.constdata) for .constdata
    app.o(i.ReadENCKEY) refers to app.o(.bss) for .bss
    app.o(i.ResetSetting) refers to memseta.o(.text) for __aeabi_memclr
    app.o(i.ResetSetting) refers to app.o(i.WriteENCKEY) for WriteENCKEY
    app.o(i.ResetSetting) refers to app.o(.data) for .data
    app.o(i.ResetSetting) refers to app.o(.bss) for .bss
    app.o(i.WriteENCKEY) refers to memseta.o(.text) for __aeabi_memclr4
    app.o(i.WriteENCKEY) refers to memcpya.o(.text) for __aeabi_memcpy
    app.o(i.WriteENCKEY) refers to des.o(i.tri_des) for tri_des
    app.o(i.WriteENCKEY) refers to dev_eprom.o(i.EarseBlockFlash) for EarseBlockFlash
    app.o(i.WriteENCKEY) refers to dev_eprom.o(i.WriteBlockFlash) for WriteBlockFlash
    app.o(i.WriteENCKEY) refers to app.o(.data) for .data
    app.o(i.WriteENCKEY) refers to app.o(.bss) for .bss
    app.o(i.WriteENCKEY) refers to app.o(.constdata) for .constdata
    app.o(i.init_serial_boot) refers to app.o(.data) for .data
    app.o(i.send_frame) refers to app.o(i.init_serial_boot) for init_serial_boot
    app.o(i.send_frame) refers to strlen.o(.text) for strlen
    app.o(i.send_frame) refers to utilities.o(i.to64frombits) for to64frombits
    app.o(i.send_frame) refers to memcpya.o(.text) for __aeabi_memcpy4
    app.o(i.send_frame) refers to utilities.o(i.GetKeyCkeckValue) for GetKeyCkeckValue
    app.o(i.send_frame) refers to app.o(i.HexToAscii) for HexToAscii
    app.o(i.send_frame) refers to usb_endp.o(i.UsbSendBuff) for UsbSendBuff
    app.o(i.send_frame) refers to magdecode.o(.bss) for TempTrackDirtData
    app.o(i.send_frame) refers to app.o(.bss) for .bss
[...]
    i.AES_set_encrypt_key                    0x080041fc   Section        0  aes.o(i.AES_set_encrypt_key)
    i.AsciiToHex                             0x08004488   Section        0  app.o(i.AsciiToHex)
    i.BusFault_Handler                       0x080044ee   Section        0  gd32f1x0_it.o(i.BusFault_Handler)
    i.CalcCryptoKey                          0x080044f0   Section        0  app.o(i.CalcCryptoKey)
    i.CalcSum                                0x0800454c   Section        0  usb_endp.o(i.CalcSum)
    i.CheckDirtOnlyOne                       0x08004562   Section        0  magdecode.o(i.CheckDirtOnlyOne)
    CheckDirtOnlyOne                         0x08004563   Thumb Code    34  magdecode.o(i.CheckDirtOnlyOne)
    i.CheckLrcEvenParity                     0x08004584   Section        0  magdecode.o(i.CheckLrcEvenParity)
    CheckLrcEvenParity                       0x08004585   Thumb Code    40  magdecode.o(i.CheckLrcEvenParity)
    i.CheckOddParity                         0x080045ac   Section        0  magdecode.o(i.CheckOddParity)
    CheckOddParity                           0x080045ad   Thumb Code    22  magdecode.o(i.CheckOddParity)
    i.ClearBit                               0x080045c8   Section        0  magdecode.o(i.ClearBit)
    ClearBit                                 0x080045c9   Thumb Code    12  magdecode.o(i.ClearBit)
    i.CplBit                                 0x080045d4   Section        0  magdecode.o(i.CplBit)
    CplBit                                   0x080045d5   Thumb Code    12  magdecode.o(i.CplBit)
    i.DBG_H                                  0x080045e0   Section        0  dev_uart.o(i.DBG_H)
    i.DBG_S                                  0x080045e2   Section        0  dev_uart.o(i.DBG_S)
    i.DealRxData                             0x080045e4   Section        0  app.o(i.DealRxData)
    i.DealSerialParse                        0x08004a9c   Section        0  app.o(i.DealSerialParse)
    i.DebugMon_Handler                       0x08004b44   Section        0  gd32f1x0_it.o(i.DebugMon_Handler)
    i.DecodeTimeToBit                        0x08004b48   Section        0  magdecode.o(i.DecodeTimeToBit)
    i.DecodeTrackData                        0x08004e44   Section        0  magdecode.o(i.DecodeTrackData)
    i.DeleteChars                            0x080056fc   Section        0  mylib.o(i.DeleteChars)
    i.DoFirstChange                          0x0800573c   Section        0  des.o(i.DoFirstChange)
    i.DoKey                                  0x08005794   Section        0  des.o(i.DoKey)
    i.DoLeft                                 0x08005804   Section        0  des.o(i.DoLeft)
    i.DoRight                                0x0800583e   Section        0  des.o(i.DoRight)
    i.EP1_IN_Callback                        0x08005888   Section        0  usb_endp.o(i.EP1_IN_Callback)
    i.EP1_OUT_Callback                       0x08005894   Section        0  usb_endp.o(i.EP1_OUT_Callback)
    i.EXTI0_1_IRQHandler                     0x08005964   Section        0  gd32f1x0_it.o(i.EXTI0_1_IRQHandler)
    i.EXTI4_15_IRQHandler                    0x08005a38   Section        0  gd32f1x0_it.o(i.EXTI4_15_IRQHandler)
    i.EXTI_Configuration                     0x08005ab0   Section        0  main.o(i.EXTI_Configuration)
    i.E_expand                               0x08005b58   Section        0  des.o(i.E_expand)
    i.EarseBlockFlash                        0x08005bec   Section        0  dev_eprom.o(i.EarseBlockFlash)
    i.Find_S                                 0x08005c18   Section        0  des.o(i.Find_S)
    i.FlushBuffer_Init                       0x08005cac   Section        0  magdecode.o(i.FlushBuffer_Init)
    i.GetAccount                             0x08005cc0   Section        0  mylib.o(i.GetAccount)
    i.GetKeyCkeckValue                       0x08005cf8   Section        0  utilities.o(i.GetKeyCkeckValue)
    i.GetNextKSN                             0x08005d98   Section        0  app.o(i.GetNextKSN)
    i.HardFault_Handler                      0x08005e08   Section        0  gd32f1x0_it.o(i.HardFault_Handler)
    i.HexToAscii                             0x08005e0a   Section        0  app.o(i.HexToAscii)
    i.IDT_CalcLRC                            0x08005e48   Section        0  dukpt.o(i.IDT_CalcLRC)
    i.IDT_ChangeCounter                      0x08005e6c   Section        0  dukpt.o(i.IDT_ChangeCounter)
    i.IDT_EncryptPIN                         0x08005e9c   Section        0  dukpt.o(i.IDT_EncryptPIN)
    i.IDT_GenNewKeys                         0x08005fe4   Section        0  dukpt.o(i.IDT_GenNewKeys)
    i.IDT_GetNumOfOnes                       0x08006064   Section        0  dukpt.o(i.IDT_GetNumOfOnes)
    i.IDT_GetSetBitPos                       0x0800607e   Section        0  dukpt.o(i.IDT_GetSetBitPos)
    i.IDT_InitCryptoReg                      0x08006096   Section        0  dukpt.o(i.IDT_InitCryptoReg)
    i.IDT_LoadInitKey                        0x080060d4   Section        0  dukpt.o(i.IDT_LoadInitKey)
    i.IDT_NonReversibleKeyGen                0x0800616c   Section        0  dukpt.o(i.IDT_NonReversibleKeyGen)
    i.IDT_PropogateKeys                      0x080061f0   Section        0  dukpt.o(i.IDT_PropogateKeys)
    i.IDT_SetBit                             0x080062b0   Section        0  dukpt.o(i.IDT_SetBit)
    i.IDT_UpdateKSN                          0x080062bc   Section        0  dukpt.o(i.IDT_UpdateKSN)
    i.InitMagDecode                          0x080062d4   Section        0  magdecode.o(i.InitMagDecode)
    i.MSR_Character_Decoder                  0x08006334   Section        0  magdecode.o(i.MSR_Character_Decoder)
    i.MSR_SendData                           0x08006470   Section        0  dev_msread.o(i.MSR_SendData)
    i.MSR_WaitForReady                       0x08006dac   Section        0  magdecode.o(i.MSR_WaitForReady)
    i.MagDecodeTrack                         0x08006db8   Section        0  magdecode.o(i.MagDecodeTrack)
    i.MemManage_Handler                      0x08006e54   Section        0  gd32f1x0_it.o(i.MemManage_Handler)
    i.NMI_Handler                            0x08006e56   Section        0  gd32f1x0_it.o(i.NMI_Handler)
    i.NVIC_SetPriority                       0x08006e58   Section        0  systick.o(i.NVIC_SetPriority)
    NVIC_SetPriority                         0x08006e59   Thumb Code    22  systick.o(i.NVIC_SetPriority)
    i.P_chang                                0x08006e78   Section        0  des.o(i.P_chang)
    i.PendSV_Handler                         0x08006f8a   Section        0  gd32f1x0_it.o(i.PendSV_Handler)
    i.PllSmooth                              0x08006f8c   Section        0  magdecode.o(i.PllSmooth)
    PllSmooth                                0x08006f8d   Thumb Code    52  magdecode.o(i.PllSmooth)
    i.Random                                 0x08006fc0   Section        0  app.o(i.Random)
    i.ReadBlockFlash                         0x08006fe4   Section        0  dev_eprom.o(i.ReadBlockFlash)
    i.ReadENCKEY                             0x0800700c   Section        0  app.o(i.ReadENCKEY)
    i.ResetSetting                           0x08007088   Section        0  app.o(i.ResetSetting)
    i.SHA1Final                              0x080070cc   Section        0  sha1.o(i.SHA1Final)
    i.SHA1Guts                               0x08007144   Section        0  sha1.o(i.SHA1Guts)
    SHA1Guts                                 0x08007145   Thumb Code  2464  sha1.o(i.SHA1Guts)
    i.SHA1Init                               0x08007ae4   Section        0  sha1.o(i.SHA1Init)
    i.SHA1Update                             0x08007b14   Section        0  sha1.o(i.SHA1Update)
    i.SVC_Handler                            0x08007b88   Section        0  gd32f1x0_it.o(i.SVC_Handler)
    i.SetBit                                 0x08007b8a   Section        0  magdecode.o(i.SetBit)
    SetBit                                   0x08007b8b   Thumb Code    12  magdecode.o(i.SetBit)
    i.SetF2FInputBuffer                      0x08007b98   Section        0  magdecode.o(i.SetF2FInputBuffer)
    i.SetKey                                 0x08007bec   Section        0  des.o(i.SetKey)
    i.SysTick_Handler                        0x08007df2   Section        0  gd32f1x0_it.o(i.SysTick_Handler)
    i.SystemInit                             0x08007df8   Section        0  system_gd32f1x0.o(i.SystemInit)
    i.TIM1_Cap_Init                          0x08007e5c   Section        0  dev_timer.o(i.TIM1_Cap_Init)
    i.TIM2_Cnt_Init                          0x08007ea8   Section        0  dev_timer.o(i.TIM2_Cnt_Init)
    i.TIMER1_IRQHandler                      0x08007f18   Section        0  gd32f1x0_it.o(i.TIMER1_IRQHandler)
    i.TIMER2_IRQHandler                      0x08007f1c   Section        0  gd32f1x0_it.o(i.TIMER2_IRQHandler)
    i.USART0_IRQHandler                      0x08007f48   Section        0  gd32f1x0_it.o(i.USART0_IRQHandler)
    i.USBD_LP_IRQHandler                     0x08007f88   Section        0  gd32f1x0_it.o(i.USBD_LP_IRQHandler)
    i.UsageFault_Handler                     0x08007f8c   Section        0  gd32f1x0_it.o(i.UsageFault_Handler)
    i.UsbRecvOne                             0x08007f90   Section        0  usb_endp.o(i.UsbRecvOne)
    i.UsbRecvReset                           0x08007fc4   Section        0  usb_endp.o(i.UsbRecvReset)
    i.UsbSendBuff                            0x08007fe0   Section        0  usb_endp.o(i.UsbSendBuff)
    i.WriteBlockFlash                        0x08008060   Section        0  dev_eprom.o(i.WriteBlockFlash)
    i.WriteENCKEY                            0x080080b4   Section        0  app.o(i.WriteENCKEY)
    i.WriteUpgradeFlag                       0x08008148   Section        0  ini.o(i.WriteUpgradeFlag)
    i.__scatterload_copy                     0x08008170   Section       14  handlers.o(i.__scatterload_copy)
    i.__scatterload_null                     0x0800817e   Section        2  handlers.o(i.__scatterload_null)
    i.__scatterload_zeroinit                 0x08008180   Section       14  handlers.o(i.__scatterload_zeroinit)
    i.burnStack                              0x0800818e   Section        0  sha1.o(i.burnStack)
    burnStack                                0x0800818f   Thumb Code    30  sha1.o(i.burnStack)
    i.ceil                                   0x080081ac   Section        0  ceil.o(i.ceil)
    i.custom_hid_data_handler                0x08008288   Section        0  custom_hid_core.o(i.custom_hid_data_handler)
    i.custom_hid_deinit                      0x080082b4   Section        0  custom_hid_core.o(i.custom_hid_deinit)
    i.custom_hid_init                        0x080082cc   Section        0  custom_hid_core.o(i.custom_hid_init)
    i.custom_hid_req_handler                 0x080082f8   Section        0  custom_hid_core.o(i.custom_hid_req_handler)
    i.delay_decrement                        0x080083b4   Section        0  systick.o(i.delay_decrement)
    i.des                                    0x080083d0   Section        0  des.o(i.des)
    i.exti_init                              0x080085bc   Section        0  gd32f1x0_exti.o(i.exti_init)
    i.exti_interrupt_flag_clear              0x08008624   Section        0  gd32f1x0_exti.o(i.exti_interrupt_flag_clear)
    i.exti_interrupt_flag_get                0x08008630   Section        0  gd32f1x0_exti.o(i.exti_interrupt_flag_get)
    i.f_fun                                  0x08008650   Section        0  des.o(i.f_fun)
    i.fmc_lock                               0x080086d8   Section        0  gd32f1x0_fmc.o(i.fmc_lock)
    i.fmc_page_erase                         0x080086e8   Section        0  gd32f1x0_fmc.o(i.fmc_page_erase)
    i.fmc_ready_wait                         0x08008724   Section        0  gd32f1x0_fmc.o(i.fmc_ready_wait)
    i.fmc_state_get                          0x0800873c   Section        0  gd32f1x0_fmc.o(i.fmc_state_get)
    i.fmc_unlock                             0x08008764   Section        0  gd32f1x0_fmc.o(i.fmc_unlock)
    i.fmc_word_program                       0x08008784   Section        0  gd32f1x0_fmc.o(i.fmc_word_program)
    i.free                                   0x080087b8   Section        0  malloc.o(i.free)
    i.from64tobits                           0x08008808   Section        0  utilities.o(i.from64tobits)
    i.get_tick                               0x080088f4   Section        0  systick.o(i.get_tick)
    i.getbit                                 0x08008900   Section        0  magdecode.o(i.getbit)
    i.gpio_af_set                            0x0800890a   Section        0  gd32f1x0_gpio.o(i.gpio_af_set)
    i.gpio_bit_set                           0x08008960   Section        0  gd32f1x0_gpio.o(i.gpio_bit_set)
    i.gpio_configuration                     0x08008964   Section        0  main.o(i.gpio_configuration)
    i.gpio_mode_set                          0x080089fc   Section        0  gd32f1x0_gpio.o(i.gpio_mode_set)
    i.gpio_output_options_set                0x08008a44   Section        0  gd32f1x0_gpio.o(i.gpio_output_options_set)
    i.init_serial_boot                       0x08008a84   Section        0  app.o(i.init_serial_boot)
    i.main                                   0x08008a94   Section        0  main.o(i.main)
    i.malloc                                 0x08008bc4   Section        0  malloc.o(i.malloc)
    i.nvic_config                            0x08008c30   Section        0  main.o(i.nvic_config)
    i.nvic_irq_enable                        0x08008c48   Section        0  gd32f1x0_misc.o(i.nvic_irq_enable)
    i.nvic_priority_group_set                0x08008cd4   Section        0  gd32f1x0_misc.o(i.nvic_priority_group_set)
    i.nvic_vector_table_set                  0x08008ce8   Section        0  gd32f1x0_misc.o(i.nvic_vector_table_set)
    i.rcu_config                             0x08008cfc   Section        0  main.o(i.rcu_config)
    i.rcu_periph_clock_enable                0x08008d18   Section        0  gd32f1x0_rcu.o(i.rcu_periph_clock_enable)
    i.rcu_periph_reset_disable               0x08008d34   Section        0  gd32f1x0_rcu.o(i.rcu_periph_reset_disable)
    i.rcu_periph_reset_enable                0x08008d50   Section        0  gd32f1x0_rcu.o(i.rcu_periph_reset_enable)
    i.rcu_usbd_clock_config                  0x08008d6c   Section        0  gd32f1x0_rcu.o(i.rcu_usbd_clock_config)
    i.resume_mcu                             0x08008d84   Section        0  usbd_pwr.o(i.resume_mcu)
    i.send_frame                             0x08008da0   Section        0  app.o(i.send_frame)
    i.set_tick                               0x0800914c   Section        0  systick.o(i.set_tick)
    i.syscfg_exti_line_config                0x08009158   Section        0  gd32f1x0_syscfg.o(i.syscfg_exti_line_config)
    i.system_clock_72m_hxtal                 0x080091b4   Section        0  system_gd32f1x0.o(i.system_clock_72m_hxtal)
    system_clock_72m_hxtal                   0x080091b5   Thumb Code   100  system_gd32f1x0.o(i.system_clock_72m_hxtal)
    i.systick_config                         0x08009220   Section        0  systick.o(i.systick_config)
    i.timer_auto_reload_shadow_enable        0x08009260   Section        0  gd32f1x0_timer.o(i.timer_auto_reload_shadow_enable)
    i.timer_deinit                           0x0800926c   Section        0  gd32f1x0_timer.o(i.timer_deinit)
    i.timer_disable                          0x080092ec   Section        0  gd32f1x0_timer.o(i.timer_disable)
    i.timer_enable                           0x080092f6   Section        0  gd32f1x0_timer.o(i.timer_enable)
    i.timer_init                             0x08009300   Section        0  gd32f1x0_timer.o(i.timer_init)
    i.timer_interrupt_enable                 0x08009390   Section        0  gd32f1x0_timer.o(i.timer_interrupt_enable)
    i.timer_interrupt_flag_clear             0x08009398   Section        0  gd32f1x0_timer.o(i.timer_interrupt_flag_clear)
    i.timer_interrupt_flag_get               0x080093a0   Section        0  gd32f1x0_timer.o(i.timer_interrupt_flag_get)
    i.to64frombits                           0x080093b8   Section        0  utilities.o(i.to64frombits)
    i.tri_des                                0x08009448   Section        0  des.o(i.tri_des)
    i.uart_puts                              0x08009474   Section        0  dev_uart.o(i.uart_puts)
    i.usart_data_receive                     0x08009476   Section        0  gd32f1x0_usart.o(i.usart_data_receive)
    i.usart_interrupt_flag_get               0x0800947e   Section        0  gd32f1x0_usart.o(i.usart_interrupt_flag_get)
    i.usbd_clearfeature                      0x080094b4   Section        0  usbd_std.o(i.usbd_clearfeature)
    usbd_clearfeature                        0x080094b5   Thumb Code   166  usbd_std.o(i.usbd_clearfeature)
    i.usbd_configuration_descriptor_get      0x08009564   Section        0  usbd_std.o(i.usbd_configuration_descriptor_get)
    usbd_configuration_descriptor_get        0x08009565   Thumb Code    10  usbd_std.o(i.usbd_configuration_descriptor_get)
    i.usbd_core_init                         0x08009570   Section        0  usbd_core.o(i.usbd_core_init)
    i.usbd_device_class_request              0x0800959c   Section        0  usbd_std.o(i.usbd_device_class_request)
    i.usbd_device_descriptor_get             0x080095e4   Section        0  usbd_std.o(i.usbd_device_descriptor_get)
    usbd_device_descriptor_get               0x080095e5   Thumb Code    10  usbd_std.o(i.usbd_device_descriptor_get)
    i.usbd_enum_error                        0x080095ee   Section        0  usbd_std.o(i.usbd_enum_error)
    i.usbd_ep_clear_stall                    0x080095f4   Section        0  usbd_core.o(i.usbd_ep_clear_stall)
    i.usbd_ep_data_read                      0x08009660   Section        0  usbd_core.o(i.usbd_ep_data_read)
    i.usbd_ep_data_write                     0x08009684   Section        0  usbd_core.o(i.usbd_ep_data_write)
    i.usbd_ep_deinit                         0x080096a8   Section        0  usbd_core.o(i.usbd_ep_deinit)
    i.usbd_ep_init                           0x080096f0   Section        0  usbd_core.o(i.usbd_ep_init)
    i.usbd_ep_rx                             0x08009798   Section        0  usbd_core.o(i.usbd_ep_rx)
    i.usbd_ep_stall                          0x08009804   Section        0  usbd_core.o(i.usbd_ep_stall)
    i.usbd_ep_tx                             0x08009860   Section        0  usbd_core.o(i.usbd_ep_tx)
    i.usbd_getconfiguration                  0x080098c8   Section        0  usbd_std.o(i.usbd_getconfiguration)
    usbd_getconfiguration                    0x080098c9   Thumb Code    48  usbd_std.o(i.usbd_getconfiguration)
    i.usbd_getdescriptor                     0x080098f8   Section        0  usbd_std.o(i.usbd_getdescriptor)
    usbd_getdescriptor                       0x080098f9   Thumb Code   118  usbd_std.o(i.usbd_getdescriptor)
    i.usbd_getinterface                      0x08009974   Section        0  usbd_std.o(i.usbd_getinterface)
    usbd_getinterface                        0x08009975   Thumb Code    32  usbd_std.o(i.usbd_getinterface)
    i.usbd_getstatus                         0x08009994   Section        0  usbd_std.o(i.usbd_getstatus)
    usbd_getstatus                           0x08009995   Thumb Code   156  usbd_std.o(i.usbd_getstatus)
    i.usbd_in_transaction                    0x08009a30   Section        0  usbd_std.o(i.usbd_in_transaction)
    i.usbd_intf_esof                         0x08009b08   Section        0  usbd_int.o(i.usbd_intf_esof)
    usbd_intf_esof                           0x08009b09   Thumb Code    62  usbd_int.o(i.usbd_intf_esof)
    i.usbd_intf_lpst                         0x08009b54   Section        0  usbd_int.o(i.usbd_intf_lpst)
    usbd_intf_lpst                           0x08009b55   Thumb Code   278  usbd_int.o(i.usbd_intf_lpst)
    i.usbd_intf_reset                        0x08009c74   Section        0  usbd_int.o(i.usbd_intf_reset)
    usbd_intf_reset                          0x08009c75   Thumb Code    86  usbd_int.o(i.usbd_intf_reset)
    i.usbd_isr                               0x08009cd8   Section        0  usbd_int.o(i.usbd_isr)
    i.usbd_out_transaction                   0x08009dc8   Section        0  usbd_std.o(i.usbd_out_transaction)
    i.usbd_reserved                          0x08009e4c   Section        0  usbd_std.o(i.usbd_reserved)
    usbd_reserved                            0x08009e4d   Thumb Code     2  usbd_std.o(i.usbd_reserved)
    i.usbd_setaddress                        0x08009e50   Section        0  usbd_std.o(i.usbd_setaddress)
    usbd_setaddress                          0x08009e51   Thumb Code    72  usbd_std.o(i.usbd_setaddress)
    i.usbd_setconfiguration                  0x08009ea4   Section        0  usbd_std.o(i.usbd_setconfiguration)
    usbd_setconfiguration                    0x08009ea5   Thumb Code   124  usbd_std.o(i.usbd_setconfiguration)
    i.usbd_setdescriptor                     0x08009f2c   Section        0  usbd_std.o(i.usbd_setdescriptor)
    usbd_setdescriptor                       0x08009f2d   Thumb Code     2  usbd_std.o(i.usbd_setdescriptor)
    i.usbd_setfeature                        0x08009f30   Section        0  usbd_std.o(i.usbd_setfeature)
    usbd_setfeature                          0x08009f31   Thumb Code   138  usbd_std.o(i.usbd_setfeature)
    i.usbd_setinterface                      0x08009fc4   Section        0  usbd_std.o(i.usbd_setinterface)
    usbd_setinterface                        0x08009fc5   Thumb Code    60  usbd_std.o(i.usbd_setinterface)
    i.usbd_setup_request_parse               0x0800a008   Section        0  usbd_std.o(i.usbd_setup_request_parse)
    i.usbd_setup_transaction                 0x0800a036   Section        0  usbd_std.o(i.usbd_setup_transaction)
    i.usbd_standard_request                  0x0800a074   Section        0  usbd_std.o(i.usbd_standard_request)
    i.usbd_string_descriptor_get             0x0800a088   Section        0  usbd_std.o(i.usbd_string_descriptor_get)
    usbd_string_descriptor_get               0x0800a089   Thumb Code    12  usbd_std.o(i.usbd_string_descriptor_get)
    i.usbd_suspend                           0x0800a094   Section        0  usbd_pwr.o(i.usbd_suspend)
    i.usbd_synchframe                        0x0800a0a8   Section        0  usbd_std.o(i.usbd_synchframe)
    usbd_synchframe                          0x0800a0a9   Thumb Code     2  usbd_std.o(i.usbd_synchframe)
    i.wwdgt_counter_update                   0x0800a0ac   Section        0  gd32f1x0_wwdgt.o(i.wwdgt_counter_update)
    i.xor                                    0x0800a0c4   Section        0  des.o(i.xor)
    .constdata                               0x0800a0dc   Section    10280  aes.o(.constdata)
    Te0                                      0x0800a0dc   Data        1024  aes.o(.constdata)
    Te1                                      0x0800a4dc   Data        1024  aes.o(.constdata)
    Te2                                      0x0800a8dc   Data        1024  aes.o(.constdata)
    Te3                                      0x0800acdc   Data        1024  aes.o(.constdata)
    Te4                                      0x0800b0dc   Data        1024  aes.o(.constdata)
    Td0                                      0x0800b4dc   Data        1024  aes.o(.constdata)
    Td1                                      0x0800b8dc   Data        1024  aes.o(.constdata)
    Td2                                      0x0800bcdc   Data        1024  aes.o(.constdata)
    Td3                                      0x0800c0dc   Data        1024  aes.o(.constdata)
    Td4                                      0x0800c4dc   Data        1024  aes.o(.constdata)
    rcon                                     0x0800c8dc   Data          40  aes.o(.constdata)
    .constdata                               0x0800c904   Section       45  app.o(.constdata)
    .constdata                               0x0800c932   Section       20  custom_hid_core.o(.constdata)
    <Data1>                                  0x0800c932   Data          20  custom_hid_core.o(.constdata)
    .constdata                               0x0800c946   Section       62  custom_hid_core.o(.constdata)
    <Data2>                                  0x0800c946   Data          62  custom_hid_core.o(.constdata)
    .constdata                               0x0800c984   Section       26  custom_hid_core.o(.constdata)
    <Data3>                                  0x0800c984   Data          26  custom_hid_core.o(.constdata)
    .constdata                               0x0800c99e   Section       18  custom_hid_core.o(.constdata)
    .constdata                               0x0800c9b0   Section       90  custom_hid_core.o(.constdata)
    .constdata                               0x0800ca0a   Section        4  custom_hid_core.o(.constdata)
    .constdata                               0x0800ca10   Section       16  custom_hid_core.o(.constdata)
    .constdata                               0x0800ca20   Section      512  des.o(.constdata)
    Sfun_Tab                                 0x0800ca20   Data         512  des.o(.constdata)
    .constdata                               0x0800cc20   Section       64  sha1.o(.constdata)
    padding                                  0x0800cc20   Data          64  sha1.o(.constdata)
    .constdata                               0x0800cc60   Section       16  magdecode.o(.constdata)
    PARITY_TAB                               0x0800cc60   Data          16  magdecode.o(.constdata)
    .data                                    0x20000000   Section       19  app.o(.data)
    .data                                    0x20000013   Section        1  app.o(.data)
    .data                                    0x20000014   Section       16  custom_hid_core.o(.data)
    usbd_customhid_altset                    0x20000018   Data           4  custom_hid_core.o(.data)
    usbd_customhid_protocol                  0x2000001c   Data           4  custom_hid_core.o(.data)
    usbd_customhid_idlestate                 0x20000020   Data           4  custom_hid_core.o(.data)
    .data                                    0x20000024   Section        1  custom_hid_core.o(.data)
    .data                                    0x20000028   Section        4  custom_hid_core.o(.data)
    .data                                    0x2000002c   Section      124  custom_hid_core.o(.data)
    .data                                    0x200000a8   Section        3  dukpt.o(.data)
    .data                                    0x200000ac   Section       16  gd32f1x0_it.o(.data)
    .data                                    0x200000bc   Section        8  systick.o(.data)
    delay                                    0x200000c0   Data           4  systick.o(.data)
    .data                                    0x200000c4   Section       12  usb_endp.o(.data)
    .data                                    0x200000d0   Section      193  utilities.o(.data)
    base64digits                             0x200000d0   Data          65  utilities.o(.data)
    base64val                                0x20000111   Data         128  utilities.o(.data)
    .data                                    0x20000191   Section        1  magdecode.o(.data)
    .data                                    0x20000192   Section        4  dev_uart.o(.data)
    .data                                    0x20000198   Section       12  usbd_core.o(.data)
    .data                                    0x200001a4   Section        2  usbd_pwr.o(.data)
    .data                                    0x200001a6   Section        1  usbd_pwr.o(.data)
    .data                                    0x200001a8   Section       68  usbd_std.o(.data)
    cfgidx                                   0x200001a9   Data           1  usbd_std.o(.data)
    standard_device_request                  0x200001ac   Data          52  usbd_std.o(.data)
    standard_descriptor_get                  0x200001e0   Data          12  usbd_std.o(.data)
    .data                                    0x200001ec   Section        4  system_gd32f1x0.o(.data)
    .data                                    0x200001f0   Section        4  rand.o(.data)
    _rand_state                              0x200001f0   Data           4  rand.o(.data)
    .data                                    0x200001f4   Section        4  mvars.o(.data)
    .data                                    0x200001f8   Section        4  mvars.o(.data)
    .bss                                     0x200001fc   Section      156  app.o(.bss)
    .bss                                     0x20000298   Section       64  custom_hid_core.o(.bss)
    .bss                                     0x200002d8   Section      300  usb_endp.o(.bss)
    .bss                                     0x20000404   Section     6063  magdecode.o(.bss)
    .bss                                     0x20001bb8   Section      400  dev_msread.o(.bss)
    HEAP                                     0x20001d48   Section       32  startup_gd32f1x0.o(HEAP)
    STACK                                    0x20001d68   Section      512  startup_gd32f1x0.o(STACK)

    Global Symbols

    Symbol Name                              Value     Ov Type        Size  Object(Section)

    BuildAttributes$$THM_ISAv4$P$D$K$B$S$PE$A:L22UL41UL21$X:L11$S22US41US21$IEEE1$IW$USESV6$~STKCKD$USESV7$~SHL$OTIME$ROPI$IEEEJ$EBA8$MICROLIB$REQ8$PRES8$EABIv2 0x00000000   Number         0  anon$$obj.o ABSOLUTE
    __ARM_use_no_argv                        0x00000000   Number         0  main.o ABSOLUTE
    __cpp_initialize__aeabi_                  - Undefined Weak Reference
    __cxa_finalize                            - Undefined Weak Reference
    _clock_init                               - Undefined Weak Reference
    _microlib_exit                            - Undefined Weak Reference
    __Vectors_Size                           0x00000168   Number         0  startup_gd32f1x0.o ABSOLUTE
    __Vectors                                0x08003400   Data           4  startup_gd32f1x0.o(RESET)
    __Vectors_End                            0x08003568   Data           0  startup_gd32f1x0.o(RESET)
    __main                                   0x08003569   Thumb Code     0  entry.o(.ARM.Collect$$$$00000000)
    _main_stk                                0x08003569   Thumb Code     0  entry2.o(.ARM.Collect$$$$00000001)
    _main_scatterload                        0x0800356d   Thumb Code     0  entry5.o(.ARM.Collect$$$$00000004)
    __main_after_scatterload                 0x08003571   Thumb Code     0  entry5.o(.ARM.Collect$$$$00000004)
    _main_clock                              0x08003571   Thumb Code     0  entry7b.o(.ARM.Collect$$$$00000008)
    _main_cpp_init                           0x08003571   Thumb Code     0  entry8b.o(.ARM.Collect$$$$0000000A)
    _main_init                               0x08003571   Thumb Code     0  entry9a.o(.ARM.Collect$$$$0000000B)
    __rt_final_cpp                           0x08003579   Thumb Code     0  entry10a.o(.ARM.Collect$$$$0000000D)
    __rt_final_exit                          0x08003579   Thumb Code     0  entry11a.o(.ARM.Collect$$$$0000000F)
    Reset_Handler                            0x0800357d   Thumb Code     8  startup_gd32f1x0.o(.text)
    ADC_CMP_IRQHandler                       0x08003597   Thumb Code     0  startup_gd32f1x0.o(.text)
    CAN0_RX0_IRQHandler                      0x08003597   Thumb Code     0  startup_gd32f1x0.o(.text)
    CAN0_RX1_IRQHandler                      0x08003597   Thumb Code     0  startup_gd32f1x0.o(.text)
    CAN0_SCE_IRQHandler                      0x08003597   Thumb Code     0  startup_gd32f1x0.o(.text)
    CAN0_TX_IRQHandler                       0x08003597   Thumb Code     0  startup_gd32f1x0.o(.text)
    CAN1_RX0_IRQHandler                      0x08003597   Thumb Code     0  startup_gd32f1x0.o(.text)
    CAN1_RX1_IRQHandler                      0x08003597   Thumb Code     0  startup_gd32f1x0.o(.text)
    CAN1_SCE_IRQHandler                      0x08003597   Thumb Code     0  startup_gd32f1x0.o(.text)
    CAN1_TX_IRQHandler                       0x08003597   Thumb Code     0  startup_gd32f1x0.o(.text)
    CEC_IRQHandler                           0x08003597   Thumb Code     0  startup_gd32f1x0.o(.text)
    DMA_Channel0_IRQHandler                  0x08003597   Thumb Code     0  startup_gd32f1x0.o(.text)
    DMA_Channel1_2_IRQHandler                0x08003597   Thumb Code     0  startup_gd32f1x0.o(.text)
    DMA_Channel3_4_IRQHandler                0x08003597   Thumb Code     0  startup_gd32f1x0.o(.text)
    DMA_Channel5_6_IRQHandler                0x08003597   Thumb Code     0  startup_gd32f1x0.o(.text)
    EXTI2_3_IRQHandler                       0x08003597   Thumb Code     0  startup_gd32f1x0.o(.text)
    FMC_IRQHandler                           0x08003597   Thumb Code     0  startup_gd32f1x0.o(.text)
    I2C0_ER_IRQHandler                       0x08003597   Thumb Code     0  startup_gd32f1x0.o(.text)
    I2C0_EV_IRQHandler                       0x08003597   Thumb Code     0  startup_gd32f1x0.o(.text)
    I2C1_ER_IRQHandler                       0x08003597   Thumb Code     0  startup_gd32f1x0.o(.text)
    I2C1_EV_IRQHandler                       0x08003597   Thumb Code     0  startup_gd32f1x0.o(.text)
    I2C2_ER_IRQHandler                       0x08003597   Thumb Code     0  startup_gd32f1x0.o(.text)
    I2C2_EV_IRQHandler                       0x08003597   Thumb Code     0  startup_gd32f1x0.o(.text)
    LVD_IRQHandler                           0x08003597   Thumb Code     0  startup_gd32f1x0.o(.text)
    RCU_IRQHandler                           0x08003597   Thumb Code     0  startup_gd32f1x0.o(.text)
    RTC_IRQHandler                           0x08003597   Thumb Code     0  startup_gd32f1x0.o(.text)
    SLCD_IRQHandler                          0x08003597   Thumb Code     0  startup_gd32f1x0.o(.text)
    SPI0_IRQHandler                          0x08003597   Thumb Code     0  startup_gd32f1x0.o(.text)
    SPI1_IRQHandler                          0x08003597   Thumb Code     0  startup_gd32f1x0.o(.text)
    SPI2_IRQHandler                          0x08003597   Thumb Code     0  startup_gd32f1x0.o(.text)
    TIMER0_BRK_UP_TRG_COM_IRQHandler         0x08003597   Thumb Code     0  startup_gd32f1x0.o(.text)
    TIMER0_CC_IRQHandler                     0x08003597   Thumb Code     0  startup_gd32f1x0.o(.text)
    TIMER13_IRQHandler                       0x08003597   Thumb Code     0  startup_gd32f1x0.o(.text)
    TIMER14_IRQHandler                       0x08003597   Thumb Code     0  startup_gd32f1x0.o(.text)
    TIMER15_IRQHandler                       0x08003597   Thumb Code     0  startup_gd32f1x0.o(.text)
    TIMER16_IRQHandler                       0x08003597   Thumb Code     0  startup_gd32f1x0.o(.text)
    TIMER5_DAC_IRQHandler                    0x08003597   Thumb Code     0  startup_gd32f1x0.o(.text)
    TSI_IRQHandler                           0x08003597   Thumb Code     0  startup_gd32f1x0.o(.text)
    USART1_IRQHandler                        0x08003597   Thumb Code     0  startup_gd32f1x0.o(.text)
    USBDWakeUp_IRQHandler                    0x08003597   Thumb Code     0  startup_gd32f1x0.o(.text)
    USBD_HP_IRQHandler                       0x08003597   Thumb Code     0  startup_gd32f1x0.o(.text)
    WWDGT_IRQHandler                         0x08003597   Thumb Code     0  startup_gd32f1x0.o(.text)
    rand                                     0x080035a1   Thumb Code    20  rand.o(.text)
    srand                                    0x080035b5   Thumb Code     6  rand.o(.text)
    __aeabi_memcpy                           0x080035c5   Thumb Code    36  memcpya.o(.text)
    __aeabi_memcpy4                          0x080035c5   Thumb Code     0  memcpya.o(.text)
    __aeabi_memcpy8                          0x080035c5   Thumb Code     0  memcpya.o(.text)
    __aeabi_memset                           0x080035e9   Thumb Code    14  memseta.o(.text)
    __aeabi_memset4                          0x080035e9   Thumb Code     0  memseta.o(.text)
    __aeabi_memset8                          0x080035e9   Thumb Code     0  memseta.o(.text)
    __aeabi_memclr                           0x080035f7   Thumb Code     4  memseta.o(.text)
    __aeabi_memclr4                          0x080035f7   Thumb Code     0  memseta.o(.text)
    __aeabi_memclr8                          0x080035f7   Thumb Code     0  memseta.o(.text)
    _memset$wrapper                          0x080035fb   Thumb Code    18  memseta.o(.text)
    strstr                                   0x0800360d   Thumb Code    36  strstr.o(.text)
    strncpy                                  0x08003631   Thumb Code    24  strncpy.o(.text)
    strlen                                   0x08003649   Thumb Code    14  strlen.o(.text)
    memcmp                                   0x08003657   Thumb Code    26  memcmp.o(.text)
    __ARM_scalbn                             0x08003671   Thumb Code    46  dscalb.o(.text)
    scalbn                                   0x08003671   Thumb Code     0  dscalb.o(.text)
    __aeabi_i2d                              0x0800369f   Thumb Code    34  dflti.o(.text)
    __aeabi_d2uiz                            0x080036c1   Thumb Code    50  dfixui.o(.text)
    __aeabi_llsr                             0x080036f3   Thumb Code    32  llushr.o(.text)
    _ll_ushift_r                             0x080036f3   Thumb Code     0  llushr.o(.text)
    __I$use$fp                               0x08003713   Thumb Code     0  iusefp.o(.text)
    _double_round                            0x08003713   Thumb Code    26  depilogue.o(.text)
    _double_epilogue                         0x0800372d   Thumb Code   164  depilogue.o(.text)
    __aeabi_dadd                             0x080037d1   Thumb Code   322  dadd.o(.text)
    __aeabi_dsub                             0x08003913   Thumb Code     6  dadd.o(.text)
    __aeabi_drsub                            0x08003919   Thumb Code     6  dadd.o(.text)
    __aeabi_cdrcmple                         0x08003921   Thumb Code    38  cdrcmple.o(.text)
    __scatterload                            0x08003949   Thumb Code    28  init.o(.text)
    __scatterload_rt2                        0x08003949   Thumb Code     0  init.o(.text)
    __aeabi_llsl                             0x0800396d   Thumb Code    30  llshl.o(.text)
    _ll_shift_l                              0x0800396d   Thumb Code     0  llshl.o(.text)
    __aeabi_lasr                             0x0800398b   Thumb Code    36  llsshr.o(.text)
    _ll_sshift_r                             0x0800398b   Thumb Code     0  llsshr.o(.text)
    __decompress                             0x080039af   Thumb Code     0  __dczerorl2.o(.text)
    __decompress1                            0x080039af   Thumb Code    92  __dczerorl2.o(.text)
    AES_cbc_encrypt                          0x08003a0b   Thumb Code   242  aes.o(i.AES_cbc_encrypt)
    AES_decrypt                              0x08003afd   Thumb Code   884  aes.o(i.AES_decrypt)
    AES_encrypt                              0x08003e7d   Thumb Code   884  aes.o(i.AES_encrypt)
    AES_set_encrypt_key                      0x080041fd   Thumb Code   648  aes.o(i.AES_set_encrypt_key)
    AsciiToHex                               0x08004489   Thumb Code   102  app.o(i.AsciiToHex)
    BusFault_Handler                         0x080044ef   Thumb Code     2  gd32f1x0_it.o(i.BusFault_Handler)
    CalcCryptoKey                            0x080044f1   Thumb Code    84  app.o(i.CalcCryptoKey)
    CalcSum                                  0x0800454d   Thumb Code    22  usb_endp.o(i.CalcSum)
    DBG_H                                    0x080045e1   Thumb Code     2  dev_uart.o(i.DBG_H)
    DBG_S                                    0x080045e3   Thumb Code     2  dev_uart.o(i.DBG_S)
    DealRxData                               0x080045e5   Thumb Code  1204  app.o(i.DealRxData)
    DealSerialParse                          0x08004a9d   Thumb Code   160  app.o(i.DealSerialParse)
    DebugMon_Handler                         0x08004b45   Thumb Code     2  gd32f1x0_it.o(i.DebugMon_Handler)
    DecodeTimeToBit                          0x08004b49   Thumb Code   746  magdecode.o(i.DecodeTimeToBit)
    DecodeTrackData                          0x08004e45   Thumb Code  2232  magdecode.o(i.DecodeTrackData)
    DeleteChars                              0x080056fd   Thumb Code    64  mylib.o(i.DeleteChars)
    DoFirstChange                            0x0800573d   Thumb Code    88  des.o(i.DoFirstChange)
    DoKey                                    0x08005795   Thumb Code   112  des.o(i.DoKey)
    DoLeft                                   0x08005805   Thumb Code    58  des.o(i.DoLeft)
    DoRight                                  0x0800583f   Thumb Code    72  des.o(i.DoRight)
    EP1_IN_Callback                          0x08005889   Thumb Code     8  usb_endp.o(i.EP1_IN_Callback)
    EP1_OUT_Callback                         0x08005895   Thumb Code   192  usb_endp.o(i.EP1_OUT_Callback)
    EXTI0_1_IRQHandler                       0x08005965   Thumb Code   200  gd32f1x0_it.o(i.EXTI0_1_IRQHandler)
    EXTI4_15_IRQHandler                      0x08005a39   Thumb Code   112  gd32f1x0_it.o(i.EXTI4_15_IRQHandler)
    EXTI_Configuration                       0x08005ab1   Thumb Code   164  main.o(i.EXTI_Configuration)
    E_expand                                 0x08005b59   Thumb Code   148  des.o(i.E_expand)
    EarseBlockFlash                          0x08005bed   Thumb Code    44  dev_eprom.o(i.EarseBlockFlash)
    Find_S                                   0x08005c19   Thumb Code   144  des.o(i.Find_S)
    FlushBuffer_Init                         0x08005cad   Thumb Code    14  magdecode.o(i.FlushBuffer_Init)
    GetAccount                               0x08005cc1   Thumb Code    48  mylib.o(i.GetAccount)
    GetKeyCkeckValue                         0x08005cf9   Thumb Code   160  utilities.o(i.GetKeyCkeckValue)
    GetNextKSN                               0x08005d99   Thumb Code   104  app.o(i.GetNextKSN)
    HardFault_Handler                        0x08005e09   Thumb Code     2  gd32f1x0_it.o(i.HardFault_Handler)
    HexToAscii                               0x08005e0b   Thumb Code    62  app.o(i.HexToAscii)
    IDT_CalcLRC                              0x08005e49   Thumb Code    32  dukpt.o(i.IDT_CalcLRC)
    IDT_ChangeCounter                        0x08005e6d   Thumb Code    48  dukpt.o(i.IDT_ChangeCounter)
    IDT_EncryptPIN                           0x08005e9d   Thumb Code   316  dukpt.o(i.IDT_EncryptPIN)
    IDT_GenNewKeys                           0x08005fe5   Thumb Code   118  dukpt.o(i.IDT_GenNewKeys)
    IDT_GetNumOfOnes                         0x08006065   Thumb Code    26  dukpt.o(i.IDT_GetNumOfOnes)
    IDT_GetSetBitPos                         0x0800607f   Thumb Code    24  dukpt.o(i.IDT_GetSetBitPos)
    IDT_InitCryptoReg                        0x08006097   Thumb Code    62  dukpt.o(i.IDT_InitCryptoReg)
    IDT_LoadInitKey                          0x080060d5   Thumb Code   140  dukpt.o(i.IDT_LoadInitKey)
    IDT_NonReversibleKeyGen                  0x0800616d   Thumb Code   114  dukpt.o(i.IDT_NonReversibleKeyGen)
    IDT_PropogateKeys                        0x080061f1   Thumb Code   178  dukpt.o(i.IDT_PropogateKeys)
    IDT_SetBit                               0x080062b1   Thumb Code    12  dukpt.o(i.IDT_SetBit)
    IDT_UpdateKSN                            0x080062bd   Thumb Code    22  dukpt.o(i.IDT_UpdateKSN)
    InitMagDecode                            0x080062d5   Thumb Code    74  magdecode.o(i.InitMagDecode)
    MSR_Character_Decoder                    0x08006335   Thumb Code   200  magdecode.o(i.MSR_Character_Decoder)
    MSR_SendData                             0x08006471   Thumb Code  2338  dev_msread.o(i.MSR_SendData)
    MSR_WaitForReady                         0x08006dad   Thumb Code     8  magdecode.o(i.MSR_WaitForReady)
    MagDecodeTrack                           0x08006db9   Thumb Code   144  magdecode.o(i.MagDecodeTrack)
    MemManage_Handler                        0x08006e55   Thumb Code     2  gd32f1x0_it.o(i.MemManage_Handler)
    NMI_Handler                              0x08006e57   Thumb Code     2  gd32f1x0_it.o(i.NMI_Handler)
    P_chang                                  0x08006e79   Thumb Code   274  des.o(i.P_chang)
    PendSV_Handler                           0x08006f8b   Thumb Code     2  gd32f1x0_it.o(i.PendSV_Handler)
    Random                                   0x08006fc1   Thumb Code    32  app.o(i.Random)
    ReadBlockFlash                           0x08006fe5   Thumb Code    38  dev_eprom.o(i.ReadBlockFlash)
    ReadENCKEY                               0x0800700d   Thumb Code   112  app.o(i.ReadENCKEY)
    ResetSetting                             0x08007089   Thumb Code    60  app.o(i.ResetSetting)
    SHA1Final                                0x080070cd   Thumb Code   116  sha1.o(i.SHA1Final)
    SHA1Init                                 0x08007ae5   Thumb Code    36  sha1.o(i.SHA1Init)
    SHA1Update                               0x08007b15   Thumb Code   116  sha1.o(i.SHA1Update)
    SVC_Handler                              0x08007b89   Thumb Code     2  gd32f1x0_it.o(i.SVC_Handler)
    SetF2FInputBuffer                        0x08007b99   Thumb Code    70  magdecode.o(i.SetF2FInputBuffer)
    SetKey                                   0x08007bed   Thumb Code   518  des.o(i.SetKey)
    SysTick_Handler                          0x08007df3   Thumb Code     4  gd32f1x0_it.o(i.SysTick_Handler)
    SystemInit                               0x08007df9   Thumb Code    82  system_gd32f1x0.o(i.SystemInit)
    TIM1_Cap_Init                            0x08007e5d   Thumb Code    74  dev_timer.o(i.TIM1_Cap_Init)
    TIM2_Cnt_Init                            0x08007ea9   Thumb Code   106  dev_timer.o(i.TIM2_Cnt_Init)
    TIMER1_IRQHandler                        0x08007f19   Thumb Code     2  gd32f1x0_it.o(i.TIMER1_IRQHandler)
    TIMER2_IRQHandler                        0x08007f1d   Thumb Code    40  gd32f1x0_it.o(i.TIMER2_IRQHandler)
    USART0_IRQHandler                        0x08007f49   Thumb Code    52  gd32f1x0_it.o(i.USART0_IRQHandler)
    USBD_LP_IRQHandler                       0x08007f89   Thumb Code     4  gd32f1x0_it.o(i.USBD_LP_IRQHandler)
    UsageFault_Handler                       0x08007f8d   Thumb Code     2  gd32f1x0_it.o(i.UsageFault_Handler)
    UsbRecvOne                               0x08007f91   Thumb Code    44  usb_endp.o(i.UsbRecvOne)
    UsbRecvReset                             0x08007fc5   Thumb Code    18  usb_endp.o(i.UsbRecvReset)
    UsbSendBuff                              0x08007fe1   Thumb Code   120  usb_endp.o(i.UsbSendBuff)
    WriteBlockFlash                          0x08008061   Thumb Code    84  dev_eprom.o(i.WriteBlockFlash)
    WriteENCKEY                              0x080080b5   Thumb Code   128  app.o(i.WriteENCKEY)
    WriteUpgradeFlag                         0x08008149   Thumb Code    32  ini.o(i.WriteUpgradeFlag)
    __scatterload_copy                       0x08008171   Thumb Code    14  handlers.o(i.__scatterload_copy)
    __scatterload_null                       0x0800817f   Thumb Code     2  handlers.o(i.__scatterload_null)
    __scatterload_zeroinit                   0x08008181   Thumb Code    14  handlers.o(i.__scatterload_zeroinit)
    ceil                                     0x080081ad   Thumb Code   204  ceil.o(i.ceil)
    custom_hid_data_handler                  0x08008289   Thumb Code    38  custom_hid_core.o(i.custom_hid_data_handler)
    custom_hid_deinit                        0x080082b5   Thumb Code    22  custom_hid_core.o(i.custom_hid_deinit)
    custom_hid_init                          0x080082cd   Thumb Code    36  custom_hid_core.o(i.custom_hid_init)
    custom_hid_req_handler                   0x080082f9   Thumb Code   176  custom_hid_core.o(i.custom_hid_req_handler)
    delay_decrement                          0x080083b5   Thumb Code    24  systick.o(i.delay_decrement)
    des                                      0x080083d1   Thumb Code   458  des.o(i.des)
    exti_init                                0x080085bd   Thumb Code    98  gd32f1x0_exti.o(i.exti_init)
    exti_interrupt_flag_clear                0x08008625   Thumb Code     6  gd32f1x0_exti.o(i.exti_interrupt_flag_clear)
    exti_interrupt_flag_get                  0x08008631   Thumb Code    26  gd32f1x0_exti.o(i.exti_interrupt_flag_get)
    f_fun                                    0x08008651   Thumb Code   136  des.o(i.f_fun)
    fmc_lock                                 0x080086d9   Thumb Code    12  gd32f1x0_fmc.o(i.fmc_lock)
    fmc_page_erase                           0x080086e9   Thumb Code    54  gd32f1x0_fmc.o(i.fmc_page_erase)
    fmc_ready_wait                           0x08008725   Thumb Code    22  gd32f1x0_fmc.o(i.fmc_ready_wait)
    fmc_state_get                            0x0800873d   Thumb Code    34  gd32f1x0_fmc.o(i.fmc_state_get)
    fmc_unlock                               0x08008765   Thumb Code    18  gd32f1x0_fmc.o(i.fmc_unlock)
    fmc_word_program                         0x08008785   Thumb Code    48  gd32f1x0_fmc.o(i.fmc_word_program)
    free                                     0x080087b9   Thumb Code    76  malloc.o(i.free)
    from64tobits                             0x08008809   Thumb Code   230  utilities.o(i.from64tobits)
    get_tick                                 0x080088f5   Thumb Code     6  systick.o(i.get_tick)
    getbit                                   0x08008901   Thumb Code    10  magdecode.o(i.getbit)
    gpio_af_set                              0x0800890b   Thumb Code    86  gd32f1x0_gpio.o(i.gpio_af_set)
    gpio_bit_set                             0x08008961   Thumb Code     4  gd32f1x0_gpio.o(i.gpio_bit_set)
    gpio_configuration                       0x08008965   Thumb Code   146  main.o(i.gpio_configuration)
    gpio_mode_set                            0x080089fd   Thumb Code    72  gd32f1x0_gpio.o(i.gpio_mode_set)
    gpio_output_options_set                  0x08008a45   Thumb Code    62  gd32f1x0_gpio.o(i.gpio_output_options_set)
    init_serial_boot                         0x08008a85   Thumb Code    12  app.o(i.init_serial_boot)
    main                                     0x08008a95   Thumb Code   178  main.o(i.main)
    malloc                                   0x08008bc5   Thumb Code    92  malloc.o(i.malloc)
    nvic_config                              0x08008c31   Thumb Code    24  main.o(i.nvic_config)
    nvic_irq_enable                          0x08008c49   Thumb Code   132  gd32f1x0_misc.o(i.nvic_irq_enable)
    nvic_priority_group_set                  0x08008cd5   Thumb Code    10  gd32f1x0_misc.o(i.nvic_priority_group_set)
    nvic_vector_table_set                    0x08008ce9   Thumb Code    12  gd32f1x0_misc.o(i.nvic_vector_table_set)
    rcu_config                               0x08008cfd   Thumb Code    28  main.o(i.rcu_config)
    rcu_periph_clock_enable                  0x08008d19   Thumb Code    22  gd32f1x0_rcu.o(i.rcu_periph_clock_enable)
    rcu_periph_reset_disable                 0x08008d35   Thumb Code    22  gd32f1x0_rcu.o(i.rcu_periph_reset_disable)
    rcu_periph_reset_enable                  0x08008d51   Thumb Code    22  gd32f1x0_rcu.o(i.rcu_periph_reset_enable)
    rcu_usbd_clock_config                    0x08008d6d   Thumb Code    18  gd32f1x0_rcu.o(i.rcu_usbd_clock_config)
    resume_mcu                               0x08008d85   Thumb Code    22  usbd_pwr.o(i.resume_mcu)
    send_frame                               0x08008da1   Thumb Code   860  app.o(i.send_frame)
    set_tick                                 0x0800914d   Thumb Code     6  systick.o(i.set_tick)
    syscfg_exti_line_config                  0x08009159   Thumb Code    86  gd32f1x0_syscfg.o(i.syscfg_exti_line_config)
    systick_config                           0x08009221   Thumb Code    60  systick.o(i.systick_config)
    timer_auto_reload_shadow_enable          0x08009261   Thumb Code    10  gd32f1x0_timer.o(i.timer_auto_reload_shadow_enable)
    timer_deinit                             0x0800926d   Thumb Code   118  gd32f1x0_timer.o(i.timer_deinit)
    timer_disable                            0x080092ed   Thumb Code    10  gd32f1x0_timer.o(i.timer_disable)
    timer_enable                             0x080092f7   Thumb Code    10  gd32f1x0_timer.o(i.timer_enable)
    timer_init                               0x08009301   Thumb Code   118  gd32f1x0_timer.o(i.timer_init)
    timer_interrupt_enable                   0x08009391   Thumb Code     8  gd32f1x0_timer.o(i.timer_interrupt_enable)
    timer_interrupt_flag_clear               0x08009399   Thumb Code     8  gd32f1x0_timer.o(i.timer_interrupt_flag_clear)
    timer_interrupt_flag_get                 0x080093a1   Thumb Code    22  gd32f1x0_timer.o(i.timer_interrupt_flag_get)
    to64frombits                             0x080093b9   Thumb Code   140  utilities.o(i.to64frombits)
    tri_des                                  0x08009449   Thumb Code    44  des.o(i.tri_des)
    uart_puts                                0x08009475   Thumb Code     2  dev_uart.o(i.uart_puts)
    usart_data_receive                       0x08009477   Thumb Code     8  gd32f1x0_usart.o(i.usart_data_receive)
    usart_interrupt_flag_get                 0x0800947f   Thumb Code    54  gd32f1x0_usart.o(i.usart_interrupt_flag_get)
    usbd_core_init                           0x08009571   Thumb Code    34  usbd_core.o(i.usbd_core_init)
    usbd_device_class_request                0x0800959d   Thumb Code    64  usbd_std.o(i.usbd_device_class_request)
    usbd_enum_error                          0x080095ef   Thumb Code     6  usbd_std.o(i.usbd_enum_error)
    usbd_ep_clear_stall                      0x080095f5   Thumb Code   102  usbd_core.o(i.usbd_ep_clear_stall)
    usbd_ep_data_read                        0x08009661   Thumb Code    32  usbd_core.o(i.usbd_ep_data_read)
    usbd_ep_data_write                       0x08009685   Thumb Code    30  usbd_core.o(i.usbd_ep_data_write)
    usbd_ep_deinit                           0x080096a9   Thumb Code    68  usbd_core.o(i.usbd_ep_deinit)
    usbd_ep_init                             0x080096f1   Thumb Code   160  usbd_core.o(i.usbd_ep_init)
    usbd_ep_rx                               0x08009799   Thumb Code    98  usbd_core.o(i.usbd_ep_rx)
    usbd_ep_stall                            0x08009805   Thumb Code    86  usbd_core.o(i.usbd_ep_stall)
    usbd_ep_tx                               0x08009861   Thumb Code    94  usbd_core.o(i.usbd_ep_tx)
    usbd_in_transaction                      0x08009a31   Thumb Code   208  usbd_std.o(i.usbd_in_transaction)
    usbd_isr                                 0x08009cd9   Thumb Code   212  usbd_int.o(i.usbd_isr)
    usbd_out_transaction                     0x08009dc9   Thumb Code   124  usbd_std.o(i.usbd_out_transaction)
    usbd_setup_request_parse                 0x0800a009   Thumb Code    46  usbd_std.o(i.usbd_setup_request_parse)
    usbd_setup_transaction                   0x0800a037   Thumb Code    60  usbd_std.o(i.usbd_setup_transaction)
    usbd_standard_request                    0x0800a075   Thumb Code    16  usbd_std.o(i.usbd_standard_request)
    usbd_suspend                             0x0800a095   Thumb Code    14  usbd_pwr.o(i.usbd_suspend)
    wwdgt_counter_update                     0x0800a0ad   Thumb Code    18  gd32f1x0_wwdgt.o(i.wwdgt_counter_update)
    xor                                      0x0800a0c5   Thumb Code    22  des.o(i.xor)
    SHID                                     0x0800c904   Data          27  app.o(.constdata)
    APPVERSION                               0x0800c91f   Data          18  app.o(.constdata)
    device_descripter                        0x0800c99e   Data          18  custom_hid_core.o(.constdata)
    configuration_descriptor                 0x0800c9b0   Data          41  custom_hid_core.o(.constdata)
    customhid_report_descriptor              0x0800c9d9   Data          49  custom_hid_core.o(.constdata)
    usbd_language_id_desc                    0x0800ca0a   Data           4  custom_hid_core.o(.constdata)
    usbd_strings                             0x0800ca10   Data          16  custom_hid_core.o(.constdata)
    Region$$Table$$Base                      0x0800cc70   Number         0  anon$$obj.o(Region$$Table)
    Region$$Table$$Limit                     0x0800cc90   Number         0  anon$$obj.o(Region$$Table)
    WriteFlag                                0x20000000   Data           1  app.o(.data)
    GetNextFlag                              0x20000001   Data           1  app.o(.data)
    macstate                                 0x20000002   Data           1  app.o(.data)
    RxdStatus                                0x20000003   Data           1  app.o(.data)
    SynHead                                  0x20000004   Data           1  app.o(.data)
    RxdFrameStatus                           0x20000005   Data           1  app.o(.data)
    NowLen                                   0x20000006   Data           1  app.o(.data)
    RxdTotalLen                              0x20000007   Data           1  app.o(.data)
    SetKeyLen                                0x20000008   Data           1  app.o(.data)
    SetKeyFlag                               0x20000009   Data           1  app.o(.data)
    Bcc                                      0x2000000a   Data           1  app.o(.data)
    random                                   0x2000000b   Data           8  app.o(.data)
    encryptdatastatus                        0x20000013   Data           1  app.o(.data)
    usbd_customhid_report_id                 0x20000014   Data           1  custom_hid_core.o(.data)
    flag                                     0x20000015   Data           1  custom_hid_core.o(.data)
    prev_receive_complete                    0x20000024   Data           1  custom_hid_core.o(.data)
    usbd_int_fops                            0x20000028   Data           4  custom_hid_core.o(.data)
    usb_device_dev                           0x2000002c   Data         124  custom_hid_core.o(.data)
    gkeysize                                 0x200000a8   Data           1  dukpt.o(.data)
    gfkeyregsize                             0x200000a9   Data           1  dukpt.o(.data)
    gLRC                                     0x200000aa   Data           1  dukpt.o(.data)
    TM1CaptureNumber                         0x200000ac   Data           1  gd32f1x0_it.o(.data)
    TM2CaptureNumber                         0x200000ad   Data           1  gd32f1x0_it.o(.data)
    TM3CaptureNumber                         0x200000ae   Data           1  gd32f1x0_it.o(.data)
    TM1ReadValue1                            0x200000b0   Data           2  gd32f1x0_it.o(.data)
    TM1ReadValue2                            0x200000b2   Data           2  gd32f1x0_it.o(.data)
    TM2ReadValue1                            0x200000b4   Data           2  gd32f1x0_it.o(.data)
    TM2ReadValue2                            0x200000b6   Data           2  gd32f1x0_it.o(.data)
    TM3ReadValue1                            0x200000b8   Data           2  gd32f1x0_it.o(.data)
    TM3ReadValue2                            0x200000ba   Data           2  gd32f1x0_it.o(.data)
    g1msTimer6                               0x200000bc   Data           4  systick.o(.data)
    gUsbRespFlag                             0x200000c4   Data           1  usb_endp.o(.data)
    USBRecvTop                               0x200000c8   Data           4  usb_endp.o(.data)
    USBRecvEnd                               0x200000cc   Data           4  usb_endp.o(.data)
    MSR_fCardDataReady                       0x20000191   Data           1  magdecode.o(.data)
    rec_head0                                0x20000192   Data           2  dev_uart.o(.data)
    rec_end0                                 0x20000194   Data           2  dev_uart.o(.data)
    g_interrupt_mask                         0x20000198   Data           4  usbd_core.o(.data)
    g_free_buf_addr                          0x2000019c   Data           4  usbd_core.o(.data)
    pbuf_reg                                 0x200001a0   Data           4  usbd_core.o(.data)
    g_ESOF_count                             0x200001a4   Data           1  usbd_pwr.o(.data)
    g_remote_wakeup_on                       0x200001a5   Data           1  usbd_pwr.o(.data)
    g_suspend_enabled                        0x200001a6   Data           1  usbd_pwr.o(.data)
    g_device_address                         0x200001a8   Data           1  usbd_std.o(.data)
    SystemCoreClock                          0x200001ec   Data           4  system_gd32f1x0.o(.data)
    __microlib_freelist                      0x200001f4   Data           4  mvars.o(.data)
    __microlib_freelist_initialised          0x200001f8   Data           4  mvars.o(.data)
    ENC_KEY                                  0x200001fc   Data         140  app.o(.bss)
    CryptoKey                                0x20000288   Data          16  app.o(.bss)
    report_buf                               0x20000298   Data          64  custom_hid_core.o(.bss)
    USBRecvBuf                               0x200002d8   Data         300  usb_endp.o(.bss)
    Track1TimeFlow                           0x20000404   Data        1602  magdecode.o(.bss)
    Track2TimeFlow                           0x20000a46   Data        1002  magdecode.o(.bss)
    Track3TimeFlow                           0x20000e30   Data        2102  magdecode.o(.bss)
    TrackBitFlow                             0x20001666   Data         802  magdecode.o(.bss)
    TempTrackDirtData                        0x20001988   Data         111  magdecode.o(.bss)
    TempTrackData                            0x200019f7   Data         111  magdecode.o(.bss)
    Track1Data                               0x20001a66   Data         111  magdecode.o(.bss)
    Track2Data                               0x20001ad5   Data         111  magdecode.o(.bss)
    Track3Data                               0x20001b44   Data         111  magdecode.o(.bss)
    foo                                      0x20001bb8   Data          96  dev_msread.o(.bss)
    key                                      0x20001c18   Data         244  dev_msread.o(.bss)
    sha                                      0x20001d0c   Data          60  dev_msread.o(.bss)
    __heap_base                              0x20001d48   Data           0  startup_gd32f1x0.o(HEAP)
    __heap_limit                             0x20001d68   Data           0  startup_gd32f1x0.o(HEAP)
    __initial_sp                             0x20001f68   Data           0  startup_gd32f1x0.o(STACK)



==============================================================================

Memory Map of the image

  Image Entry point : 0x08003569

  Load Region LR_IROM1 (Base: 0x08003400, Size: 0x00009a8c, Max: 0x00010000, ABSOLUTE, COMPRESSED[0x0000997c])

    Execution Region ER_IROM1 (Base: 0x08003400, Size: 0x00009890, Max: 0x00010000, ABSOLUTE)

    Base Addr    Size         Type   Attr      Idx    E Section Name        Object

    0x08003400   0x00000168   Data   RO         3615    RESET               startup_gd32f1x0.o
    0x08003568   0x00000000   Code   RO         3665  * .ARM.Collect$$$$00000000  mc_w.l(entry.o)
    0x08003568   0x00000004   Code   RO         3719    .ARM.Collect$$$$00000001  mc_w.l(entry2.o)
    0x0800356c   0x00000004   Code   RO         3722    .ARM.Collect$$$$00000004  mc_w.l(entry5.o)
    0x08003570   0x00000000   Code   RO         3724    .ARM.Collect$$$$00000008  mc_w.l(entry7b.o)
    0x08003570   0x00000000   Code   RO         3726    .ARM.Collect$$$$0000000A  mc_w.l(entry8b.o)
    0x08003570   0x00000008   Code   RO         3727    .ARM.Collect$$$$0000000B  mc_w.l(entry9a.o)
    0x08003578   0x00000000   Code   RO         3729    .ARM.Collect$$$$0000000D  mc_w.l(entry10a.o)
    0x08003578   0x00000000   Code   RO         3731    .ARM.Collect$$$$0000000F  mc_w.l(entry11a.o)
    0x08003578   0x00000004   Code   RO         3720    .ARM.Collect$$$$00002712  mc_w.l(entry2.o)
    0x0800357c   0x00000024   Code   RO         3616    .text               startup_gd32f1x0.o
    0x080035a0   0x00000024   Code   RO         3668    .text               mc_w.l(rand.o)
    0x080035c4   0x00000024   Code   RO         3671    .text               mc_w.l(memcpya.o)
    0x080035e8   0x00000024   Code   RO         3673    .text               mc_w.l(memseta.o)
    0x0800360c   0x00000024   Code   RO         3675    .text               mc_w.l(strstr.o)
    0x08003630   0x00000018   Code   RO         3677    .text               mc_w.l(strncpy.o)
    0x08003648   0x0000000e   Code   RO         3679    .text               mc_w.l(strlen.o)
    0x08003656   0x0000001a   Code   RO         3681    .text               mc_w.l(memcmp.o)
    0x08003670   0x0000002e   Code   RO         3713    .text               mf_w.l(dscalb.o)
    0x0800369e   0x00000022   Code   RO         3715    .text               mf_w.l(dflti.o)
    0x080036c0   0x00000032   Code   RO         3717    .text               mf_w.l(dfixui.o)
    0x080036f2   0x00000020   Code   RO         3733    .text               mc_w.l(llushr.o)
    0x08003712   0x00000000   Code   RO         3737    .text               mc_w.l(iusefp.o)
    0x08003712   0x000000be   Code   RO         3738    .text               mf_w.l(depilogue.o)
    0x080037d0   0x0000014e   Code   RO         3740    .text               mf_w.l(dadd.o)
    0x0800391e   0x00000002   PAD
    0x08003920   0x00000028   Code   RO         3742    .text               mf_w.l(cdrcmple.o)
    0x08003948   0x00000024   Code   RO         3744    .text               mc_w.l(init.o)
    0x0800396c   0x0000001e   Code   RO         3746    .text               mc_w.l(llshl.o)
    0x0800398a   0x00000024   Code   RO         3748    .text               mc_w.l(llsshr.o)
    0x080039ae   0x0000005c   Code   RO         3758    .text               mc_w.l(__dczerorl2.o)
    0x08003a0a   0x000000f2   Code   RO            1    i.AES_cbc_encrypt   aes.o
    0x08003afc   0x00000380   Code   RO            2    i.AES_decrypt       aes.o
    0x08003e7c   0x00000380   Code   RO            3    i.AES_encrypt       aes.o
    0x080041fc   0x0000028c   Code   RO            5    i.AES_set_encrypt_key  aes.o
    0x08004488   0x00000066   Code   RO           53    i.AsciiToHex        app.o
    0x080044ee   0x00000002   Code   RO          574    i.BusFault_Handler  gd32f1x0_it.o
    0x080044f0   0x0000005c   Code   RO           54    i.CalcCryptoKey     app.o
    0x0800454c   0x00000016   Code   RO          906    i.CalcSum           usb_endp.o
    0x08004562   0x00000022   Code   RO         1033    i.CheckDirtOnlyOne  magdecode.o
    0x08004584   0x00000028   Code   RO         1034    i.CheckLrcEvenParity  magdecode.o
    0x080045ac   0x0000001c   Code   RO         1035    i.CheckOddParity    magdecode.o
    0x080045c8   0x0000000c   Code   RO         1036    i.ClearBit          magdecode.o
    0x080045d4   0x0000000c   Code   RO         1037    i.CplBit            magdecode.o
    0x080045e0   0x00000002   Code   RO         1311    i.DBG_H             dev_uart.o
    0x080045e2   0x00000002   Code   RO         1312    i.DBG_S             dev_uart.o
    0x080045e4   0x000004b8   Code   RO           55    i.DealRxData        app.o
    0x08004a9c   0x000000a8   Code   RO           56    i.DealSerialParse   app.o
    0x08004b44   0x00000002   Code   RO          575    i.DebugMon_Handler  gd32f1x0_it.o
    0x08004b46   0x00000002   PAD
    0x08004b48   0x000002fc   Code   RO         1038    i.DecodeTimeToBit   magdecode.o
    0x08004e44   0x000008b8   Code   RO         1039    i.DecodeTrackData   magdecode.o
    0x080056fc   0x00000040   Code   RO         1175    i.DeleteChars       mylib.o
    0x0800573c   0x00000058   Code   RO          401    i.DoFirstChange     des.o
    0x08005794   0x00000070   Code   RO          402    i.DoKey             des.o
    0x08005804   0x0000003a   Code   RO          403    i.DoLeft            des.o
    0x0800583e   0x00000048   Code   RO          404    i.DoRight           des.o
    0x08005886   0x00000002   PAD
    0x08005888   0x0000000c   Code   RO          907    i.EP1_IN_Callback   usb_endp.o
    0x08005894   0x000000d0   Code   RO          908    i.EP1_OUT_Callback  usb_endp.o
    0x08005964   0x000000d4   Code   RO          576    i.EXTI0_1_IRQHandler  gd32f1x0_it.o
    0x08005a38   0x00000078   Code   RO          577    i.EXTI4_15_IRQHandler  gd32f1x0_it.o
    0x08005ab0   0x000000a8   Code   RO          751    i.EXTI_Configuration  main.o
    0x08005b58   0x00000094   Code   RO          405    i.E_expand          des.o
    0x08005bec   0x0000002c   Code   RO         1209    i.EarseBlockFlash   dev_eprom.o
    0x08005c18   0x00000094   Code   RO          406    i.Find_S            des.o
    0x08005cac   0x00000014   Code   RO         1040    i.FlushBuffer_Init  magdecode.o
    0x08005cc0   0x00000038   Code   RO         1176    i.GetAccount        mylib.o
    0x08005cf8   0x000000a0   Code   RO          981    i.GetKeyCkeckValue  utilities.o
    0x08005d98   0x00000070   Code   RO           57    i.GetNextKSN        app.o
    0x08005e08   0x00000002   Code   RO          578    i.HardFault_Handler  gd32f1x0_it.o
    0x08005e0a   0x0000003e   Code   RO           58    i.HexToAscii        app.o
    0x08005e48   0x00000024   Code   RO          481    i.IDT_CalcLRC       dukpt.o
    0x08005e6c   0x00000030   Code   RO          482    i.IDT_ChangeCounter  dukpt.o
    0x08005e9c   0x00000148   Code   RO          483    i.IDT_EncryptPIN    dukpt.o
    0x08005fe4   0x00000080   Code   RO          484    i.IDT_GenNewKeys    dukpt.o
    0x08006064   0x0000001a   Code   RO          485    i.IDT_GetNumOfOnes  dukpt.o
    0x0800607e   0x00000018   Code   RO          486    i.IDT_GetSetBitPos  dukpt.o
    0x08006096   0x0000003e   Code   RO          487    i.IDT_InitCryptoReg  dukpt.o
    0x080060d4   0x00000098   Code   RO          488    i.IDT_LoadInitKey   dukpt.o
    0x0800616c   0x00000084   Code   RO          489    i.IDT_NonReversibleKeyGen  dukpt.o
    0x080061f0   0x000000c0   Code   RO          490    i.IDT_PropogateKeys  dukpt.o
    0x080062b0   0x0000000c   Code   RO          491    i.IDT_SetBit        dukpt.o
    0x080062bc   0x00000016   Code   RO          493    i.IDT_UpdateKSN     dukpt.o
    0x080062d2   0x00000002   PAD
    0x080062d4   0x00000060   Code   RO         1042    i.InitMagDecode     magdecode.o
    0x08006334   0x0000013c   Code   RO         1043    i.MSR_Character_Decoder  magdecode.o
    0x08006470   0x0000093c   Code   RO         1250    i.MSR_SendData      dev_msread.o
    0x08006dac   0x0000000c   Code   RO         1047    i.MSR_WaitForReady  magdecode.o
    0x08006db8   0x0000009c   Code   RO         1048    i.MagDecodeTrack    magdecode.o
    0x08006e54   0x00000002   Code   RO          579    i.MemManage_Handler  gd32f1x0_it.o
    0x08006e56   0x00000002   Code   RO          580    i.NMI_Handler       gd32f1x0_it.o
    0x08006e58   0x00000020   Code   RO          846    i.NVIC_SetPriority  systick.o
    0x08006e78   0x00000112   Code   RO          407    i.P_chang           des.o
    0x08006f8a   0x00000002   Code   RO          581    i.PendSV_Handler    gd32f1x0_it.o
    0x08006f8c   0x00000034   Code   RO         1049    i.PllSmooth         magdecode.o
    0x08006fc0   0x00000024   Code   RO           60    i.Random            app.o
    0x08006fe4   0x00000026   Code   RO         1210    i.ReadBlockFlash    dev_eprom.o
    0x0800700a   0x00000002   PAD
    0x0800700c   0x0000007c   Code   RO           61    i.ReadENCKEY        app.o
    0x08007088   0x00000044   Code   RO           62    i.ResetSetting      app.o
    0x080070cc   0x00000078   Code   RO          807    i.SHA1Final         sha1.o
    0x08007144   0x000009a0   Code   RO          808    i.SHA1Guts          sha1.o
    0x08007ae4   0x00000030   Code   RO          809    i.SHA1Init          sha1.o
    0x08007b14   0x00000074   Code   RO          810    i.SHA1Update        sha1.o
    0x08007b88   0x00000002   Code   RO          582    i.SVC_Handler       gd32f1x0_it.o
    0x08007b8a   0x0000000c   Code   RO         1050    i.SetBit            magdecode.o
    0x08007b96   0x00000002   PAD
    0x08007b98   0x00000054   Code   RO         1051    i.SetF2FInputBuffer  magdecode.o
    0x08007bec   0x00000206   Code   RO          408    i.SetKey            des.o
    0x08007df2   0x00000004   Code   RO          583    i.SysTick_Handler   gd32f1x0_it.o
    0x08007df6   0x00000002   PAD
    0x08007df8   0x00000064   Code   RO         3624    i.SystemInit        system_gd32f1x0.o
    0x08007e5c   0x0000004a   Code   RO         1281    i.TIM1_Cap_Init     dev_timer.o
    0x08007ea6   0x00000002   PAD
    0x08007ea8   0x00000070   Code   RO         1282    i.TIM2_Cnt_Init     dev_timer.o
    0x08007f18   0x00000002   Code   RO          584    i.TIMER1_IRQHandler  gd32f1x0_it.o
    0x08007f1a   0x00000002   PAD
    0x08007f1c   0x0000002c   Code   RO          585    i.TIMER2_IRQHandler  gd32f1x0_it.o
    0x08007f48   0x00000040   Code   RO          586    i.USART0_IRQHandler  gd32f1x0_it.o
    0x08007f88   0x00000004   Code   RO          587    i.USBD_LP_IRQHandler  gd32f1x0_it.o
    0x08007f8c   0x00000002   Code   RO          588    i.UsageFault_Handler  gd32f1x0_it.o
    0x08007f8e   0x00000002   PAD
    0x08007f90   0x00000034   Code   RO          910    i.UsbRecvOne        usb_endp.o
    0x08007fc4   0x0000001c   Code   RO          911    i.UsbRecvReset      usb_endp.o
    0x08007fe0   0x00000080   Code   RO          912    i.UsbSendBuff       usb_endp.o
    0x08008060   0x00000054   Code   RO         1211    i.WriteBlockFlash   dev_eprom.o
    0x080080b4   0x00000094   Code   RO           63    i.WriteENCKEY       app.o
    0x08008148   0x00000028   Code   RO          711    i.WriteUpgradeFlag  ini.o
    0x08008170   0x0000000e   Code   RO         3752    i.__scatterload_copy  mc_w.l(handlers.o)
    0x0800817e   0x00000002   Code   RO         3753    i.__scatterload_null  mc_w.l(handlers.o)
    0x08008180   0x0000000e   Code   RO         3754    i.__scatterload_zeroinit  mc_w.l(handlers.o)
    0x0800818e   0x0000001e   Code   RO          811    i.burnStack         sha1.o
    0x080081ac   0x000000dc   Code   RO         3662    i.ceil              m_ws.l(ceil.o)
    0x08008288   0x0000002c   Code   RO          319    i.custom_hid_data_handler  custom_hid_core.o
    0x080082b4   0x00000016   Code   RO          320    i.custom_hid_deinit  custom_hid_core.o
    0x080082ca   0x00000002   PAD
    0x080082cc   0x0000002c   Code   RO          321    i.custom_hid_init   custom_hid_core.o
    0x080082f8   0x000000bc   Code   RO          323    i.custom_hid_req_handler  custom_hid_core.o
    0x080083b4   0x0000001c   Code   RO          848    i.delay_decrement   systick.o
    0x080083d0   0x000001ec   Code   RO          409    i.des               des.o
    0x080085bc   0x00000068   Code   RO         1440    i.exti_init         gd32f1x0_exti.o
    0x08008624   0x0000000c   Code   RO         1443    i.exti_interrupt_flag_clear  gd32f1x0_exti.o
    0x08008630   0x00000020   Code   RO         1444    i.exti_interrupt_flag_get  gd32f1x0_exti.o
    0x08008650   0x00000088   Code   RO          410    i.f_fun             des.o
    0x080086d8   0x00000010   Code   RO         1530    i.fmc_lock          gd32f1x0_fmc.o
    0x080086e8   0x0000003c   Code   RO         1532    i.fmc_page_erase    gd32f1x0_fmc.o
    0x08008724   0x00000016   Code   RO         1533    i.fmc_ready_wait    gd32f1x0_fmc.o
    0x0800873a   0x00000002   PAD
    0x0800873c   0x00000028   Code   RO         1534    i.fmc_state_get     gd32f1x0_fmc.o
    0x08008764   0x00000020   Code   RO         1535    i.fmc_unlock        gd32f1x0_fmc.o
    0x08008784   0x00000034   Code   RO         1536    i.fmc_word_program  gd32f1x0_fmc.o
    0x080087b8   0x00000050   Code   RO         3685    i.free              mc_w.l(malloc.o)
    0x08008808   0x000000ec   Code   RO          983    i.from64tobits      utilities.o
    0x080088f4   0x0000000c   Code   RO          849    i.get_tick          systick.o
    0x08008900   0x0000000a   Code   RO         1052    i.getbit            magdecode.o
    0x0800890a   0x00000056   Code   RO         1734    i.gpio_af_set       gd32f1x0_gpio.o
    0x08008960   0x00000004   Code   RO         1736    i.gpio_bit_set      gd32f1x0_gpio.o
    0x08008964   0x00000098   Code   RO          752    i.gpio_configuration  main.o
    0x080089fc   0x00000048   Code   RO         1741    i.gpio_mode_set     gd32f1x0_gpio.o
    0x08008a44   0x0000003e   Code   RO         1743    i.gpio_output_options_set  gd32f1x0_gpio.o
    0x08008a82   0x00000002   PAD
    0x08008a84   0x00000010   Code   RO           64    i.init_serial_boot  app.o
    0x08008a94   0x00000130   Code   RO          753    i.main              main.o
    0x08008bc4   0x0000006c   Code   RO         3686    i.malloc            mc_w.l(malloc.o)
    0x08008c30   0x00000018   Code   RO          754    i.nvic_config       main.o
    0x08008c48   0x0000008c   Code   RO         1831    i.nvic_irq_enable   gd32f1x0_misc.o
    0x08008cd4   0x00000014   Code   RO         1832    i.nvic_priority_group_set  gd32f1x0_misc.o
    0x08008ce8   0x00000014   Code   RO         1833    i.nvic_vector_table_set  gd32f1x0_misc.o
    0x08008cfc   0x0000001c   Code   RO          755    i.rcu_config        main.o
    0x08008d18   0x0000001c   Code   RO         1918    i.rcu_periph_clock_enable  gd32f1x0_rcu.o
    0x08008d34   0x0000001c   Code   RO         1919    i.rcu_periph_reset_disable  gd32f1x0_rcu.o
    0x08008d50   0x0000001c   Code   RO         1920    i.rcu_periph_reset_enable  gd32f1x0_rcu.o
    0x08008d6c   0x00000018   Code   RO         1930    i.rcu_usbd_clock_config  gd32f1x0_rcu.o
    0x08008d84   0x0000001c   Code   RO         3434    i.resume_mcu        usbd_pwr.o
    0x08008da0   0x000003ac   Code   RO           65    i.send_frame        app.o
    0x0800914c   0x0000000c   Code   RO          850    i.set_tick          systick.o
    0x08009158   0x0000005c   Code   RO         2343    i.syscfg_exti_line_config  gd32f1x0_syscfg.o
    0x080091b4   0x0000006c   Code   RO         3625    i.system_clock_72m_hxtal  system_gd32f1x0.o
    0x08009220   0x00000040   Code   RO          851    i.systick_config    systick.o
    0x08009260   0x0000000a   Code   RO         2416    i.timer_auto_reload_shadow_enable  gd32f1x0_timer.o
    0x0800926a   0x00000002   PAD
    0x0800926c   0x00000080   Code   RO         2444    i.timer_deinit      gd32f1x0_timer.o
    0x080092ec   0x0000000a   Code   RO         2445    i.timer_disable     gd32f1x0_timer.o
    0x080092f6   0x0000000a   Code   RO         2446    i.timer_enable      gd32f1x0_timer.o
    0x08009300   0x00000090   Code   RO         2455    i.timer_init        gd32f1x0_timer.o
    0x08009390   0x00000008   Code   RO         2461    i.timer_interrupt_enable  gd32f1x0_timer.o
    0x08009398   0x00000008   Code   RO         2462    i.timer_interrupt_flag_clear  gd32f1x0_timer.o
    0x080093a0   0x00000016   Code   RO         2463    i.timer_interrupt_flag_get  gd32f1x0_timer.o
    0x080093b6   0x00000002   PAD
    0x080093b8   0x00000090   Code   RO          985    i.to64frombits      utilities.o
    0x08009448   0x0000002c   Code   RO          411    i.tri_des           des.o
    0x08009474   0x00000002   Code   RO         1317    i.uart_puts         dev_uart.o
    0x08009476   0x00000008   Code   RO         2836    i.usart_data_receive  gd32f1x0_usart.o
    0x0800947e   0x00000036   Code   RO         2853    i.usart_interrupt_flag_get  gd32f1x0_usart.o
    0x080094b4   0x000000b0   Code   RO         3474    i.usbd_clearfeature  usbd_std.o
    0x08009564   0x0000000a   Code   RO         3475    i.usbd_configuration_descriptor_get  usbd_std.o
    0x0800956e   0x00000002   PAD
    0x08009570   0x0000002c   Code   RO         3282    i.usbd_core_init    usbd_core.o
    0x0800959c   0x00000048   Code   RO         3476    i.usbd_device_class_request  usbd_std.o
    0x080095e4   0x0000000a   Code   RO         3477    i.usbd_device_descriptor_get  usbd_std.o
    0x080095ee   0x00000006   Code   RO         3478    i.usbd_enum_error   usbd_std.o
    0x080095f4   0x0000006c   Code   RO         3283    i.usbd_ep_clear_stall  usbd_core.o
    0x08009660   0x00000024   Code   RO         3284    i.usbd_ep_data_read  usbd_core.o
    0x08009684   0x00000024   Code   RO         3285    i.usbd_ep_data_write  usbd_core.o
    0x080096a8   0x00000048   Code   RO         3286    i.usbd_ep_deinit    usbd_core.o
    0x080096f0   0x000000a8   Code   RO         3287    i.usbd_ep_init      usbd_core.o
    0x08009798   0x0000006c   Code   RO         3288    i.usbd_ep_rx        usbd_core.o
    0x08009804   0x0000005c   Code   RO         3289    i.usbd_ep_stall     usbd_core.o
    0x08009860   0x00000068   Code   RO         3291    i.usbd_ep_tx        usbd_core.o
    0x080098c8   0x00000030   Code   RO         3479    i.usbd_getconfiguration  usbd_std.o
    0x080098f8   0x0000007c   Code   RO         3480    i.usbd_getdescriptor  usbd_std.o
    0x08009974   0x00000020   Code   RO         3481    i.usbd_getinterface  usbd_std.o
    0x08009994   0x0000009c   Code   RO         3482    i.usbd_getstatus    usbd_std.o
    0x08009a30   0x000000d8   Code   RO         3483    i.usbd_in_transaction  usbd_std.o
    0x08009b08   0x0000004c   Code   RO         3394    i.usbd_intf_esof    usbd_int.o
    0x08009b54   0x00000120   Code   RO         3395    i.usbd_intf_lpst    usbd_int.o
    0x08009c74   0x00000064   Code   RO         3396    i.usbd_intf_reset   usbd_int.o
    0x08009cd8   0x000000f0   Code   RO         3397    i.usbd_isr          usbd_int.o
    0x08009dc8   0x00000084   Code   RO         3484    i.usbd_out_transaction  usbd_std.o
    0x08009e4c   0x00000002   Code   RO         3485    i.usbd_reserved     usbd_std.o
    0x08009e4e   0x00000002   PAD
    0x08009e50   0x00000054   Code   RO         3486    i.usbd_setaddress   usbd_std.o
    0x08009ea4   0x00000088   Code   RO         3487    i.usbd_setconfiguration  usbd_std.o
    0x08009f2c   0x00000002   Code   RO         3488    i.usbd_setdescriptor  usbd_std.o
    0x08009f2e   0x00000002   PAD
    0x08009f30   0x00000094   Code   RO         3489    i.usbd_setfeature   usbd_std.o
    0x08009fc4   0x00000044   Code   RO         3490    i.usbd_setinterface  usbd_std.o
    0x0800a008   0x0000002e   Code   RO         3491    i.usbd_setup_request_parse  usbd_std.o
    0x0800a036   0x0000003c   Code   RO         3492    i.usbd_setup_transaction  usbd_std.o
    0x0800a072   0x00000002   PAD
    0x0800a074   0x00000014   Code   RO         3493    i.usbd_standard_request  usbd_std.o
    0x0800a088   0x0000000c   Code   RO         3494    i.usbd_string_descriptor_get  usbd_std.o
    0x0800a094   0x00000014   Code   RO         3436    i.usbd_suspend      usbd_pwr.o
    0x0800a0a8   0x00000002   Code   RO         3495    i.usbd_synchframe   usbd_std.o
    0x0800a0aa   0x00000002   PAD
    0x0800a0ac   0x00000018   Code   RO         3222    i.wwdgt_counter_update  gd32f1x0_wwdgt.o
    0x0800a0c4   0x00000016   Code   RO          412    i.xor               des.o
    0x0800a0da   0x00000002   PAD
    0x0800a0dc   0x00002828   Data   RO            6    .constdata          aes.o
    0x0800c904   0x0000002d   Data   RO           67    .constdata          app.o
    0x0800c931   0x00000001   PAD
    0x0800c932   0x00000014   Data   RO          325    .constdata          custom_hid_core.o
    0x0800c946   0x0000003e   Data   RO          326    .constdata          custom_hid_core.o
    0x0800c984   0x0000001a   Data   RO          327    .constdata          custom_hid_core.o
    0x0800c99e   0x00000012   Data   RO          328    .constdata          custom_hid_core.o
    0x0800c9b0   0x0000005a   Data   RO          329    .constdata          custom_hid_core.o
    0x0800ca0a   0x00000004   Data   RO          330    .constdata          custom_hid_core.o
    0x0800ca0e   0x00000002   PAD
    0x0800ca10   0x00000010   Data   RO          331    .constdata          custom_hid_core.o
    0x0800ca20   0x00000200   Data   RO          413    .constdata          des.o
    0x0800cc20   0x00000040   Data   RO          812    .constdata          sha1.o
    0x0800cc60   0x00000010   Data   RO         1054    .constdata          magdecode.o
    0x0800cc70   0x00000020   Data   RO         3750    Region$$Table       anon$$obj.o


    Execution Region RW_IRAM1 (Base: 0x20000000, Size: 0x00001f68, Max: 0x00002000, ABSOLUTE, COMPRESSED[0x000000ec])

    Base Addr    Size         Type   Attr      Idx    E Section Name        Object

    0x20000000   0x00000013   Data   RW           68    .data               app.o
    0x20000013   0x00000001   Data   RW           69    .data               app.o
    0x20000014   0x00000010   Data   RW          332    .data               custom_hid_core.o
    0x20000024   0x00000001   Data   RW          333    .data               custom_hid_core.o
    0x20000025   0x00000003   PAD
    0x20000028   0x00000004   Data   RW          334    .data               custom_hid_core.o
    0x2000002c   0x0000007c   Data   RW          335    .data               custom_hid_core.o
    0x200000a8   0x00000003   Data   RW          494    .data               dukpt.o
    0x200000ab   0x00000001   PAD
    0x200000ac   0x00000010   Data   RW          589    .data               gd32f1x0_it.o
    0x200000bc   0x00000008   Data   RW          852    .data               systick.o
    0x200000c4   0x0000000c   Data   RW          915    .data               usb_endp.o
    0x200000d0   0x000000c1   Data   RW          986    .data               utilities.o
    0x20000191   0x00000001   Data   RW         1055    .data               magdecode.o
    0x20000192   0x00000004   Data   RW         1318    .data               dev_uart.o
    0x20000196   0x00000002   PAD
    0x20000198   0x0000000c   Data   RW         3294    .data               usbd_core.o
    0x200001a4   0x00000002   Data   RW         3437    .data               usbd_pwr.o
    0x200001a6   0x00000001   Data   RW         3438    .data               usbd_pwr.o
    0x200001a7   0x00000001   PAD
    0x200001a8   0x00000044   Data   RW         3497    .data               usbd_std.o
    0x200001ec   0x00000004   Data   RW         3626    .data               system_gd32f1x0.o
    0x200001f0   0x00000004   Data   RW         3669    .data               mc_w.l(rand.o)
    0x200001f4   0x00000004   Data   RW         3735    .data               mc_w.l(mvars.o)
    0x200001f8   0x00000004   Data   RW         3736    .data               mc_w.l(mvars.o)
    0x200001fc   0x0000009c   Zero   RW           66    .bss                app.o
    0x20000298   0x00000040   Zero   RW          324    .bss                custom_hid_core.o
    0x200002d8   0x0000012c   Zero   RW          914    .bss                usb_endp.o
    0x20000404   0x000017af   Zero   RW         1053    .bss                magdecode.o
    0x20001bb3   0x00000005   PAD
    0x20001bb8   0x00000190   Zero   RW         1251    .bss                dev_msread.o
    0x20001d48   0x00000020   Zero   RW         3614    HEAP                startup_gd32f1x0.o
    0x20001d68   0x00000200   Zero   RW         3613    STACK               startup_gd32f1x0.o


==============================================================================

Image component sizes


      Code (inc. data)   RO Data    RW Data    ZI Data      Debug   Object Name

      2686         28      10280          0          0       8916   aes.o
      3076        194         45         20        156      75911   app.o
       298         38        236        145         64      11008   custom_hid_core.o
      2112         38        512          0          0       7180   des.o
       166          0          0          0          0       2017   dev_eprom.o
      2364        228          0          0        400       3077   dev_msread.o
       186          6          0          0          0        992   dev_timer.o
         6          0          0          4          0       1405   dev_uart.o
      1162         70          0          3          0       7816   dukpt.o
       148         18          0          0          0       1594   gd32f1x0_exti.o
       222         34          0          0          0       3544   gd32f1x0_fmc.o
       224          0          0          0          0       2311   gd32f1x0_gpio.o
       466         36          0         16          0       7175   gd32f1x0_it.o
       180         26          0          0          0       1632   gd32f1x0_misc.o
       108         24          0          0          0       1883   gd32f1x0_rcu.o
        92          6          0          0          0        634   gd32f1x0_syscfg.o
       340         36          0          0          0       4856   gd32f1x0_timer.o
        62          0          0          0          0       1204   gd32f1x0_usart.o
        24          6          0          0          0        487   gd32f1x0_wwdgt.o
        40          8          0          0          0        451   ini.o
      3880        238         16          1       6063      13899   magdecode.o
       676        136          0          0          0       3064   main.o
       120          8          0          0          0       1143   mylib.o
      2778         32         64          0          0       4848   sha1.o
        36          8        360          0        544        748   startup_gd32f1x0.o
       208         26          0          4          0       1715   system_gd32f1x0.o
       148         30          0          8          0      26041   systick.o
       450         46          0         12        300       3888   usb_endp.o
       768         64          0         12          0       8114   usbd_core.o
       704         66          0          0          0       3388   usbd_int.o
        48         12          0          3          0       1488   usbd_pwr.o
      1562         86          0         68          0      13400   usbd_std.o
       540         10          0        193          0       2709   utilities.o

    ----------------------------------------------------------------------
     25920       1558      11548        496       7532     228538   Object Totals
         0          0         32          0          0          0   (incl. Generated)
        40          0          3          7          5          0   (incl. Padding)

    ----------------------------------------------------------------------

      Code (inc. data)   RO Data    RW Data    ZI Data      Debug   Library Member Name

       220         16          0          0          0         84   ceil.o
        92          0          0          0          0          0   __dczerorl2.o
         0          0          0          0          0          0   entry.o
         0          0          0          0          0          0   entry10a.o
         0          0          0          0          0          0   entry11a.o
         8          4          0          0          0          0   entry2.o
         4          0          0          0          0          0   entry5.o
         0          0          0          0          0          0   entry7b.o
         0          0          0          0          0          0   entry8b.o
         8          4          0          0          0          0   entry9a.o
        30          0          0          0          0          0   handlers.o
        36          8          0          0          0         68   init.o
         0          0          0          0          0          0   iusefp.o
        30          0          0          0          0         68   llshl.o
        36          0          0          0          0         68   llsshr.o
        32          0          0          0          0         68   llushr.o
       188         20          0          0          0        160   malloc.o
        26          0          0          0          0         80   memcmp.o
        36          0          0          0          0         68   memcpya.o
        36          0          0          0          0        108   memseta.o
         0          0          0          8          0          0   mvars.o
        36         10          0          4          0        136   rand.o
        14          0          0          0          0         68   strlen.o
        24          0          0          0          0         76   strncpy.o
        36          0          0          0          0         80   strstr.o
        40          2          0          0          0         68   cdrcmple.o
       334          0          0          0          0        148   dadd.o
       190          0          0          0          0        176   depilogue.o
        50          0          0          0          0         76   dfixui.o
        34          0          0          0          0         76   dflti.o
        46          0          0          0          0         80   dscalb.o

    ----------------------------------------------------------------------
      1588         64          0         12          0       1756   Library Totals
         2          0          0          0          0          0   (incl. Padding)

    ----------------------------------------------------------------------

      Code (inc. data)   RO Data    RW Data    ZI Data      Debug   Library Name

       220         16          0          0          0         84   m_ws.l
       672         46          0         12          0       1048   mc_w.l
       694          2          0          0          0        624   mf_w.l

    ----------------------------------------------------------------------
      1588         64          0         12          0       1756   Library Totals

    ----------------------------------------------------------------------

==============================================================================


      Code (inc. data)   RO Data    RW Data    ZI Data      Debug   

     27508       1622      11548        508       7532     219998   Grand Totals
     27508       1622      11548        236       7532     219998   ELF Image Totals (compressed)
     27508       1622      11548        236          0          0   ROM Totals

==============================================================================

    Total RO  Size (Code + RO Data)                39056 (  38.14kB)
    Total RW  Size (RW Data + ZI Data)              8040 (   7.85kB)
    Total ROM Size (Code + RO Data + RW Data)      39292 (  38.37kB)

==============================================================================

